******************************************************************************
            TI ARM Clang Linker PC v3.2.0                      
******************************************************************************
>> Linked Tue Jun 18 16:11:28 2024

OUTPUT FILE NAME:   <genev_gGo_LP_CC2652R7_tirtos7_ticlang.out>
ENTRY POINT SYMBOL: "ResetISR"  address: 000229f1


MEMORY CONFIGURATION

         name            origin    length      used     unused   attr    fill
----------------------  --------  ---------  --------  --------  ----  --------
  FLASH                 00000000   000ae000  00029f69  00084097  R  X
  FLASH_LAST_PAGE       000ae000   00002000  00000058  00001fa8  R  X
  RTOS_SRAM             20000000   0000012c  00000000  0000012c  RW X
  SRAM                  20000fdf   00023021  000044f8  0001eb29  RW X


SEGMENT ALLOCATION MAP

run origin  load origin   length   init length attrs members
----------  ----------- ---------- ----------- ----- -------
00000000    00000000    00025f70   00025f70    r-x
  00000000    00000000    0000003c   0000003c    r-- .resetVecs
  00000040    00000040    00023190   00023190    r-x .text
  000231d0    000231d0    00002489   00002489    r-- .rodata
  0002565c    0002565c    00000914   00000914    r-- .cinit
00048000    00048000    00004000   00000000    rw-
  00048000    00048000    00004000   00000000    rw- .TI.bound:flashBuf0
000affa8    000affa8    00000058   00000058    r--
  000affa8    000affa8    00000058   00000058    r-- .ccfg
20001810    20001810    00000020   00000000    rw-
  20001810    20001810    00000010   00000000    rw- .TI.bound:dmaUart0RxControlTableEntry
  20001820    20001820    00000010   00000000    rw- .TI.bound:dmaUart0TxControlTableEntry
20001900    20001900    00003fd3   00000000    rw-
  20001900    20001900    00001b1b   00000000    rw- .data
  20003420    20003420    000024b3   00000000    rw- .bss
20005900    20005900    000000d8   00000000    rw-
  20005900    20005900    000000d8   00000000    rw- .ramVecs
20023c00    20023c00    00000400   00000000    rw-
  20023c00    20023c00    00000400   00000000    rw- .stack


SECTION ALLOCATION MAP

 output                                  attributes/
section   page    origin      length       input sections
--------  ----  ----------  ----------   ----------------
.resetVecs 
*          0    00000000    0000003c     
                  00000000    0000003c     ti_sysbios_config.o (.resetVecs)

.cinit     0    0002565c    00000914     
                  0002565c    000008be     (.cinit..data.load) [load image, compression = lzss]
                  00025f1a    00000002     --HOLE-- [fill = 0]
                  00025f1c    0000000c     (__TI_handler_table)
                  00025f28    00000008     (.cinit..TI.bound:dmaUart0RxControlTableEntry.load) [load image, compression = zero_init]
                  00025f30    00000008     (.cinit..TI.bound:dmaUart0TxControlTableEntry.load) [load image, compression = zero_init]
                  00025f38    00000008     (.cinit..bss.load) [load image, compression = zero_init]
                  00025f40    00000008     (.cinit..ramVecs.load) [load image, compression = zero_init]
                  00025f48    00000028     (__TI_cinit_table)

.init_array 
*          0    00000000    00000000     UNINITIALIZED

.ccfg      0    000affa8    00000058     
                  000affa8    00000058     ti_devices_config.o (.ccfg)

.data      0    20001900    00001b1b     UNINITIALIZED
                  20001900    00000350     controller_profile.o (.data.ControllerAttrTbl)
                  20001c50    00000190     dashboard_profile.o (.data.DashboardAttrTbl)
                  20001de0    00000174     drivers_cc26x2x7.a : PowerCC26X2.c.obj (.data.PowerCC26X2_module)
                  20001f54    00000164     led_display.o (.data.functionTable)
                  200020b8    00000150     battery_profile.o (.data.BatteryAttrTbl)
                  20002208    000000f4     StackWrapper.a : gapbondmgr.o (.data)
                  200022fc    000000b0     OneLib.a : gapgattserver.o (.data)
                  200023ac    00000090     devinfoservice.o (.data.devInfoAttrTbl)
                  2000243c    00000080     snv_internal.o (.data.UDBuffer)
                  200024bc    00000080     simple_peripheral.o (.data.snv_internal_80)
                  2000253c    0000007e     data_analytics.o (.data..L_MergedGlobals.1)
                  200025ba    0000007e     data_analytics.o (.data..L_MergedGlobals.2)
                  20002638    0000007c     ti_drivers_config.o (.data.gpioPinConfigs)
                  200026b4    00000078     simple_peripheral.o (.data..L_MergedGlobals.10)
                  2000272c    0000006c     OneLib.a : ll_config.o (.data)
                  20002798    00000068     rf_multiMode_cc26x2.a : RFCC26X2_multiMode.c.cc26x2.ticlang.o (.data..L_MergedGlobals.1)
                  20002800    00000068     ti_sysbios_config.o (.data..L_MergedGlobals.71)
                  20002868    00000068     ti_sysbios_config.o (.data..L_MergedGlobals)
                  200028d0    00000068     ti_sysbios_config.o (.data.ti_sysbios_knl_Clock_Module_state)
                  20002938    00000064     rf_multiMode_cc26x2.a : RFCC26X2_multiMode.c.cc26x2.ticlang.o (.data..L_MergedGlobals.3)
                  2000299c    00000058                           : RFCC26X2_multiMode.c.cc26x2.ticlang.o (.data..L_MergedGlobals.2)
                  200029f4    00000058     ti_radio_config.o (.data.pOverrides_bleCommon)
                  20002a4c    00000057     data_analytics.o (.data..L_MergedGlobals)
                  20002aa3    00000001     drivers_cc26x2x7.a : AESCTRCC26XX.c.obj (.data.AESCTR_isInitialized)
                  20002aa4    00000054     devinfoservice.o (.data..L_MergedGlobals)
                  20002af8    00000050     ti_radio_config.o (.data.txPowerTable_2400_pa5)
                  20002b48    00000040     UDHAL_I2C.o (.data..L_MergedGlobals)
                  20002b88    00000040     OneLib.a : gattservapp.o (.data)
                  20002bc8    00000040              : sm_pairing.o (.data)
                  20002c08    0000003c     icall.o (.data..L_MergedGlobals.1)
                  20002c44    0000003c     icall_user_config.o (.data.nvintfFncStruct)
                  20002c80    0000003c     ti_sysbios_config.o (.data.ti_sysbios_knl_Task_Module_state)
                  20002cbc    00000038     drivers_cc26x2x7.a : TRNGCC26XX.c.obj (.data..L_MergedGlobals.1)
                  20002cf4    00000034     controller_profile.o (.data..L_MergedGlobals.1)
                  20002d28    00000030     data_analytics.o (.data..L_MergedGlobals.3)
                  20002d58    00000030     drivers_cc26x2x7.a : TRNGCC26XX.c.obj (.data..L_MergedGlobals)
                  20002d88    00000030     data_analytics.o (.data.ADArray)
                  20002db8    0000002c     UDHAL_UART.o (.data..L_MergedGlobals)
                  20002de4    0000002c     motor_control.o (.data..L_MergedGlobals)
                  20002e10    00000028     nvocmp.o (.data..L_MergedGlobals.1)
                  20002e38    00000024     STM32MCP.o (.data..L_MergedGlobals)
                  20002e5c    00000024     brake_and_throttle.o (.data..L_MergedGlobals)
                  20002e80    00000024     controller_profile.o (.data..L_MergedGlobals)
                  20002ea4    00000024     ble_user_config.o (.data.eccParams_NISTP256)
                  20002ec8    00000024     ti_radio_config.o (.data.pOverrides_ble2Mbps)
                  20002eec    00000020     UDHAL_Timer2.o (.data..L_MergedGlobals)
                  20002f0c    0000001c     UDHAL_Timer3.o (.data..L_MergedGlobals)
                  20002f28    0000001c     simple_peripheral.o (.data..L_MergedGlobals)
                  20002f44    0000001c     veml6030.o (.data..L_MergedGlobals)
                  20002f60    0000001c     ti_ble_config.o (.data.advParams1)
                  20002f7c    00000018     dashboard_profile.o (.data..L_MergedGlobals.1)
                  20002f94    00000018     ALS_control.o (.data..L_MergedGlobals)
                  20002fac    00000018     ti_radio_config.o (.data.pOverrides_ble1Mbps)
                  20002fc4    00000015     ti_ble_config.o (.data.attDeviceName)
                  20002fd9    00000003     UDHAL_GPIO.o (.data..L_MergedGlobals)
                  20002fdc    00000014     battery_profile.o (.data..L_MergedGlobals.1)
                  20002ff0    00000014     general_purpose_timer.o (.data..L_MergedGlobals)
                  20003004    00000014     ti_ble_config.o (.data.scanResData1)
                  20003018    00000014     StackWrapper.a : osal.o (.data)
                  2000302c    00000012     brake_and_throttle.o (.data..L_MergedGlobals.1)
                  2000303e    00000011     battery_profile.o (.data.Battery_Battery_ErrorUserDesp)
                  2000304f    00000011     battery_profile.o (.data.Battery_Battery_LevelUserDesp)
                  20003060    00000011     battery_profile.o (.data.Battery_Battery_StatusUserDesp)
                  20003071    00000011     battery_profile.o (.data.Battery_Battery_TemperatureUserDesp)
                  20003082    00000011     battery_profile.o (.data.Battery_Battery_VoltageUserDesp)
                  20003093    00000011     controller_profile.o (.data.Controller_CurrentUserDesp)
                  200030a4    00000011     controller_profile.o (.data.Controller_Error_CodeUserDesp)
                  200030b5    00000011     controller_profile.o (.data.Controller_Heat_Sink_TemperatureUserDesp)
                  200030c6    00000011     controller_profile.o (.data.Controller_Instant_EconomyUserDesp)
                  200030d7    00000011     controller_profile.o (.data.Controller_Motor_RPMUserDesp)
                  200030e8    00000011     controller_profile.o (.data.Controller_Motor_SpeedUserDesp)
                  200030f9    00000011     controller_profile.o (.data.Controller_Motor_TemperatureUserDesp)
                  2000310a    00000011     controller_profile.o (.data.Controller_Overall_EfficiencyUserDesp)
                  2000311b    00000011     controller_profile.o (.data.Controller_RangeUserDesp)
                  2000312c    00000011     controller_profile.o (.data.Controller_Total_Distance_TravelledUserDesp)
                  2000313d    00000011     controller_profile.o (.data.Controller_Total_Energy_ConsumptionUserDesp)
                  2000314e    00000011     controller_profile.o (.data.Controller_VoltageUserDesp)
                  2000315f    00000011     controller_profile.o (.data.Controller_co2SavedUserDesp)
                  20003170    00000011     dashboard_profile.o (.data.Dashboard_ADCounterUserDesp)
                  20003181    00000011     dashboard_profile.o (.data.Dashboard_Error_CodeUserDesp)
                  20003192    00000011     dashboard_profile.o (.data.Dashboard_Light_ModeUserDesp)
                  200031a3    00000011     dashboard_profile.o (.data.Dashboard_Light_StatusUserDesp)
                  200031b4    00000011     dashboard_profile.o (.data.Dashboard_Power_On_TimeUserDesp)
                  200031c5    00000011     dashboard_profile.o (.data.Dashboard_Speed_ModeUserDesp)
                  200031d6    00000002     STM32MCP.o (.data.STM32MCP_regBusVoltageVal)
                  200031d8    00000010     multi_purpose_button.o (.data..L_MergedGlobals.1)
                  200031e8    00000010     UDHAL_PWM.o (.data..L_MergedGlobals)
                  200031f8    00000010     driverlib.lib : osc.c.obj (.data..L_MergedGlobals)
                  20003208    00000010     icall.o (.data..L_MergedGlobals)
                  20003218    00000010     power_on_time.o (.data..L_MergedGlobals)
                  20003228    00000010     ti_radio_config.o (.data.RF_modeBle)
                  20003238    00000010     UDHAL_UART.o (.data.STM32MCP_uartManager)
                  20003248    00000010     driverlib.lib : osc.c.obj (.data._hposcCoeffs)
                  20003258    00000010     ti_ble_config.o (.data.advData1)
                  20003268    00000010     icall_user_config.o (.data.bleAppServiceInfoTable)
                  20003278    00000010     ti_radio_config.o (.data.pOverrides_bleCoded)
                  20003288    00000010     main.o (.data.user0Cfg)
                  20003298    00000010     OneLib.a : gattservapp.o (.data)
                  200032a8    00000010              : ll_data.o (.data)
                  200032b8    0000000f     ti_ble_config.o (.data..L_MergedGlobals)
                  200032c7    00000001     battery_profile.o (.data.Battery_Battery_Error_CodeProps)
                  200032c8    0000000c     general_purpose_timer.o (.data..L_MergedGlobals.1)
                  200032d4    0000000c     dashboard_profile.o (.data..L_MergedGlobals)
                  200032e0    0000000c     drivers_cc26x2x7.a : NVSCC26XX.c.obj (.data..L_MergedGlobals)
                  200032ec    0000000c     UDHAL_Timer3.o (.data.mpb_timer)
                  200032f8    0000000c     profile_charVal.o (.data.profileCharVal)
                  20003304    0000000c     UDHAL_Timer2.o (.data.timer)
                  20003310    00000009     multi_purpose_button.o (.data..L_MergedGlobals)
                  20003319    00000002     STM32MCP.o (.data.STM32MCP_regFluxReferenceVal)
                  2000331b    00000001     battery_profile.o (.data.Battery_Battery_LevelProps)
                  2000331c    00000008     icall_cc2650.o (.data..L_MergedGlobals)
                  20003324    00000008     rf_multiMode_cc26x2.a : RFCC26X2_multiMode.c.cc26x2.ticlang.o (.data..L_MergedGlobals)
                  2000332c    00000008                           : RFCC26X2_multiMode.c.cc26x2.ticlang.o (.data.RFCC26XX_schedulerPolicy)
                  20003334    00000008     ti_sysbios_config.o (.data.ti_sysbios_gates_GateMutexPri_Module_state)
                  2000333c    00000008     ti_sysbios_config.o (.data.ti_sysbios_heaps_HeapCallback_Module_state)
                  20003344    00000008     ti_sysbios_config.o (.data.ti_sysbios_knl_Event_state)
                  2000334c    00000008     ti_sysbios_config.o (.data.ti_sysbios_knl_Semaphore_Module_state)
                  20003354    00000008     OneLib.a : gapgattserver.o (.data)
                  2000335c    00000008     StackWrapper.a : gapbondmgr.o (.data)
                  20003364    00000006     battery_profile.o (.data..L_MergedGlobals)
                  2000336a    00000006     buzzer.o (.data..L_MergedGlobals)
                  20003370    00000006     ti_ble_config.o (.data.pRandomAddress)
                  20003376    00000006     simple_peripheral.o (.data.rpa)
                  2000337c    00000005     lights.o (.data..L_MergedGlobals)
                  20003381    00000001     battery_profile.o (.data.Battery_Battery_StatusProps)
                  20003382    00000004     periodic_communication.o (.data..L_MergedGlobals)
                  20003386    00000002     STM32MCP.o (.data.STM32MCP_regHeatSinkTemperatureVal)
                  20003388    00000004     icall.o (.data.ICall_dispatcher)
                  2000338c    00000004     drivers_cc26x2x7.a : PowerCC26X2.c.obj (.data.PowerCC26X2_rtcSubSecInc)
                  20003390    00000004     rf_multiMode_cc26x2.a : RFCC26X2_multiMode.c.cc26x2.ticlang.o (.data.RF_fsmActiveState.lfClockSourceLast)
                  20003394    00000004     STM32MCP.o (.data.STM32MCP_regFlagsVal)
                  20003398    00000004     STM32MCP.o (.data.STM32MCP_regSpeedMeasuredVal)
                  2000339c    00000004     libc.a : aeabi_portable.c.obj (.data.__aeabi_errno)
                  200033a0    00000004            : _lock.c.obj (.data._lock)
                  200033a4    00000004            : _lock.c.obj (.data._unlock)
                  200033a8    00000004     ble_user_config.o (.data.appAssertCback)
                  200033ac    00000004     ble_user_config_stack.o (.data.icallServiceTblPtr)
                  200033b0    00000004     dashboard_profile.o (.data.pAppCBs)
                  200033b4    00000004     icall_api_lite.o (.data.pRfErrCb)
                  200033b8    00000004     icall_api_lite.o (.data.pfnBMAlloc)
                  200033bc    00000004     icall_api_lite.o (.data.pfnBMFree)
                  200033c0    00000004     OneLib.a : ll_slave_end_causes.o (.data)
                  200033c4    00000004     StackWrapper.a : hal_assert.o (.data)
                  200033c8    00000002     STM32MCP.o (.data.STM32MCP_regMotorPowerVal)
                  200033ca    00000002     STM32MCP.o (.data.STM32MCP_regSpeedKP)
                  200033cc    00000002     STM32MCP.o (.data.STM32MCP_regTorqueReferenceVal)
                  200033ce    00000002     drivers_cc26x2x7.a : ADCCC26XX.c.obj (.data.adcInstance)
                  200033d0    00000002     ble_user_config.o (.data.bleUserCfg_maxPduSize)
                  200033d2    00000002     periodic_communication.o (.data.xrpm)
                  200033d4    00000002     OneLib.a : ll.o (.data)
                  200033d6    00000002              : ll_config.o (.data)
                  200033d8    00000002     StackWrapper.a : osal_cbtimer.o (.data)
                  200033da    00000001     battery_profile.o (.data.Battery_Battery_TemperatureProps)
                  200033db    00000001     battery_profile.o (.data.Battery_Battery_VoltageProps)
                  200033dc    00000001     controller_profile.o (.data.Controller_CurrentProps)
                  200033dd    00000001     controller_profile.o (.data.Controller_Error_CodeProps)
                  200033de    00000001     controller_profile.o (.data.Controller_Heat_Sink_TemperatureProps)
                  200033df    00000001     controller_profile.o (.data.Controller_Instant_EconomyProps)
                  200033e0    00000001     controller_profile.o (.data.Controller_Motor_RPM_Props)
                  200033e1    00000001     controller_profile.o (.data.Controller_Motor_SpeedProps)
                  200033e2    00000001     controller_profile.o (.data.Controller_Motor_TemperatureProps)
                  200033e3    00000001     controller_profile.o (.data.Controller_Overall_EfficiencyProps)
                  200033e4    00000001     controller_profile.o (.data.Controller_RangeProps)
                  200033e5    00000001     controller_profile.o (.data.Controller_Total_Distance_TravelledProps)
                  200033e6    00000001     controller_profile.o (.data.Controller_Total_Energy_ConsumptionProps)
                  200033e7    00000001     controller_profile.o (.data.Controller_VoltageProps)
                  200033e8    00000001     controller_profile.o (.data.Controller_co2SavedProps)
                  200033e9    00000001     dashboard_profile.o (.data.Dashboard_ADCounterProps)
                  200033ea    00000001     dashboard_profile.o (.data.Dashboard_Error_CodeProps)
                  200033eb    00000001     dashboard_profile.o (.data.Dashboard_Light_ModeProps)
                  200033ec    00000001     dashboard_profile.o (.data.Dashboard_Light_StatusProps)
                  200033ed    00000001     dashboard_profile.o (.data.Dashboard_Power_On_TimeProps)
                  200033ee    00000001     dashboard_profile.o (.data.Dashboard_Speed_ModeProps)
                  200033ef    00000001     nvocmp.o (.data.NVOCMP_failF)
                  200033f0    00000001     drivers_cc26x2x7.a : PKAResourceCC26XX.c.obj (.data.PKAResourceCC26XX_pollingFlag)
                  200033f1    00000001     STM32MCP.o (.data.STM32MCP_regControlModeVal)
                  200033f2    00000001     STM32MCP.o (.data.STM32MCP_regStatusVal)
                  200033f3    00000001     STM32MCP.o (.data.STM32MCP_regTargetMotorVal)
                  200033f4    00000001     UDHAL_ADC.o (.data.adc_brake_status)
                  200033f5    00000001     UDHAL_ADC.o (.data.adc_convert_status)
                  200033f6    00000001     UDHAL_ADC.o (.data.adc_throttle_status)
                  200033f7    00000001     rf_multiMode_cc26x2.a : rf_patch_cpe_bt5.c.cc26x2.ticlang.o (.data.bBt5PatchEntered)
                  200033f8    00000001     buzzer.o (.data.buzzerStart)
                  200033f9    00000001     devinfoservice.o (.data.devInfoFirmwareRevProps)
                  200033fa    00000001     devinfoservice.o (.data.devInfoMfrNameProps)
                  200033fb    00000001     devinfoservice.o (.data.devInfoModelNumberProps)
                  200033fc    00000001     devinfoservice.o (.data.devInfoSerialNumberProps)
                  200033fd    00000001     UDHAL_Timer2.o (.data.heartbeat)
                  200033fe    00000001     drivers_cc26x2x7.a : GPIOCC26X2.c.obj (.data.initCalled)
                  200033ff    00000001                        : ADC.c.obj (.data.isInitialized)
                  20003400    00000001                        : AESCCMCC26XX.c.obj (.data.isInitialized)
                  20003401    00000001                        : AESCTRDRBGXX.c.obj (.data.isInitialized)
                  20003402    00000001                        : AESECBCC26XX.c.obj (.data.isInitialized)
                  20003403    00000001                        : CryptoResourceCC26XX.c.obj (.data.isInitialized)
                  20003404    00000001                        : ECDHCC26X2.c.obj (.data.isInitialized)
                  20003405    00000001                        : NVS.c.obj (.data.isInitialized)
                  20003406    00000001                        : PKAResourceCC26XX.c.obj (.data.isInitialized)
                  20003407    00000001                        : PWM.c.obj (.data.isInitialized)
                  20003408    00000001     STM32MCP.o (.data.retransmissionCount)
                  20003409    00000001     UDHAL_Timer3.o (.data.timer3_count)
                  2000340a    00000001     UDHAL_UART.o (.data.uartOpenStatus)
                  2000340b    00000001     OneLib.a : gapgattserver.o (.data)
                  2000340c    00000001              : gapgattserver.o (.data)
                  2000340d    00000001              : gapgattserver.o (.data)
                  2000340e    00000001              : gapgattserver.o (.data)
                  2000340f    00000001              : gapgattserver.o (.data)
                  20003410    00000001              : gapgattserver.o (.data)
                  20003411    00000001              : gattservapp.o (.data)
                  20003412    00000001              : gattservapp.o (.data)
                  20003413    00000001              : ll.o (.data)
                  20003414    00000001              : ll_ae.o (.data)
                  20003415    00000001              : ll_data.o (.data)
                  20003416    00000001              : ll_scheduler.o (.data)
                  20003417    00000001              : sm_task.o (.data)
                  20003418    00000001     StackWrapper.a : gap.o (.data)
                  20003419    00000001                    : gap.o (.data)
                  2000341a    00000001                    : hal_assert.o (.data)

.bss       0    20003420    000024b3     UNINITIALIZED
                  20003420    00000400     (.common:gptTaskStack)
                  20003820    00000400     (.common:spTaskStack)
                  20003c20    00000300     (.common:ti_sysbios_knl_Idle_taskStack)
                  20003f20    000002c0     rf_multiMode_cc26x2.a : RFCC26X2_multiMode.c.cc26x2.ticlang.o (.bss.RF_cmdPool)
                  200041e0    00000200     (.common:mpbTaskStack)
                  200043e0    00000200     (.common:potTaskStack)
                  200045e0    00000170     (.common:uart2CC26X2Objects)
                  20004750    00000140     (.common:i2cCC26xxObjects)
                  20004890    00000100     OneLib.a : ll.o (.bss)
                  20004990    000000d8     (.common:ti_sysbios_family_arm_m3_Hwi_dispatchTable)
                  20004a68    000000a4     (.common:aesctrdrbgXXObjects)
                  20004b0c    00000098     (.common:gptimerCC26XXObjects)
                  20004ba4    00000084     (.common:trngCC26XXObjects)
                  20004c28    0000007c     (.common:gpioCallbackFunctions)
                  20004ca4    0000007c     (.common:gpioUserArgs)
                  20004d20    00000078     StackWrapper.a : osal_cbtimer.o (.bss)
                  20004d98    00000068     rf_multiMode_cc26x2.a : RFCC26X2_multiMode.c.cc26x2.ticlang.o (.bss.RF_ratModule)
                  20004e00    00000060     (.common:ti_sysbios_knl_ClockSupport_timerStruct)
                  20004e60    00000058     (.common:gptTask)
                  20004eb8    00000058     (.common:mpbTask)
                  20004f10    00000058     (.common:potTask)
                  20004f68    00000058     (.common:spTask)
                  20004fc0    00000058     (.common:ti_sysbios_knl_Idle_taskStruct)
                  20005018    00000050     drivers_cc26x2x7.a : ADCCC26XX.c.obj (.bss.adcSemaphore)
                  20005068    00000050     (.common:CryptoResourceCC26XX_accessSemaphore)
                  200050b8    00000050     (.common:CryptoResourceCC26XX_operationSemaphore)
                  20005108    00000050     (.common:PKAResourceCC26XX_accessSemaphore)
                  20005158    00000050     (.common:PKAResourceCC26XX_operationSemaphore)
                  200051a8    00000048     icall.o (.bss.ICall_entities)
                  200051f0    00000044     rf_multiMode_cc26x2.a : RFCC26X2_multiMode.c.cc26x2.ticlang.o (.bss.RF_clkInactivityObj)
                  20005234    00000044                           : RFCC26X2_multiMode.c.cc26x2.ticlang.o (.bss.RF_clkPowerUpObj)
                  20005278    00000040     (.common:pwmTimerCC26XXObjects)
                  200052b8    0000003c                           : RFCC26X2_multiMode.c.cc26x2.ticlang.o (.bss.RF_swiHwObj)
                  200052f4    0000003c     StackWrapper.a : osal_snv_wrapper.o (.bss)
                  20005330    00000034     (.common:CCVArray)
                  20005364    00000030     (.common:ti_sysbios_knl_Swi_readyQs)
                  20005394    00000030     (.common:ti_sysbios_knl_Task_readyQs)
                  200053c4    0000002e     (.common:NVOCMP_nvHandle)
                  200053f2    00000002     OneLib.a : gapgattserver.o (.bss)
                  200053f4    00000028     (.common:aesecbCC26XXObjects)
                  2000541c    00000024     simple_peripheral.o (.bss.clkRpaRead)
                  20005440    00000024     ti_sysbios_config.o (.bss.clockStruct)
                  20005464    00000024     OneLib.a : ll.o (.bss)
                  20005488    00000020     ti_drivers_config.o (.bss.uart2RxRingBuffer0)
                  200054a8    00000020     ti_drivers_config.o (.bss.uart2TxRingBuffer0)
                  200054c8    00000020     OneLib.a : gattservapp.o (.bss)
                  200054e8    00000020     StackWrapper.a : gapbondmgr.o (.bss)
                  20005508    00000020                    : gapbondmgr.o (.bss)
                  20005528    00000020     (.common:ecdhCC26X2Objects)
                  20005548    00000020     (.common:ti_sysbios_runtime_System_atexitHandlers)
                  20005568    00000020     (.common:udmaCC26XXObject)
                  20005588    0000001c     drivers_cc26x2x7.a : GPIOCC26X2.c.obj (.bss.gpioHwi)
                  200055a4    0000001c     (.common:BIOS_heapCallbackObject)
                  200055c0    0000001c     (.common:BIOS_rtsGate)
                  200055dc    0000001c     (.common:CryptoResourceCC26XX_hwi)
                  200055f8    0000001c     (.common:PKAResourceCC26XX_hwi)
                  20005614    00000018     OneLib.a : gapgattserver.o (.bss)
                  2000562c    00000018     (.common:DCVArray)
                  20005644    00000018     (.common:aesccmCC26XXObjects)
                  2000565c    00000018     (.common:params_buzzer)
                  20005674    00000018     (.common:params_headlight)
                  2000568c    00000014     drivers_cc26x2x7.a : Random.c.obj (.bss.state)
                  200056a0    00000014     (.common:BCVArray)
                  200056b4    00000014     (.common:ti_sysbios_hal_Seconds_Module_state)
                  200056c8    00000010     (.common:i2cParams)
                  200056d8    0000000c     OneLib.a : ll.o (.bss)
                  200056e4    0000000c              : ll.o (.bss)
                  200056f0    0000000c              : ll_scheduler.o (.bss)
                  200056fc    00000008              : ll.o (.bss)
                  20005704    00000008              : ll.o (.bss)
                  2000570c    00000008              : ll_ae.o (.bss)
                  20005714    00000008     StackWrapper.a : gapbondmgr.o (.bss)
                  2000571c    00000008     (.common:params_brake)
                  20005724    00000008     (.common:params_throttle)
                  2000572c    00000006     (.common:RPM_array)
                  20005732    00000006     (.common:throttleADCSamples)
                  20005738    00000005     (.common:UDHAL_sysFatalError)
                  2000573d    00000003     (.common:writeBuffer)
                  20005740    00000004     led_display.o (.bss.led_display_ledDisplayManager)
                  20005744    00000004     snv_internal.o (.bss.ptrReadBuffer)
                  20005748    00000004     buzzer.o (.bss.ptr_buzzer_buzzerStatus)
                  2000574c    00000004     lights.o (.bss.ptr_charVal)
                  20005750    00000004     drivers_cc26x2x7.a : ECDHCC26X2.c.obj (.bss.resultPKAMemAddr)
                  20005754    00000004     multi_purpose_button.o (.bss.timerPeriod)
                  20005758    00000004     veml6030.o (.bss.veml6030_ALSManager)
                  2000575c    00000004     OneLib.a : gapgattserver.o (.bss)
                  20005760    00000004              : gatt_client.o (.bss)
                  20005764    00000004              : gattservapp.o (.bss)
                  20005768    00000004              : linkdb.o (.bss)
                  2000576c    00000004              : linkdb.o (.bss)
                  20005770    00000004              : ll.o (.bss)
                  20005774    00000004              : ll.o (.bss)
                  20005778    00000004              : ll.o (.bss)
                  2000577c    00000004              : ll.o (.bss)
                  20005780    00000004              : ll.o (.bss)
                  20005784    00000004              : ll_ae.o (.bss)
                  20005788    00000004              : ll_common.o (.bss)
                  2000578c    00000004              : ll_enc.o (.bss)
                  20005790    00000004              : ll_privacy.o (.bss)
                  20005794    00000004              : ll_scheduler.o (.bss)
                  20005798    00000004     StackWrapper.a : gapbondmgr.o (.bss)
                  2000579c    00000004                    : gapbondmgr.o (.bss)
                  200057a0    00000004                    : osal.o (.bss)
                  200057a4    00000004                    : osal.o (.bss)
                  200057a8    00000004                    : osal.o (.bss)
                  200057ac    00000004                    : osal.o (.bss)
                  200057b0    00000004                    : osal.o (.bss)
                  200057b4    00000004                    : osal.o (.bss)
                  200057b8    00000004                    : osal_bufmgr.o (.bss)
                  200057bc    00000004                    : osal_bufmgr.o (.bss)
                  200057c0    00000004                    : osal_clock.o (.bss)
                  200057c4    00000004                    : osal_clock.o (.bss)
                  200057c8    00000004                    : osal_timers.o (.bss)
                  200057cc    00000004                    : osal_timers.o (.bss)
                  200057d0    00000004                    : osal_timers.o (.bss)
                  200057d4    00000004     (.common:HEAPMGR_SIZE)
                  200057d8    00000004     (.common:PowerCC26XX_swiKey)
                  200057dc    00000004     (.common:PowerCC26XX_taskKey)
                  200057e0    00000004     (.common:adcCC26xxObjects)
                  200057e4    00000004     (.common:adcValues)
                  200057e8    00000004     (.common:adc_brake)
                  200057ec    00000004     (.common:adc_throttle)
                  200057f0    00000004     (.common:co2Saved_g)
                  200057f4    00000004     (.common:dIQ)
                  200057f8    00000004     (.common:deltaMileage_dm)
                  200057fc    00000004     (.common:deltaPowerConsumption_mWh)
                  20005800    00000004     (.common:drpm)
                  20005804    00000004     (.common:drpmdIQ)
                  20005808    00000004     (.common:mpb_timerManager)
                  2000580c    00000004     (.common:ptr_MCUDArray)
                  20005810    00000004     (.common:ptr_adcValues)
                  20005814    00000004     (.common:ptr_bat_MCUDArray)
                  20005818    00000004     (.common:ptr_bat_STM32MCPDArray)
                  2000581c    00000004     (.common:ptr_bat_profileCharVal)
                  20005820    00000004     (.common:ptr_buzzer_errorPriority)
                  20005824    00000004     (.common:ptr_da_profileCharVal)
                  20005828    00000004     (.common:ptr_gpt_advertiseFlag)
                  2000582c    00000004     (.common:ptr_gpt_opcode)
                  20005830    00000004     (.common:ptr_led_advertiseFlag)
                  20005834    00000004     (.common:ptr_led_opcode)
                  20005838    00000004     (.common:ptr_lights_STM32MCPDArray)
                  2000583c    00000004     (.common:ptr_lights_flagb)
                  20005840    00000004     (.common:ptr_lights_profileCharVal)
                  20005844    00000004     (.common:ptr_pc_MCUDArray)
                  20005848    00000004     (.common:ptr_pot_charVal)
                  2000584c    00000004     (.common:ptr_pot_initComplete_flag)
                  20005850    00000004     (.common:ptr_pot_powerOn)
                  20005854    00000004     (.common:ptr_pot_profileCharVal)
                  20005858    00000004     (.common:ptr_sp_profileCharVal)
                  2000585c    00000004     (.common:pwmBUZduty)
                  20005860    00000004     (.common:pwmHLduty)
                  20005864    00000004     (.common:resetUDDataCounter)
                  20005868    00000004     (.common:resolution)
                  2000586c    00000004     (.common:tasksEvents)
                  20005870    00000004     (.common:ti_sysbios_family_arm_cc26xx_TimestampProvider_Module_state)
                  20005874    00000004     (.common:ti_sysbios_knl_Task_defaultStackHeap)
                  20005878    00000002     OneLib.a : ll.o (.bss)
                  2000587a    00000002              : ll_slave_end_causes.o (.bss)
                  2000587c    00000002     StackWrapper.a : osal_pwrmgr.o (.bss)
                  2000587e    00000002     (.common:Hightreshold)
                  20005880    00000002     (.common:IQ_input)
                  20005882    00000002     (.common:Lowtreshold)
                  20005884    00000002     (.common:RPM_prev)
                  20005886    00000002     (.common:RPM_temp)
                  20005888    00000002     (.common:allowableRPM)
                  2000588a    00000002     (.common:brakePercent)
                  2000588c    00000002     (.common:rawSpeed_100kph)
                  2000588e    00000002     (.common:readBuffer)
                  20005890    00000002     (.common:throttlePercent)
                  20005892    00000001     data_analytics.o (.bss.batteryStatus)
                  20005893    00000001     OneLib.a : gap_scanner.o (.bss)
                  20005894    00000001              : gapgattserver.o (.bss)
                  20005895    00000001              : gattservapp.o (.bss)
                  20005896    00000001              : hci_tl.o (.bss)
                  20005897    00000001              : hci_tl.o (.bss)
                  20005898    00000001              : hci_tl.o (.bss)
                  20005899    00000001              : hci_tl.o (.bss)
                  2000589a    00000001              : hci_tl.o (.bss)
                  2000589b    00000001              : hci_tl.o (.bss)
                  2000589c    00000001              : ll.o (.bss)
                  2000589d    00000001              : ll.o (.bss)
                  2000589e    00000001              : ll.o (.bss)
                  2000589f    00000001              : ll.o (.bss)
                  200058a0    00000001              : ll_ae.o (.bss)
                  200058a1    00000001              : ll_config.o (.bss)
                  200058a2    00000001              : ll_config.o (.bss)
                  200058a3    00000001              : ll_enc.o (.bss)
                  200058a4    00000001              : ll_isr.o (.bss)
                  200058a5    00000001              : sm_task.o (.bss)
                  200058a6    00000001     StackWrapper.a : ble_dispatch_lite.o (.bss)
                  200058a7    00000001                    : gapbondmgr.o (.bss)
                  200058a8    00000001                    : gapbondmgr.o (.bss)
                  200058a9    00000001                    : hal_assert.o (.bss)
                  200058aa    00000001                    : osal.o (.bss)
                  200058ab    00000001                    : osal_pwrmgr.o (.bss)
                  200058ac    00000001     (.common:BLE_flash_status)
                  200058ad    00000001     (.common:NVOCMP_size)
                  200058ae    00000001     (.common:N_data_analytics)
                  200058af    00000001     (.common:battery_bar1_status)
                  200058b0    00000001     (.common:check_enableStatus)
                  200058b1    00000001     (.common:controller_error_code)
                  200058b2    00000001     (.common:dashSpeed)
                  200058b3    00000001     (.common:gAction)
                  200058b4    00000001     (.common:ledBLESelect_old)
                  200058b5    00000001     (.common:ledBLEStatus)
                  200058b6    00000001     (.common:ledBatteryStatus)
                  200058b7    00000001     (.common:ledBatteryStatus_old)
                  200058b8    00000001     (.common:ledBrightness)
                  200058b9    00000001     (.common:ledBrightness_old)
                  200058ba    00000001     (.common:ledLightMode)
                  200058bb    00000001     (.common:ledLightMode_old)
                  200058bc    00000001     (.common:ledLightStatus)
                  200058bd    00000001     (.common:ledLightStatus_old)
                  200058be    00000001     (.common:ledPower_old)
                  200058bf    00000001     (.common:ledSetpower)
                  200058c0    00000001     (.common:ledSpeed)
                  200058c1    00000001     (.common:ledSpeedMode)
                  200058c2    00000001     (.common:ledSpeedModeSelect_old)
                  200058c3    00000001     (.common:ledSpeed_old)
                  200058c4    00000001     (.common:ledUnitSelectDash)
                  200058c5    00000001     (.common:ledUnitSelect_old)
                  200058c6    00000001     (.common:led_controlLaw)
                  200058c7    00000001     (.common:led_controlLaw_ledStatus)
                  200058c8    00000001     (.common:led_controlLaw_old)
                  200058c9    00000001     (.common:led_display_i2cTransferStatus)
                  200058ca    00000001     (.common:led_error_code_old)
                  200058cb    00000001     (.common:led_error_priority)
                  200058cc    00000001     (.common:light_mode)
                  200058cd    00000001     (.common:light_mode_Index)
                  200058ce    00000001     (.common:nvsCC26XXObjects)
                  200058cf    00000001     (.common:pwm_openStatus)
                  200058d0    00000001     (.common:sp_i2cOpenStatus)
                  200058d1    00000001     (.common:tempIndex)
                  200058d2    00000001     (.common:veml6030_i2cTransferStatus)

.vtable    0    200058d3    00000000     UNINITIALIZED

.vtable_ram 
*          0    200058d3    00000000     UNINITIALIZED

vtable_ram 
*          0    200058d3    00000000     UNINITIALIZED

.sysmem    0    200058d3    00000000     UNINITIALIZED

.nonretenvar 
*          0    200058d3    00000000     UNINITIALIZED

.ramVecs   0    20005900    000000d8     UNINITIALIZED
                  20005900    000000d8     ti_sysbios_config.o (.ramVecs)

.stack     0    20023c00    00000400     UNINITIALIZED
                  20023c00    00000004     sysbios.a : boot_cortex_m.c.obj (.stack)
                  20023c04    000003fc     --HOLE--

.TI.bound:flashBuf0 
*          0    00048000    00004000     UNINITIALIZED
                  00048000    00004000     ti_drivers_config.o (.TI.bound:flashBuf0)

.TI.bound:dmaUart0RxControlTableEntry 
*          0    20001810    00000010     UNINITIALIZED
                  20001810    00000010     ti_drivers_config.o (.TI.bound:dmaUart0RxControlTableEntry)

.TI.bound:dmaUart0TxControlTableEntry 
*          0    20001820    00000010     UNINITIALIZED
                  20001820    00000010     ti_drivers_config.o (.TI.bound:dmaUart0TxControlTableEntry)

.text      0    00000040    00023190     
                  00000040    00000b40     StackWrapper.a : gapbondmgr.o (.text)
                  00000b80    00000a8c     libc.a : e_pow.c.obj (.text.pow)
                  0000160c    00000a24     simple_peripheral.o (.text.SimplePeripheral_taskFxn)
                  00002030    0000074c     OneLib.a : ll_adv_end_causes.o (.text)
                  0000277c    00000004     drivers_cc26x2x7.a : AESCTRDRBGXX.c.obj (.text.AESCTRDRBG_getBytes)
                  00002780    00000724     libc.a : k_rem_pio2.c.obj (.text.__kernel_rem_pio2)
                  00002ea4    000006f4     StackWrapper.a : gapbondmgr.o (.text)
                  00003598    00000528     libc.a : s_sin.c.obj (.text.sin)
                  00003ac0    00000510     OneLib.a : ble.o (.text)
                  00003fd0    000004ec              : ll_ae.o (.text)
                  000044bc    00000004     drivers_cc26x2x7.a : AESCTRCC26XX.c.obj (.text.AESCTR_releaseLock)
                  000044c0    000004ac     brake_and_throttle.o (.text.brake_and_throttle_ADC_conversion)
                  0000496c    00000498     OneLib.a : ll_isr.o (.text)
                  00004e04    00000490     rf_multiMode_cc26x2.a : RFCC26X2_multiMode.c.cc26x2.ticlang.o (.text.RF_fsmActiveState)
                  00005294    00000458     OneLib.a : ll.o (.text)
                  000056ec    00000458              : ll_slave_end_causes.o (.text)
                  00005b44    00000424              : ll_scheduler.o (.text)
                  00005f68    00000408              : ll_slave_end_causes.o (.text)
                  00006370    000003a4              : ll_scheduler.o (.text)
                  00006714    00000342              : ll_ae.o (.text)
                  00006a56    00000002     ti_sysbios_config.o (.text.BIOS_nullFunc)
                  00006a58    00000338     OneLib.a : ll_ae.o (.text)
                  00006d90    000002b0     StackWrapper.a : gapbondmgr.o (.text)
                  00007040    000002ac     OneLib.a : ll.o (.text)
                  000072ec    000002a8     nvocmp.o (.text.NVOCMP_initNvApi)
                  00007594    000002a8     rf_multiMode_cc26x2.a : RFCC26X2_multiMode.c.cc26x2.ticlang.o (.text.RF_open)
                  0000783c    00000284     nvocmp.o (.text.NVOCMP_compactPage)
                  00007ac0    00000284     OneLib.a : ll_common.o (.text)
                  00007d44    00000274              : ll_ae.o (.text)
                  00007fb8    00000268              : ll_isr.o (.text)
                  00008220    0000025c     StackWrapper.a : gapbondmgr.o (.text)
                  0000847c    00000250     OneLib.a : ll_isr.o (.text)
                  000086cc    0000024c     nvocmp.o (.text.NVOCMP_addItem)
                  00008918    00000234     OneLib.a : ll_data.o (.text)
                  00008b4c    00000220     drivers_cc26x2x7.a : ECDHCC26X2.c.obj (.text.ECDHCC26X2_hwiFxn)
                  00008d6c    00000214     data_analytics.o (.text.data_analytics)
                  00008f80    00000204     icall.o (.text.ICall_waitMatch)
                  00009184    00000204     OneLib.a : gattservapp.o (.text)
                  00009388    000001f4              : ll.o (.text)
                  0000957c    000001f0     drivers_cc26x2x7.a : UART2CC26X2.c.obj (.text.UART2CC26X2_hwiIntFxn)
                  0000976c    000001f0     data_analytics.o (.text.data_analytics_init)
                  0000995c    000001e8     rf_multiMode_cc26x2.a : RFCC26X2_multiMode.c.cc26x2.ticlang.o (.text.RF_scheduleCmd)
                  00009b44    000001e0     StackWrapper.a : osal.o (.text)
                  00009d24    000001dc     rf_multiMode_cc26x2.a : RFCC26X2_multiMode.c.cc26x2.ticlang.o (.text.RF_dispatchNextCmd)
                  00009f00    000001d4     drivers_cc26x2x7.a : UART2.c.obj (.text.UART2_readTimeout)
                  0000a0d4    000001bc     ble_user_config_stack.o (.text.setBleUserConfig)
                  0000a290    000001bc     OneLib.a : ll_scheduler.o (.text)
                  0000a44c    000001b6     libclang_rt.builtins.a : adddf3.S.obj (.text.adddf3_subdf3)
                  0000a602    00000002     ti_drivers_config.o (.text.Board_initHook)
                  0000a604    000001b0     data_analytics.o (.text.data_analytics_Main)
                  0000a7b4    000001a4     OneLib.a : ll_isr.o (.text)
                  0000a958    000001a0     drivers_cc26x2x7.a : AESECBCC26XX.c.obj (.text.AESECB_addDataInternal)
                  0000aaf8    00000198     OneLib.a : ll_common.o (.text)
                  0000ac90    00000194     drivers_cc26x2x7.a : PowerCC26X2_calibrateRCOSC.c.obj (.text.PowerCC26X2_auxISR)
                  0000ae24    0000018c                        : UART2CC26X2.c.obj (.text.UART2_open)
                  0000afb0    0000018c     OneLib.a : gap_task.o (.text)
                  0000b13c    00000188     drivers_cc26x2x7.a : AESCCMCC26XX.c.obj (.text.AESCCM_startOperation)
                  0000b2c4    00000188     OneLib.a : ll_ae.o (.text)
                  0000b44c    0000017c     drivers_cc26x2x7.a : ECDHCC26X2.c.obj (.text.ECDH_computeSharedSecret)
                  0000b5c8    00000178     OneLib.a : gattservapp.o (.text)
                  0000b740    00000174     drivers_cc26x2x7.a : UART2.c.obj (.text.UART2_writeTimeoutBlocking)
                  0000b8b4    00000004     ti_sysbios_config.o (.text.ClockP_destruct)
                  0000b8b8    00000174     periodic_communication.o (.text.periodic_communication_MCUSampling)
                  0000ba2c    00000174     OneLib.a : ll_scheduler.o (.text)
                  0000bba0    00000170     libc.a : k_sin.c.obj (.text.__kernel_sin)
                  0000bd10    0000016c     OneLib.a : ll_ae.o (.text)
                  0000be7c    00000004     ti_sysbios_config.o (.text.ClockP_getSystemTickPeriod)
                  0000be80    00000168     libc.a : k_cos.c.obj (.text.__kernel_cos)
                  0000bfe8    00000168            : e_sqrt.c.obj (.text.sqrt)
                  0000c150    00000164     veml6030.o (.text.veml6030_calculateLux)
                  0000c2b4    00000158     drivers_cc26x2x7.a : AESCTRCC26XX.c.obj (.text.AESCTR_processData)
                  0000c40c    00000158                        : PowerCC26X2.c.obj (.text.Power_sleep)
                  0000c564    00000150     OneLib.a : ll_ae.o (.text)
                  0000c6b4    00000150              : ll_isr.o (.text)
                  0000c804    0000014c     rf_multiMode_cc26x2.a : RFCC26X2_multiMode.c.cc26x2.ticlang.o (.text.RF_radioOpDoneCb)
                  0000c950    00000144     StackWrapper.a : osal.o (.text)
                  0000ca94    00000140     OneLib.a : gattservapp.o (.text)
                  0000cbd4    00000140     StackWrapper.a : gap.o (.text)
                  0000cd14    0000013c     drivers_cc26x2x7.a : I2CCC26XX.c.obj (.text.I2C_open)
                  0000ce50    00000138     rf_multiMode_cc26x2.a : RFCC26X2_multiMode.c.cc26x2.ticlang.o (.text.RF_abortCmd)
                  0000cf88    00000136     libclang_rt.builtins.a : divdf3.S.obj (.text.__divdf3)
                  0000d0be    00000002     ble_user_config.o (.text.DefaultAssertCback)
                  0000d0c0    00000134     controller_profile.o (.text.Controller_SetParameter)
                  0000d1f4    00000134     rf_multiMode_cc26x2.a : RFCC26X2_multiMode.c.cc26x2.ticlang.o (.text.RF_ratSetupChannel)
                  0000d328    00000130     OneLib.a : l2cap_util.o (.text)
                  0000d458    0000012c     rf_multiMode_cc26x2.a : RFCC26X2_multiMode.c.cc26x2.ticlang.o (.text.RF_close)
                  0000d584    0000012c     drivers_cc26x2x7.a : TRNGCC26XX.c.obj (.text.TRNGCC26XX_hwiFxn)
                  0000d6b0    00000128     OneLib.a : ll_isr.o (.text)
                  0000d7d8    00000126     drivers_cc26x2x7.a : I2C.c.obj (.text.I2C_transferTimeout)
                  0000d8fe    00000002                        : I2C.c.obj (.text.I2C_init)
                  0000d900    00000124     rf_multiMode_cc26x2.a : RFCC26X2_multiMode.c.cc26x2.ticlang.o (.text.RF_fsmSetupState)
                  0000da24    00000120     nvocmp.o (.text.NVOCMP_findItem)
                  0000db44    00000004     ti_sysbios_config.o (.text.ClockP_getTimeout)
                  0000db48    00000120     libc.a : s_floor.c.obj (.text.floor)
                  0000dc68    00000120     ti_sysbios_config.o (.text.ti_sysbios_family_arm_cc26xx_Timer_construct)
                  0000dd88    00000120     OneLib.a : ll_data.o (.text)
                  0000dea8    0000011c     sysbios.a : Hwi_asm_gcc.s.obj (.text.ti_sysbios_family_arm_m3_Hwi_dispatch)
                  0000dfc4    00000118     drivers_cc26x2x7.a : PowerCC26X2.c.obj (.text.Power_init)
                  0000e0dc    00000118     rf_multiMode_cc26x2.a : RFCC26X2_multiMode.c.cc26x2.ticlang.o (.text.RF_decodeOverridePointers)
                  0000e1f4    00000118     STM32MCP.o (.text.STM32MCP_flowControlHandler)
                  0000e30c    00000118     drivers_cc26x2x7.a : UART2.c.obj (.text.UART2_writeTimeoutNonblocking)
                  0000e424    0000010c                        : ECDHCC26X2.c.obj (.text.ECDH_generatePublicKey)
                  0000e530    0000010c                        : PowerCC26X2_calibrateRCOSC.c.obj (.text.PowerCC26X2_calibrate)
                  0000e63c    00000004     ti_sysbios_config.o (.text.ClockP_isActive)
                  0000e640    0000010c     libc.a : s_scalbn.c.obj (.text.scalbn)
                  0000e74c    0000010a     OneLib.a : gatt_client.o (.text)
                  0000e856    00000002     rom_init.o (.text.MAP_HCI_CteRequestFailedEvent)
                  0000e858    00000108     drivers_cc26x2x7.a : NVSCC26XX.c.obj (.text.NVSCC26XX_write)
                  0000e960    00000108     rf_multiMode_cc26x2.a : RFCC26X2_multiMode.c.cc26x2.ticlang.o (.text.RF_fsmPowerUpState)
                  0000ea68    00000104     drivers_cc26x2x7.a : GPIOCC26X2.c.obj (.text.GPIO_init)
                  0000eb6c    00000104                        : UART2CC26X2.c.obj (.text.UART2CC26X2_initHw)
                  0000ec70    00000102                        : AESCTRDRBGXX.c.obj (.text.AESCTRDRBG_getRandomBytes)
                  0000ed72    00000002     rom_init.o (.text.MAP_LL_SDAA_HandleSDAALastCmdDone)
                  0000ed74    00000100     controller_profile.o (.text.Controller_ReadAttrCB)
                  0000ee74    000000fe     OneLib.a : ll_scheduler.o (.text)
                  0000ef72    00000002     rom_init.o (.text.MAP_LL_SDAA_Init)
                  0000ef74    000000fc     rf_multiMode_cc26x2.a : RFCC26X2_multiMode.c.cc26x2.ticlang.o (.text.RF_hwiCpe0Active)
                  0000f070    000000fc     libclang_rt.builtins.a : muldf3.S.obj (.text.__muldf3)
                  0000f16c    000000f8     drivers_cc26x2x7.a : ADCCC26XX.c.obj (.text.ADCCC26XX_convertChain)
                  0000f264    000000f8     OneLib.a : ll_scheduler.o (.text)
                  0000f35c    000000f8              : sm_rsppairing.o (.text)
                  0000f454    000000f4     drivers_cc26x2x7.a : TRNGCC26XX.c.obj (.text.TRNG_getRandom)
                  0000f548    000000f0     driverlib.lib : sys_ctrl.c.obj (.text.NOROM_SysCtrlStandby)
                  0000f638    000000f0     drivers_cc26x2x7.a : UART2CC26X2.c.obj (.text.UART2Support_dmaStartRx)
                  0000f728    000000f0     brake_and_throttle.o (.text.brake_and_throttle_toggleSpeedMode)
                  0000f818    000000f0     OneLib.a : ll_ae.o (.text)
                  0000f908    000000ec              : gap_advertiser.o (.text)
                  0000f9f4    000000ec              : ll_common.o (.text)
                  0000fae0    000000ec              : ll_common.o (.text)
                  0000fbcc    000000e8     drivers_cc26x2x7.a : AESCTRDRBGXX.c.obj (.text.AESCTRDRBG_construct)
                  0000fcb4    000000e8     general_purpose_timer.o (.text.GeneralPurposeTimer_taskFxn)
                  0000fd9c    00000004     ti_sysbios_config.o (.text.ClockP_setTimeout)
                  0000fda0    000000e8     data_analytics.o (.text.computeBatteryPercentage)
                  0000fe88    000000e6     led_display.o (.text.Brightness)
                  0000ff6e    00000002     rom_init.o (.text.MAP_LL_SDAA_RecordTxUsage)
                  0000ff70    000000e4     drivers_cc26x2x7.a : ADCCC26XX.c.obj (.text.ADCCC26XX_convert)
                  00010054    000000e4                        : I2CCC26XX.c.obj (.text.I2CCC26XX_hwiFxn)
                  00010138    000000e4     ti_sysbios_config.o (.text.ti_sysbios_knl_Semaphore_pend)
                  0001021c    000000e2     OneLib.a : gapgattserver.o (.text)
                  000102fe    000000e2              : ll_ae.o (.text)
                  000103e0    000000e0     ti_sysbios_config.o (.text.ti_sysbios_knl_Event_pend)
                  000104c0    000000e0     OneLib.a : ll_scheduler.o (.text)
                  000105a0    000000e0     StackWrapper.a : osal_timers.o (.text)
                  00010680    000000dc     rf_multiMode_cc26x2.a : RFCC26X2_multiMode.c.cc26x2.ticlang.o (.text.RF_control)
                  0001075c    000000dc     OneLib.a : ll_ae.o (.text)
                  00010838    000000d8     ti_ble_config.o (.text.setBondManagerParameters)
                  00010910    000000d8     ti_sysbios_config.o (.text.ti_sysbios_family_arm_m3_Hwi_excFillContext)
                  000109e8    000000d8     OneLib.a : ll_common.o (.text)
                  00010ac0    000000d6     drivers_cc26x2x7.a : AESCTRDRBGXX.c.obj (.text.AESCTRDRBG_reseed)
                  00010b96    00000002     rom_init.o (.text.MAP_LL_SDAA_SampleRXWindow)
                  00010b98    000000d4     controller_profile.o (.text.Controller_AddService)
                  00010c6c    000000d4     led_display.o (.text.led_display_changeSpeedMode)
                  00010d40    000000d0     driverlib.lib : aes.c.obj (.text.NOROM_AESWriteToKeyStore)
                  00010e10    000000d0                   : setup.c.obj (.text.NOROM_SetupTrimDevice)
                  00010ee0    000000d0     drivers_cc26x2x7.a : PowerCC26X2.c.obj (.text.configureXOSCHF)
                  00010fb0    000000d0     data_analytics.o (.text.data_analytics_LEDSpeed)
                  00011080    000000cc     ti_sysbios_config.o (.text.ti_sysbios_knl_Clock_workFuncDynamic)
                  0001114c    000000cc     OneLib.a : hci_event.o (.text)
                  00011218    000000cc     StackWrapper.a : osal.o (.text)
                  000112e4    000000ca     rf_multiMode_cc26x2.a : RFCC26X2_multiMode.c.cc26x2.ticlang.o (.text.RF_updatePaConfiguration)
                  000113ae    00000002     rom_init.o (.text.MAP_llClearPeriodicAdvSets)
                  000113b0    000000c8     ti_sysbios_config.o (.text.clock_gettime)
                  00011478    000000c8     OneLib.a : gap_scanner.o (.text)
                  00011540    000000c8              : ll.o (.text)
                  00011608    000000c8              : ll_ae.o (.text)
                  000116d0    000000c8              : ll_isr.o (.text)
                  00011798    000000c4     motor_control.o (.text.motorcontrol_rxMsgCb)
                  0001185c    00000004     ti_sysbios_config.o (.text.ClockP_start)
                  00011860    000000c4     libc.a : s_round.c.obj (.text.round)
                  00011924    000000c4     OneLib.a : gapgattserver.o (.text)
                  000119e8    000000c4              : ll_ae.o (.text)
                  00011aac    000000c0     icall.o (.text.ICall_enrollService)
                  00011b6c    000000c0     led_display.o (.text.led_display_changeBatteryStatus)
                  00011c2c    000000c0     OneLib.a : ll.o (.text)
                  00011cec    000000c0              : ll_scheduler.o (.text)
                  00011dac    000000bc     rf_multiMode_cc26x2.a : RFCC26X2_multiMode.c.cc26x2.ticlang.o (.text.RF_swiHw)
                  00011e68    000000bc     drivers_cc26x2x7.a : UART2CC26X2.c.obj (.text.UART2Support_dmaStartTx)
                  00011f24    000000bc     multi_purpose_button.o (.text.mpb_execute_event)
                  00011fe0    000000bc     OneLib.a : ble.o (.text)
                  0001209c    000000bc              : ll_ecc.o (.text)
                  00012158    000000b8     drivers_cc26x2x7.a : GPTimerCC26XX.c.obj (.text.GPTimerCC26XX_open)
                  00012210    000000b8     brake_and_throttle.o (.text.brake_and_throttle_getSpeedModeParams)
                  000122c8    000000b8     ti_sysbios_config.o (.text.ti_sysbios_knl_Task_Instance_finalize)
                  00012380    000000b8     ti_sysbios_config.o (.text.ti_sysbios_knl_Task_setPri)
                  00012438    000000b8     OneLib.a : gap_scanner.o (.text)
                  000124f0    000000b8              : ll.o (.text)
                  000125a8    000000b8              : ll_slave_end_causes.o (.text)
                  00012660    000000b8     StackWrapper.a : gattservapp_util.o (.text)
                  00012718    000000b4     drivers_cc26x2x7.a : ECDHCC26X2.c.obj (.text.ECDHCC26X2_getKeyResult)
                  000127cc    000000b4     ti_sysbios_config.o (.text.PowerCC26XX_standbyPolicy)
                  00012880    000000b4     led_display.o (.text.led_display_changeBLE)
                  00012934    000000b4     StackWrapper.a : gapbondmgr.o (.text)
                  000129e8    000000b0     drivers_cc26x2x7.a : PowerCC26X2.c.obj (.text.Power_setDependency)
                  00012a98    000000b0     data_analytics.o (.text.data2UDArray)
                  00012b48    000000b0     OneLib.a : ll_enc.o (.text)
                  00012bf8    000000b0     StackWrapper.a : gapbondmgr.o (.text)
                  00012ca8    000000b0                    : gattservapp_util.o (.text)
                  00012d58    000000b0     libclang_rt.builtins.a : udivmoddi4.S.obj (.text)
                  00012e08    000000ac     dashboard_profile.o (.text.Dashboard_ReadAttrCB)
                  00012eb4    000000ac     dashboard_profile.o (.text.Dashboard_SetParameter)
                  00012f60    000000ac     drivers_cc26x2x7.a : PowerCC26X2.c.obj (.text.Power_releaseDependency)
                  0001300c    000000ac     rf_multiMode_cc26x2.a : RFCC26X2_multiMode.c.cc26x2.ticlang.o (.text.RF_pendCmd)
                  000130b8    000000ac     driverlib.lib : setup.c.obj (.text.TrimAfterColdResetWakeupFromShutDown)
                  00013164    000000ac     StackWrapper.a : gapbondmgr.o (.text)
                  00013210    000000a8     drivers_cc26x2x7.a : PWMTimerCC26XX.c.obj (.text.PWMTimerCC26XX_open)
                  000132b8    000000a8     data_analytics.o (.text.data_analytics_sampling)
                  00013360    000000a8     OneLib.a : gattservapp.o (.text)
                  00013408    000000a8              : hci_data.o (.text)
                  000134b0    000000a8              : ll.o (.text)
                  00013558    000000a8              : ll_common.o (.text)
                  00013600    000000a8     StackWrapper.a : osal_cbtimer.o (.text)
                  000136a8    000000a4     drivers_cc26x2x7.a : AESCTRCC26XX.c.obj (.text.AESCTR_startOneStepOperation)
                  0001374c    000000a4     icall.o (.text.ICall_heapMalloc)
                  000137f0    000000a4     icall.o (.text.ICall_wait)
                  00013894    000000a4     drivers_cc26x2x7.a : PWMTimerCC26XX.c.obj (.text.PWMTimerCC26XX_setDutyAndPeriod)
                  00013938    000000a4     rf_multiMode_cc26x2.a : RFCC26X2_multiMode.c.cc26x2.ticlang.o (.text.RF_initRadioSetup)
                  000139dc    000000a4     ti_sysbios_config.o (.text.ti_sysbios_knl_Task_Instance_init)
                  00013a80    000000a4     OneLib.a : ll_ae.o (.text)
                  00013b24    000000a0     drivers_cc26x2x7.a : I2CCC26XX.c.obj (.text.I2CCC26XX_swiFxn)
                  00013bc4    000000a0     rf_multiMode_cc26x2.a : RFCC26X2_multiMode.c.cc26x2.ticlang.o (.text.RF_calculateDispatchTime)
                  00013c64    000000a0     data_analytics.o (.text.computeAvgBatteryVoltage)
                  00013d04    00000004     rom_init.o (.text.HOOK_llProcessMasterControlPacket_hook)
                  00013d08    000000a0     data_analytics.o (.text.computeCO2Saved)
                  00013da8    000000a0     OneLib.a : ll_common.o (.text)
                  00013e48    000000a0              : ll_scheduler.o (.text)
                  00013ee8    000000a0              : ll_scheduler.o (.text)
                  00013f88    0000009c     battery_profile.o (.text.Battery_SetParameter)
                  00014024    0000009c     devinfoservice.o (.text.devInfo_ReadAttrCB)
                  000140c0    0000009c     libc.a : s_floorf.c.obj (.text.floorf)
                  0001415c    0000009c     OneLib.a : ll_common.o (.text)
                  000141f8    0000009c              : ll_ecc.o (.text)
                  00014294    0000009c              : ll_isr.o (.text)
                  00014330    0000009a     drivers_cc26x2x7.a : UART2.c.obj (.text.UART2_writeCancel)
                  000143ca    00000002     rom_init.o (.text.MAP_llClearPeriodicScanSets)
                  000143cc    00000098     drivers_cc26x2x7.a : GPTimerCC26XX.c.obj (.text.GPTimerCC26XX_close)
                  00014464    00000098     nvocmp.o (.text.NVOCMP_erase)
                  000144fc    00000098     rf_multiMode_cc26x2.a : RFCC26X2_multiMode.c.cc26x2.ticlang.o (.text.RF_defaultSubmitPolicy)
                  00014594    00000098     drivers_cc26x2x7.a : UART2CC26X2.c.obj (.text.UART2_close)
                  0001462c    00000098     OneLib.a : gatt_server.o (.text)
                  000146c4    00000098              : gattservapp.o (.text)
                  0001475c    00000098              : hci_event.o (.text)
                  000147f4    00000096     rf_multiMode_cc26x2.a : RFCC26X2_multiMode.c.cc26x2.ticlang.o (.text.RF_verifyGap)
                  0001488a    00000002     rom_init.o (.text.MAP_llCoexInit)
                  0001488c    00000094     battery_profile.o (.text.Battery_ReadAttrCB)
                  00014920    00000094     rf_multiMode_cc26x2.a : RFCC26X2_multiMode.c.cc26x2.ticlang.o (.text.RF_ratRestartChannels)
                  000149b4    00000094     UDHAL_PWM.o (.text.UDHAL_PWM_paramInit)
                  00014a48    00000094     ti_sysbios_config.o (.text.ti_sysbios_knl_Clock_startI)
                  00014adc    00000094     ti_sysbios_config.o (.text.ti_sysbios_knl_Task_sleep)
                  00014b70    00000094     OneLib.a : ll.o (.text)
                  00014c04    00000092              : gap_task.o (.text)
                  00014c96    00000002     rom_init.o (.text.MAP_llCoexSetParams)
                  00014c98    00000090     drivers_cc26x2x7.a : GPIOCC26XX.c.obj (.text.GPIO_setConfigAndMux)
                  00014d28    00000090     osal_icall_ble.o (.text.osalInitTasks)
                  00014db8    00000090     OneLib.a : ll.o (.text)
                  00014e48    00000090              : ll_common.o (.text)
                  00014ed8    0000008c     drivers_cc26x2x7.a : TRNGCC26XX.c.obj (.text.TRNG_construct)
                  00014f64    0000008c     ti_sysbios_config.o (.text.ti_sysbios_knl_Clock_init)
                  00014ff0    0000008c     OneLib.a : ll_ae.o (.text)
                  0001507c    00000088     dashboard_profile.o (.text.Dashboard_WriteAttrCB)
                  00015104    00000088     rf_multiMode_cc26x2.a : RFCC26X2_multiMode.c.cc26x2.ticlang.o (.text.RF_cmdDispatchTime)
                  0001518c    00000088                           : RFCC26X2_multiMode.c.cc26x2.ticlang.o (.text.RF_discardPendCmd)
                  00015214    00000088     led_display.o (.text.led_display_init)
                  0001529c    00000088     lights.o (.text.lights_init)
                  00015324    00000088     multi_purpose_button.o (.text.mpb_processButtonEvt)
                  000153ac    00000088     OneLib.a : ll_isr.o (.text)
                  00015434    00000088     StackWrapper.a : osal_cbtimer.o (.text)
                  000154bc    00000084     icall.o (.text.ICall_setTimer)
                  00015540    00000084     rf_multiMode_cc26x2.a : RFCC26X2_multiMode.c.cc26x2.ticlang.o (.text.RF_getInfo)
                  000155c4    00000084     ti_sysbios_config.o (.text._pthread_abstime2ticks)
                  00015648    00000084     led_display.o (.text.led_display_changeDashSpeed)
                  000156cc    00000084     veml6030.o (.text.veml6030_setIntThreshold)
                  00015750    00000080     drivers_cc26x2x7.a : AESCTRCC26XX.c.obj (.text.AESCTR_hwiFxn)
                  000157d0    00000080                        : UART2CC26X2.c.obj (.text.UART2Support_dmaStopTx)
                  00015850    00000080                        : NVSCC26XX.c.obj (.text.doErase)
                  000158d0    00000080     multi_purpose_button.o (.text.mpb_processTimerOv)
                  00015950    00000080     power_on_time.o (.text.power_on_time_taskFxn)
                  000159d0    00000080     ti_sysbios_config.o (.text.ti_sysbios_family_arm_m3_Hwi_initNVIC)
                  00015a50    00000080     ti_sysbios_config.o (.text.ti_sysbios_gates_GateMutexPri_enter)
                  00015ad0    00000080     OneLib.a : ll_ae.o (.text)
                  00015b50    00000080              : ll_common.o (.text)
                  00015bd0    00000080              : ll_enc.o (.text)
                  00015c50    0000007e     nvocmp.o (.text.NVOCMP_readHeader)
                  00015cce    0000007e     libc.a : s_roundf.c.obj (.text.roundf)
                  00015d4c    0000007e     OneLib.a : gap_task.o (.text)
                  00015dca    00000002     rom_init.o (.text.MAP_llCoexUpdateCounters)
                  00015dcc    0000007c     rf_multiMode_cc26x2.a : RFCC26X2_multiMode.c.cc26x2.ticlang.o (.text.RF_ratDisableChannel)
                  00015e48    0000007c     simple_peripheral.o (.text.SimplePeripheral_updatePHYStat)
                  00015ec4    0000007c     icall.o (.text.icall_directAPI)
                  00015f40    0000007c     ti_sysbios_config.o (.text.ti_sysbios_family_arm_m3_Hwi_postInit)
                  00015fbc    0000007c     OneLib.a : ll.o (.text)
                  00016038    0000007c              : ll.o (.text)
                  000160b4    0000007c     StackWrapper.a : gapbondmgr.o (.text)
                  00016130    0000007a     drivers_cc26x2x7.a : AESCTRDRBGXX.c.obj (.text.AESCTRDRBGXX_updateState)
                  000161aa    00000002     rom_init.o (.text.MAP_llDmmDynamicFree)
                  000161ac    00000078     dashboard_profile.o (.text.Dashboard_AddService)
                  00016224    00000078     icall.o (.text.ICall_createRemoteTasksAtRuntime)
                  0001629c    00000078     drivers_cc26x2x7.a : NVSCC26XX.c.obj (.text.NVSCC26XX_open)
                  00016314    00000078     rf_multiMode_cc26x2.a : RFCC26X2_multiMode.c.cc26x2.ticlang.o (.text.RF_ratFreeChannel)
                  0001638c    00000078     ti_sysbios_config.o (.text.ti_sysbios_knl_Task_postInit)
                  00016404    00000078     OneLib.a : l2cap_task.o (.text)
                  0001647c    00000078              : ll_common.o (.text)
                  000164f4    00000078     StackWrapper.a : osal_bufmgr.o (.text)
                  0001656c    00000076     OneLib.a : gattservapp.o (.text)
                  000165e2    00000076     StackWrapper.a : gap.o (.text)
                  00016658    00000074     controller_profile.o (.text.Controller_GetParameter)
                  000166cc    00000074     drivers_cc26x2x7.a : I2CCC26XX.c.obj (.text.I2C_close)
                  00016740    00000074     icall.o (.text.ICall_heapInit)
                  000167b4    00000074     icall.o (.text.ICall_sendServiceComplete)
                  00016828    00000074     nvocmp.o (.text.NVOCMP_readItemApi)
                  0001689c    00000074     drivers_cc26x2x7.a : PowerCC26X2_calibrateRCOSC_helpers.c.obj (.text.PowerCC26X2_updateSubSecInc)
                  00016910    00000074     rf_multiMode_cc26x2.a : RFCC26X2_multiMode.c.cc26x2.ticlang.o (.text.RF_hwiHw)
                  00016984    00000074     UDHAL.o (.text.UDHAL_init)
                  000169f8    00000074     led_display.o (.text.led_display_ErrorDisplay)
                  00016a6c    00000074     ti_sysbios_config.o (.text.ti_sysbios_knl_Swi_restoreHwi)
                  00016ae0    00000074     ti_sysbios_config.o (.text.ti_sysbios_knl_Task_startup)
                  00016b54    00000074     OneLib.a : gap_linkmgr.o (.text)
                  00016bc8    00000074              : gatt_server.o (.text)
                  00016c3c    00000074              : ll.o (.text)
                  00016cb0    00000074              : ll_common.o (.text)
                  00016d24    00000074              : ll_common.o (.text)
                  00016d98    00000074              : ll_enc.o (.text)
                  00016e0c    00000074     StackWrapper.a : osal_cbtimer.o (.text)
                  00016e80    00000070     drivers_cc26x2x7.a : AESCCMCC26XX.c.obj (.text.AESCCM_cleanup)
                  00016ef0    00000070                        : AESCTRCC26XX.c.obj (.text.AESCTR_construct)
                  00016f60    00000070                        : AESECBCC26XX.c.obj (.text.AESECB_construct)
                  00016fd0    00000070     ALS_control.o (.text.ALS_control_setLight)
                  00017040    00000070     drivers_cc26x2x7.a : I2CCC26XX.c.obj (.text.I2CSupport_primeTransfer)
                  000170b0    00000070     icall_cc2650.o (.text.ICallPlatform_pwrUpdActivityCounter)
                  00017120    00000070     brake_and_throttle.o (.text.brake_and_throttle_init)
                  00017190    00000070     data_analytics.o (.text.computeMotorTemperature)
                  00017200    00000070     ti_sysbios_config.o (.text.ti_sysbios_family_arm_m3_Hwi_Instance_init)
                  00017270    00000070     veml6030.o (.text.veml6030_read)
                  000172e0    00000070     OneLib.a : ll_ae.o (.text)
                  00017350    00000070              : ll_enc.o (.text)
                  000173c0    00000070     StackWrapper.a : osal.o (.text)
                  00017430    00000070     libc.a : copy_decompress_lzss.c.obj (.text:decompress:lzss)
                  000174a0    0000006e     libclang_rt.builtins.a : comparedf2.c.obj (.text.__gedf2)
                  0001750e    00000002     rom_init.o (.text.MAP_llDmmSetThreshold)
                  00017510    0000006e     libclang_rt.builtins.a : comparedf2.c.obj (.text.__ledf2)
                  0001757e    00000002     rom_init.o (.text.MAP_llHealthUpdate)
                  00017580    0000006e     libclang_rt.builtins.a : truncdfsf2.S.obj (.text.__truncdfsf2)
                  000175ee    00000002     rom_init.o (.text.MAP_llMaster_TaskEnd)
                  000175f0    0000006c     drivers_cc26x2x7.a : AESECBCC26XX.c.obj (.text.AESECB_hwiFxn)
                  0001765c    0000006c     nvocmp.o (.text.NVOCMP_eraseNvApi)
                  000176c8    0000006c     nvocmp.o (.text.NVOCMP_writeItemApi)
                  00017734    0000006c     rf_multiMode_cc26x2.a : RFCC26X2_multiMode.c.cc26x2.ticlang.o (.text.RF_issueRadioFreeCb)
                  000177a0    0000006c     drivers_cc26x2x7.a : Random.c.obj (.text.Random_seedAutomatic)
                  0001780c    0000006c     simple_peripheral.o (.text.SimplePeripheral_processParamUpdate)
                  00017878    0000006c     led_display.o (.text.led_display_changeLightMode)
                  000178e4    0000006c     main.o (.text.main)
                  00017950    0000006c     drivers_cc26x2x7.a : PowerCC26X2.c.obj (.text.oscillatorISR)
                  000179bc    0000006c     ti_sysbios_config.o (.text.ti_sysbios_family_arm_m3_Hwi_dispatchC)
                  00017a28    0000006c     ti_sysbios_config.o (.text.ti_sysbios_hal_Seconds_getTime)
                  00017a94    00000004     ti_sysbios_config.o (.text.HwiP_destruct)
                  00017a98    0000006c     veml6030.o (.text.veml6030_resolution)
                  00017b04    0000006c     OneLib.a : gap_linkmgr.o (.text)
                  00017b70    0000006c              : gatt_server.o (.text)
                  00017bdc    0000006c              : ll_isr.o (.text)
                  00017c48    0000006c              : ll_scheduler.o (.text)
                  00017cb4    0000006c     StackWrapper.a : osal_cbtimer.o (.text)
                  00017d20    00000068     devinfoservice.o (.text.DevInfo_SetParameter)
                  00017d88    00000068     rf_multiMode_cc26x2.a : RFCC26X2_multiMode.c.cc26x2.ticlang.o (.text.RF_detachOverrides)
                  00017df0    00000068     drivers_cc26x2x7.a : UART2CC26X2.c.obj (.text.UART2Support_dmaStopRx)
                  00017e58    00000068     periodic_communication.o (.text.periodic_communication_MCUSamplingRPM)
                  00017ec0    00000068     ti_sysbios_config.o (.text.ti_sysbios_knl_Event_post)
                  00017f28    00000068     ti_sysbios_config.o (.text.ti_sysbios_knl_Swi_run)
                  00017f90    00000068     OneLib.a : gap_task.o (.text)
                  00017ff8    00000068              : gattservapp.o (.text)
                  00018060    00000068              : ll.o (.text)
                  000180c8    00000068              : ll_ae.o (.text)
                  00018130    00000068              : ll_common.o (.text)
                  00018198    00000066     StackWrapper.a : icall_lite_translation.o (.text)
                  000181fe    00000002     rom_init.o (.text.MAP_llPeriodicAdv_PostProcess)
                  00018200    00000064     drivers_cc26x2x7.a : AESCCMCC26XX.c.obj (.text.AESCCM_hwiFxn)
                  00018264    00000064     icall.o (.text.ICall_send)
                  000182c8    00000064     driverlib.lib : chipinfo.c.obj (.text.NOROM_ChipInfo_GetChipType)
                  0001832c    00000064                   : osc.c.obj (.text.NOROM_OSCHF_AttemptToSwitchToXosc)
                  00018390    00000064     drivers_cc26x2x7.a : PowerCC26X2_calibrateRCOSC.c.obj (.text.PowerCC26X2_initiateCalibration)
                  000183f4    00000064     rf_multiMode_cc26x2.a : RFCC26X2_multiMode.c.cc26x2.ticlang.o (.text.RF_attachOverrides)
                  00018458    00000064                           : RFCC26X2_multiMode.c.cc26x2.ticlang.o (.text.RF_dispatchNextEvent)
                  000184bc    00000064                           : RFCC26X2_multiMode.c.cc26x2.ticlang.o (.text.RF_hwiCpe0PowerFsm)
                  00018520    00000064     drivers_cc26x2x7.a : UDMACC26XX.c.obj (.text.UDMACC26XX_open)
                  00018584    00000064     ti_sysbios_config.o (.text.ti_sysbios_gates_GateMutexPri_leave)
                  000185e8    00000064     ti_sysbios_config.o (.text.ti_sysbios_knl_Idle_init)
                  0001864c    00000064     ti_sysbios_config.o (.text.ti_sysbios_knl_TaskSupport_buildTaskStack)
                  000186b0    00000064     veml6030.o (.text.veml6030_init)
                  00018714    00000064     OneLib.a : gapgattserver.o (.text)
                  00018778    00000064              : gattservapp.o (.text)
                  000187dc    00000064              : gattservapp.o (.text)
                  00018840    00000064              : ll_common.o (.text)
                  000188a4    00000064              : ll_isr.o (.text)
                  00018908    00000064              : ll_scheduler.o (.text)
                  0001896c    00000062     rf_multiMode_cc26x2.a : RFCC26X2_multiMode.c.cc26x2.ticlang.o (.text.RF_syncCb)
                  000189ce    00000002     rom_init.o (.text.MAP_llProcessPeriodicScanRxFIFO)
                  000189d0    00000062     libclang_rt.builtins.a : aeabi_dcmp.S.obj (.text.__aeabi_dcmp)
                  00018a32    00000002     rom_init.o (.text.MAP_llSetPeriodicSyncInfo)
                  00018a34    00000060     ALS_control.o (.text.ALS_control_init)
                  00018a94    00000060     battery_profile.o (.text.Battery_AddService)
                  00018af4    00000060     drivers_cc26x2x7.a : CryptoResourceCC26XX.c.obj (.text.CryptoResourceCC26XX_constructRTOSObjects)
                  00018b54    00000060     nvocmp.o (.text.NVOCMP_checkItem)
                  00018bb4    00000060     nvocmp.o (.text.NVOCMP_verifyCRC)
                  00018c14    00000060     drivers_cc26x2x7.a : PKAResourceCC26XX.c.obj (.text.PKAResourceCC26XX_constructRTOSObjects)
                  00018c74    00000060     data_analytics.o (.text.computeAvgHeatSinkTemperature)
                  00018cd4    00000004     ti_sysbios_config.o (.text.HwiP_disableInterrupt)
                  00018cd8    00000060     data_analytics.o (.text.computeRange)
                  00018d38    00000060     lights.o (.text.lights_lightModeChange)
                  00018d98    00000060     rf_multiMode_cc26x2.a : rf_patch_mce_bt5.c.cc26x2.ticlang.o (.text.rf_patch_mce_bt5)
                  00018df8    00000060     osal_icall_ble.o (.text.stack_main)
                  00018e58    00000060     ti_sysbios_config.o (.text.ti_sysbios_knl_Clock_walkQueueDynamic)
                  00018eb8    00000060     ti_sysbios_config.o (.text.ti_sysbios_knl_Semaphore_post)
                  00018f18    00000060     ti_sysbios_config.o (.text.ti_sysbios_knl_Swi_schedule)
                  00018f78    00000060     OneLib.a : ll_common.o (.text)
                  00018fd8    00000060              : sm_pairing.o (.text)
                  00019038    00000060     StackWrapper.a : gapbondmgr.o (.text)
[...]
2000337f  lights_uart2ErrorStatus                                         
20003380  lights_sampleBits                                               
20003382  xhf                                                             
20003384  xtt                                                             
20003388  ICall_dispatcher                                                
2000339c  __aeabi_errno                                                   
200033a0  _lock                                                           
200033a4  _unlock                                                         
200033a8  appAssertCback                                                  
200033ac  icallServiceTblPtr                                              
200033b4  pRfErrCb                                                        
200033b8  pfnBMAlloc                                                      
200033bc  pfnBMFree                                                       
200033c0  patchedSlaveCtrlPktList                                         
200033c4  halAssertCback                                                  
200033d0  bleUserCfg_maxPduSize                                           
200033d2  xrpm                                                            
200033d4  disconnectImmedConnId                                           
200033d6  llUserConfig_maxPduSize                                         
200033d8  baseTaskID                                                      
200033f0  PKAResourceCC26XX_pollingFlag                                   
200033f4  adc_brake_status                                                
200033f5  adc_convert_status                                              
200033f6  adc_throttle_status                                             
200033f8  buzzerStart                                                     
200033fd  heartbeat                                                       
20003409  timer3_count                                                    
2000340a  uartOpenStatus                                                  
2000340b  deviceNameCharProps                                             
2000340c  appearanceCharProps                                             
2000340d  periConnParamCharProps                                          
2000340e  centAddrResCharProps                                            
2000340f  centAddrRes                                                     
20003410  resolvablePrivateAddressOnlyCharProps                           
20003411  GATTServApp_gatt_no_service_changed                             
20003413  qosDefaultPriorityConnParameter                                 
20003414  extScanChanMap                                                  
20003415  sizeOfAllExtConnParam                                           
20003416  rfRatHandle                                                     
20003417  smAllowDebugKeysMode                                            
20003418  gapEndAppTaskID                                                 
20003419  gapAppTaskID                                                    
2000341a  legacyMode                                                      
20003420  gptTaskStack                                                    
20003820  spTaskStack                                                     
20003c20  ti_sysbios_knl_Idle_taskStack                                   
200041e0  mpbTaskStack                                                    
200043e0  potTaskStack                                                    
200045e0  uart2CC26X2Objects                                              
20004750  i2cCC26xxObjects                                                
20004890  rfObject                                                        
20004990  ti_sysbios_family_arm_m3_Hwi_dispatchTable                      
20004a68  aesctrdrbgXXObjects                                             
20004b0c  gptimerCC26XXObjects                                            
20004ba4  trngCC26XXObjects                                               
20004c28  gpioCallbackFunctions                                           
20004ca4  gpioUserArgs                                                    
20004d20  cbTimers                                                        
20004e00  ti_sysbios_knl_ClockSupport_timerStruct                         
20004e60  gptTask                                                         
20004eb8  mpbTask                                                         
20004f10  potTask                                                         
20004f68  spTask                                                          
20004fc0  ti_sysbios_knl_Idle_taskStruct                                  
20005068  CryptoResourceCC26XX_accessSemaphore                            
200050b8  CryptoResourceCC26XX_operationSemaphore                         
20005108  PKAResourceCC26XX_accessSemaphore                               
20005158  PKAResourceCC26XX_operationSemaphore                            
20005278  pwmTimerCC26XXObjects                                           
200052f4  nvFptrs                                                         
20005330  CCVArray                                                        
20005364  ti_sysbios_knl_Swi_readyQs                                      
20005394  ti_sysbios_knl_Task_readyQs                                     
200053c4  NVOCMP_nvHandle                                                 
200053f2  appearance                                                      
200053f4  aesecbCC26XXObjects                                             
20005464  llCteSamples                                                    
200054c8  req                                                             
200054e8  gapBond_remoteOobData                                           
20005508  gapBond_localOobData                                            
20005528  ecdhCC26X2Objects                                               
20005548  ti_sysbios_runtime_System_atexitHandlers                        
20005568  udmaCC26XXObject                                                
200055a4  BIOS_heapCallbackObject                                         
200055c0  BIOS_rtsGate                                                    
200055dc  CryptoResourceCC26XX_hwi                                        
200055f8  PKAResourceCC26XX_hwi                                           
20005614  deviceName                                                      
2000562c  DCVArray                                                        
20005644  aesccmCC26XXObjects                                             
2000565c  params_buzzer                                                   
20005674  params_headlight                                                
200056a0  BCVArray                                                        
200056b4  ti_sysbios_hal_Seconds_Module_state                             
200056c8  i2cParams                                                       
200056d8  llCteTest                                                       
200056e4  cteAntennaProp                                                  
200056f0  llTaskList                                                      
200056fc  defaultChannelMap                                               
20005704  secondaryAdvChannelMap                                          
2000570c  llRfCmdPreemption                                               
2000571c  params_brake                                                    
20005724  params_throttle                                                 
2000572c  RPM_array                                                       
20005732  throttleADCSamples                                              
20005738  UDHAL_sysFatalError                                             
2000573d  writeBuffer                                                     
2000575c  ggs_AppCBs                                                      
20005760  pClientSecCBs                                                   
20005768  linkDBExtra                                                     
2000576c  BDAddrPerConnHandle                                             
20005770  llCte                                                           
20005774  llConnExtParam                                                  
20005778  extStackSettings                                                
2000577c  rfMode                                                          
20005780  trngHandle                                                      
20005784  pNextAdvSet                                                     
20005788  llCurrentMappedChan                                             
2000578c  drbgHandle                                                      
20005790  pRpaCfg                                                         
20005794  pRXWindowTask                                                   
20005798  gapBond_lruBondList                                             
2000579c  gapBondStateNodeHead                                            
200057a0  osal_syncHandle                                                 
200057a4  osal_icallMsg_hook                                              
200057a8  osal_qHead                                                      
200057ac  osal_max_msecs                                                  
200057b0  osal_tickperiod                                                 
200057b4  osal_eventloop_hook                                             
200057b8  bm_preReleaseBuffCB                                             
200057c4  OSAL_timeSeconds                                                
200057c8  timerHead                                                       
200057d0  osal_last_timestamp                                             
200057d4  HEAPMGR_SIZE                                                    
200057d8  PowerCC26XX_swiKey                                              
200057dc  PowerCC26XX_taskKey                                             
200057e0  adcCC26xxObjects                                                
200057e4  adcValues                                                       
200057e8  adc_brake                                                       
200057ec  adc_throttle                                                    
200057f0  co2Saved_g                                                      
200057f4  dIQ                                                             
200057f8  deltaMileage_dm                                                 
200057fc  deltaPowerConsumption_mWh                                       
20005800  drpm                                                            
20005804  drpmdIQ                                                         
20005808  mpb_timerManager                                                
2000580c  ptr_MCUDArray                                                   
20005810  ptr_adcValues                                                   
20005814  ptr_bat_MCUDArray                                               
20005818  ptr_bat_STM32MCPDArray                                          
2000581c  ptr_bat_profileCharVal                                          
20005820  ptr_buzzer_errorPriority                                        
20005824  ptr_da_profileCharVal                                           
20005828  ptr_gpt_advertiseFlag                                           
2000582c  ptr_gpt_opcode                                                  
20005830  ptr_led_advertiseFlag                                           
20005834  ptr_led_opcode                                                  
20005838  ptr_lights_STM32MCPDArray                                       
2000583c  ptr_lights_flagb                                                
20005840  ptr_lights_profileCharVal                                       
20005844  ptr_pc_MCUDArray                                                
20005848  ptr_pot_charVal                                                 
2000584c  ptr_pot_initComplete_flag                                       
20005850  ptr_pot_powerOn                                                 
20005854  ptr_pot_profileCharVal                                          
20005858  ptr_sp_profileCharVal                                           
2000585c  pwmBUZduty                                                      
20005860  pwmHLduty                                                       
20005864  resetUDDataCounter                                              
20005868  resolution                                                      
2000586c  tasksEvents                                                     
20005870  ti_sysbios_family_arm_cc26xx_TimestampProvider_Module_state     
20005874  ti_sysbios_knl_Task_defaultStackHeap                            
20005878  maximumPduSize                                                  
2000587c  pwrmgr_attribute                                                
2000587e  Hightreshold                                                    
20005880  IQ_input                                                        
20005882  Lowtreshold                                                     
20005884  RPM_prev                                                        
20005886  RPM_temp                                                        
20005888  allowableRPM                                                    
2000588a  brakePercent                                                    
2000588c  rawSpeed_100kph                                                 
2000588e  readBuffer                                                      
20005890  throttlePercent                                                 
20005893  scanResToDiscard                                                
20005894  resolvablePrivateAddressOnly                                    
20005895  GATTServApp_att_delayed_req                                     
20005896  hciTaskID                                                       
20005897  hciL2capTaskID                                                  
20005898  hciGapTaskID                                                    
20005899  hciSmpTaskID                                                    
2000589a  hciTestTaskID                                                   
2000589b  hciVsEvtMask                                                    
2000589c  scanReqRpt                                                      
2000589d  secondaryAdvChannelMapPopCount                                  
2000589e  qosDefaultPriorityAdvParameter                                  
2000589f  maxNumCteDataBufs                                               
200058a0  numActiveAdvSets                                                
200058a1  wlSize                                                          
200058a2  rlSize                                                          
200058a3  decryptResult                                                   
200058a4  llUnhandleNextIntFlag                                           
200058a5  smAuthenPairingOnlyMode                                         
200058a6  icall_liteTaskId                                                
200058a7  gapBond_removeLRUBond                                           
200058a8  gapBond_syncRL                                                  
200058a9  assertSubcause                                                  
200058aa  osal_entity                                                     
200058ab  pwrmgr_initialized                                              
200058ac  BLE_flash_status                                                
200058ad  NVOCMP_size                                                     
200058ae  N_data_analytics                                                
200058af  battery_bar1_status                                             
200058b0  check_enableStatus                                              
200058b1  controller_error_code                                           
200058b2  dashSpeed                                                       
200058b3  gAction                                                         
200058b4  ledBLESelect_old                                                
200058b5  ledBLEStatus                                                    
200058b6  ledBatteryStatus                                                
200058b7  ledBatteryStatus_old                                            
200058b8  ledBrightness                                                   
200058b9  ledBrightness_old                                               
200058ba  ledLightMode                                                    
200058bb  ledLightMode_old                                                
200058bc  ledLightStatus                                                  
200058bd  ledLightStatus_old                                              
200058be  ledPower_old                                                    
200058bf  ledSetpower                                                     
200058c0  ledSpeed                                                        
200058c1  ledSpeedMode                                                    
200058c2  ledSpeedModeSelect_old                                          
200058c3  ledSpeed_old                                                    
200058c4  ledUnitSelectDash                                               
200058c5  ledUnitSelect_old                                               
200058c6  led_controlLaw                                                  
200058c7  led_controlLaw_ledStatus                                        
200058c8  led_controlLaw_old                                              
200058c9  led_display_i2cTransferStatus                                   
200058ca  led_error_code_old                                              
200058cb  led_error_priority                                              
200058cc  light_mode                                                      
200058cd  light_mode_Index                                                
200058ce  nvsCC26XXObjects                                                
200058cf  pwm_openStatus                                                  
200058d0  sp_i2cOpenStatus                                                
200058d1  tempIndex                                                       
200058d2  veml6030_i2cTransferStatus                                      
20005900  ti_sysbios_family_arm_m3_Hwi_ramVectors                         
200059d8  heapStart                                                       
20023c00  __stack                                                         
20023c00  heapEnd                                                         
20024000  __STACK_END                                                     
20024000  __STACK_TOP                                                     
20024000  __UNUSED_SRAM_end__                                             
ffffffff  __TI_pprof_out_hndl                                             
ffffffff  __TI_prof_data_size                                             
ffffffff  __TI_prof_data_start                                            
ffffffff  __binit__                                                       
ffffffff  binit                                                           
UNDEFED   ITM_flush                                                       
UNDEFED   ITM_restore                                                     
UNDEFED   __c_args__                                                      
UNDEFED   __mpu_init                                                      

[3168 symbols]
