******************************************************************************
            TI ARM Clang Linker PC v3.2.0                      
******************************************************************************
>> Linked Fri Jun  7 18:05:01 2024

OUTPUT FILE NAME:   <genev_gGo_LP_CC2652R7_tirtos7_ticlang.out>
ENTRY POINT SYMBOL: "ResetISR"  address: 00022581


MEMORY CONFIGURATION

         name            origin    length      used     unused   attr    fill
----------------------  --------  ---------  --------  --------  ----  --------
  FLASH                 00000000   000ae000  00029aeb  00084515  R  X
  FLASH_LAST_PAGE       000ae000   00002000  00000058  00001fa8  R  X
  RTOS_SRAM             20000000   0000012c  00000000  0000012c  RW X
  SRAM                  20000fdf   00023021  000045f8  0001ea29  RW X


SEGMENT ALLOCATION MAP

run origin  load origin   length   init length attrs members
----------  ----------- ---------- ----------- ----- -------
00000000    00000000    00025af4   00025af4    r-x
  00000000    00000000    0000003c   0000003c    r-- .resetVecs
  00000040    00000040    00022d24   00022d24    r-x .text
  00022d68    00022d68    0000248f   0000248f    r-- .rodata
  000251f8    000251f8    000008fc   000008fc    r-- .cinit
00048000    00048000    00004000   00000000    rw-
  00048000    00048000    00004000   00000000    rw- .TI.bound:flashBuf0
000affa8    000affa8    00000058   00000058    r--
  000affa8    000affa8    00000058   00000058    r-- .ccfg
20001810    20001810    00000020   00000000    rw-
  20001810    20001810    00000010   00000000    rw- .TI.bound:dmaUart0RxControlTableEntry
  20001820    20001820    00000010   00000000    rw- .TI.bound:dmaUart0TxControlTableEntry
20001900    20001900    000040c6   00000000    rw-
  20001900    20001900    00001aed   00000000    rw- .data
  200033f0    200033f0    000025d6   00000000    rw- .bss
20005a00    20005a00    000000d8   00000000    rw-
  20005a00    20005a00    000000d8   00000000    rw- .ramVecs
20023c00    20023c00    00000400   00000000    rw-
  20023c00    20023c00    00000400   00000000    rw- .stack


SECTION ALLOCATION MAP

 output                                  attributes/
section   page    origin      length       input sections
--------  ----  ----------  ----------   ----------------
.resetVecs 
*          0    00000000    0000003c     
                  00000000    0000003c     ti_sysbios_config.o (.resetVecs)

.cinit     0    000251f8    000008fc     
                  000251f8    000008a6     (.cinit..data.load) [load image, compression = lzss]
                  00025a9e    00000002     --HOLE-- [fill = 0]
                  00025aa0    0000000c     (__TI_handler_table)
                  00025aac    00000008     (.cinit..TI.bound:dmaUart0RxControlTableEntry.load) [load image, compression = zero_init]
                  00025ab4    00000008     (.cinit..TI.bound:dmaUart0TxControlTableEntry.load) [load image, compression = zero_init]
                  00025abc    00000008     (.cinit..bss.load) [load image, compression = zero_init]
                  00025ac4    00000008     (.cinit..ramVecs.load) [load image, compression = zero_init]
                  00025acc    00000028     (__TI_cinit_table)

.init_array 
*          0    00000000    00000000     UNINITIALIZED

.ccfg      0    000affa8    00000058     
                  000affa8    00000058     ti_devices_config.o (.ccfg)

.data      0    20001900    00001aed     UNINITIALIZED
                  20001900    00000350     controller_profile.o (.data.ControllerAttrTbl)
                  20001c50    00000190     dashboard_profile.o (.data.DashboardAttrTbl)
                  20001de0    00000174     drivers_cc26x2x7.a : PowerCC26X2.c.obj (.data.PowerCC26X2_module)
                  20001f54    00000164     led_display.o (.data.functionTable)
                  200020b8    00000150     battery_profile.o (.data.BatteryAttrTbl)
                  20002208    000000f4     StackWrapper.a : gapbondmgr.o (.data)
                  200022fc    000000b0     OneLib.a : gapgattserver.o (.data)
                  200023ac    00000090     devinfoservice.o (.data.devInfoAttrTbl)
                  2000243c    00000080     snv_internal.o (.data.UDBuffer)
                  200024bc    00000080     simple_peripheral.o (.data.snv_internal_80)
                  2000253c    0000007e     data_analytics.o (.data..L_MergedGlobals.1)
                  200025ba    0000007e     data_analytics.o (.data..L_MergedGlobals.2)
                  20002638    0000007c     ti_drivers_config.o (.data.gpioPinConfigs)
                  200026b4    00000078     simple_peripheral.o (.data..L_MergedGlobals.10)
                  2000272c    0000006c     OneLib.a : ll_config.o (.data)
                  20002798    00000068     rf_multiMode_cc26x2.a : RFCC26X2_multiMode.c.cc26x2.ticlang.o (.data..L_MergedGlobals.1)
                  20002800    00000068     ti_sysbios_config.o (.data..L_MergedGlobals.71)
                  20002868    00000068     ti_sysbios_config.o (.data..L_MergedGlobals)
                  200028d0    00000068     ti_sysbios_config.o (.data.ti_sysbios_knl_Clock_Module_state)
                  20002938    00000064     rf_multiMode_cc26x2.a : RFCC26X2_multiMode.c.cc26x2.ticlang.o (.data..L_MergedGlobals.3)
                  2000299c    0000005f     data_analytics.o (.data..L_MergedGlobals)
                  200029fb    00000001     drivers_cc26x2x7.a : AESCTRCC26XX.c.obj (.data.AESCTR_isInitialized)
                  200029fc    00000058     rf_multiMode_cc26x2.a : RFCC26X2_multiMode.c.cc26x2.ticlang.o (.data..L_MergedGlobals.2)
                  20002a54    00000058     ti_radio_config.o (.data.pOverrides_bleCommon)
                  20002aac    00000054     devinfoservice.o (.data..L_MergedGlobals)
                  20002b00    00000050     ti_radio_config.o (.data.txPowerTable_2400_pa5)
                  20002b50    00000040     UDHAL_I2C.o (.data..L_MergedGlobals)
                  20002b90    00000040     OneLib.a : gattservapp.o (.data)
                  20002bd0    00000040              : sm_pairing.o (.data)
                  20002c10    0000003c     icall.o (.data..L_MergedGlobals.1)
                  20002c4c    0000003c     icall_user_config.o (.data.nvintfFncStruct)
                  20002c88    0000003c     ti_sysbios_config.o (.data.ti_sysbios_knl_Task_Module_state)
                  20002cc4    00000038     drivers_cc26x2x7.a : TRNGCC26XX.c.obj (.data..L_MergedGlobals.1)
                  20002cfc    00000034     controller_profile.o (.data..L_MergedGlobals.1)
                  20002d30    00000030     drivers_cc26x2x7.a : TRNGCC26XX.c.obj (.data..L_MergedGlobals)
                  20002d60    00000030     data_analytics.o (.data.ADArray)
                  20002d90    0000002c     UDHAL_UART.o (.data..L_MergedGlobals)
                  20002dbc    00000028     nvocmp.o (.data..L_MergedGlobals.1)
                  20002de4    00000024     STM32MCP.o (.data..L_MergedGlobals)
                  20002e08    00000024     brake_and_throttle.o (.data..L_MergedGlobals)
                  20002e2c    00000024     controller_profile.o (.data..L_MergedGlobals)
                  20002e50    00000024     ble_user_config.o (.data.eccParams_NISTP256)
                  20002e74    00000024     ti_radio_config.o (.data.pOverrides_ble2Mbps)
                  20002e98    00000020     UDHAL_Timer2.o (.data..L_MergedGlobals)
                  20002eb8    0000001c     data_analytics.o (.data..L_MergedGlobals.3)
                  20002ed4    0000001c     UDHAL_Timer3.o (.data..L_MergedGlobals)
                  20002ef0    0000001c     simple_peripheral.o (.data..L_MergedGlobals)
                  20002f0c    0000001c     veml6030.o (.data..L_MergedGlobals)
                  20002f28    0000001c     ti_ble_config.o (.data.advParams1)
                  20002f44    0000001a     motor_control.o (.data..L_MergedGlobals)
                  20002f5e    00000002     buzzer.o (.data..L_MergedGlobals)
                  20002f60    00000018     dashboard_profile.o (.data..L_MergedGlobals.1)
                  20002f78    00000018     ALS_control.o (.data..L_MergedGlobals)
                  20002f90    00000018     ti_radio_config.o (.data.pOverrides_ble1Mbps)
                  20002fa8    00000015     ti_ble_config.o (.data.attDeviceName)
                  20002fbd    00000003     UDHAL_GPIO.o (.data..L_MergedGlobals)
                  20002fc0    00000014     battery_profile.o (.data..L_MergedGlobals.1)
                  20002fd4    00000014     general_purpose_timer.o (.data..L_MergedGlobals)
                  20002fe8    00000014     ti_ble_config.o (.data.scanResData1)
                  20002ffc    00000014     StackWrapper.a : osal.o (.data)
                  20003010    00000011     battery_profile.o (.data.Battery_Battery_ErrorUserDesp)
                  20003021    00000011     battery_profile.o (.data.Battery_Battery_LevelUserDesp)
                  20003032    00000011     battery_profile.o (.data.Battery_Battery_StatusUserDesp)
                  20003043    00000011     battery_profile.o (.data.Battery_Battery_TemperatureUserDesp)
                  20003054    00000011     battery_profile.o (.data.Battery_Battery_VoltageUserDesp)
                  20003065    00000011     controller_profile.o (.data.Controller_CurrentUserDesp)
                  20003076    00000011     controller_profile.o (.data.Controller_Error_CodeUserDesp)
                  20003087    00000011     controller_profile.o (.data.Controller_Heat_Sink_TemperatureUserDesp)
                  20003098    00000011     controller_profile.o (.data.Controller_Instant_EconomyUserDesp)
                  200030a9    00000011     controller_profile.o (.data.Controller_Motor_RPMUserDesp)
                  200030ba    00000011     controller_profile.o (.data.Controller_Motor_SpeedUserDesp)
                  200030cb    00000011     controller_profile.o (.data.Controller_Motor_TemperatureUserDesp)
                  200030dc    00000011     controller_profile.o (.data.Controller_Overall_EfficiencyUserDesp)
                  200030ed    00000011     controller_profile.o (.data.Controller_RangeUserDesp)
                  200030fe    00000011     controller_profile.o (.data.Controller_Total_Distance_TravelledUserDesp)
                  2000310f    00000011     controller_profile.o (.data.Controller_Total_Energy_ConsumptionUserDesp)
                  20003120    00000011     controller_profile.o (.data.Controller_VoltageUserDesp)
                  20003131    00000011     controller_profile.o (.data.Controller_co2SavedUserDesp)
                  20003142    00000011     dashboard_profile.o (.data.Dashboard_ADCounterUserDesp)
                  20003153    00000011     dashboard_profile.o (.data.Dashboard_Error_CodeUserDesp)
                  20003164    00000011     dashboard_profile.o (.data.Dashboard_Light_ModeUserDesp)
                  20003175    00000011     dashboard_profile.o (.data.Dashboard_Light_StatusUserDesp)
                  20003186    00000011     dashboard_profile.o (.data.Dashboard_Power_On_TimeUserDesp)
                  20003197    00000011     dashboard_profile.o (.data.Dashboard_Speed_ModeUserDesp)
                  200031a8    00000010     UDHAL_PWM.o (.data..L_MergedGlobals)
                  200031b8    00000010     driverlib.lib : osc.c.obj (.data..L_MergedGlobals)
                  200031c8    00000010     icall.o (.data..L_MergedGlobals)
                  200031d8    00000010     power_on_time.o (.data..L_MergedGlobals)
                  200031e8    00000010     ti_radio_config.o (.data.RF_modeBle)
                  200031f8    00000010     UDHAL_UART.o (.data.STM32MCP_uartManager)
                  20003208    00000010     driverlib.lib : osc.c.obj (.data._hposcCoeffs)
                  20003218    00000010     ti_ble_config.o (.data.advData1)
                  20003228    00000010     icall_user_config.o (.data.bleAppServiceInfoTable)
                  20003238    00000010     ti_radio_config.o (.data.pOverrides_bleCoded)
                  20003248    00000010     main.o (.data.user0Cfg)
                  20003258    00000010     OneLib.a : gattservapp.o (.data)
                  20003268    00000010              : ll_data.o (.data)
                  20003278    0000000f     ti_ble_config.o (.data..L_MergedGlobals)
                  20003287    00000001     battery_profile.o (.data.Battery_Battery_Error_CodeProps)
                  20003288    0000000e     brake_and_throttle.o (.data..L_MergedGlobals.1)
                  20003296    00000002     lights.o (.data..L_MergedGlobals)
                  20003298    0000000c     general_purpose_timer.o (.data..L_MergedGlobals.1)
                  200032a4    0000000c     multi_purpose_button.o (.data..L_MergedGlobals.1)
                  200032b0    0000000c     dashboard_profile.o (.data..L_MergedGlobals)
                  200032bc    0000000c     drivers_cc26x2x7.a : NVSCC26XX.c.obj (.data..L_MergedGlobals)
                  200032c8    0000000c     UDHAL_Timer3.o (.data.mpb_timer)
                  200032d4    0000000c     profile_charVal.o (.data.profileCharVal)
                  200032e0    0000000c     UDHAL_Timer2.o (.data.timer)
                  200032ec    00000009     multi_purpose_button.o (.data..L_MergedGlobals)
                  200032f5    00000002     STM32MCP.o (.data.STM32MCP_regBusVoltageVal)
                  200032f7    00000001     battery_profile.o (.data.Battery_Battery_LevelProps)
                  200032f8    00000008     icall_cc2650.o (.data..L_MergedGlobals)
                  20003300    00000008     rf_multiMode_cc26x2.a : RFCC26X2_multiMode.c.cc26x2.ticlang.o (.data..L_MergedGlobals)
                  20003308    00000008                           : RFCC26X2_multiMode.c.cc26x2.ticlang.o (.data.RFCC26XX_schedulerPolicy)
                  20003310    00000008     ti_sysbios_config.o (.data.ti_sysbios_gates_GateMutexPri_Module_state)
                  20003318    00000008     ti_sysbios_config.o (.data.ti_sysbios_heaps_HeapCallback_Module_state)
                  20003320    00000008     ti_sysbios_config.o (.data.ti_sysbios_knl_Event_state)
                  20003328    00000008     ti_sysbios_config.o (.data.ti_sysbios_knl_Semaphore_Module_state)
                  20003330    00000008     OneLib.a : gapgattserver.o (.data)
                  20003338    00000008     StackWrapper.a : gapbondmgr.o (.data)
                  20003340    00000006     battery_profile.o (.data..L_MergedGlobals)
                  20003346    00000006     ti_ble_config.o (.data.pRandomAddress)
                  2000334c    00000006     simple_peripheral.o (.data.rpa)
                  20003352    00000004     periodic_communication.o (.data..L_MergedGlobals)
                  20003356    00000002     STM32MCP.o (.data.STM32MCP_regFluxReferenceVal)
                  20003358    00000004     icall.o (.data.ICall_dispatcher)
                  2000335c    00000004     drivers_cc26x2x7.a : PowerCC26X2.c.obj (.data.PowerCC26X2_rtcSubSecInc)
                  20003360    00000004     rf_multiMode_cc26x2.a : RFCC26X2_multiMode.c.cc26x2.ticlang.o (.data.RF_fsmActiveState.lfClockSourceLast)
                  20003364    00000004     STM32MCP.o (.data.STM32MCP_regFlagsVal)
                  20003368    00000004     STM32MCP.o (.data.STM32MCP_regSpeedMeasuredVal)
                  2000336c    00000004     libc.a : aeabi_portable.c.obj (.data.__aeabi_errno)
                  20003370    00000004            : _lock.c.obj (.data._lock)
                  20003374    00000004            : _lock.c.obj (.data._unlock)
                  20003378    00000004     ble_user_config.o (.data.appAssertCback)
                  2000337c    00000004     ble_user_config_stack.o (.data.icallServiceTblPtr)
                  20003380    00000004     dashboard_profile.o (.data.pAppCBs)
                  20003384    00000004     icall_api_lite.o (.data.pRfErrCb)
                  20003388    00000004     icall_api_lite.o (.data.pfnBMAlloc)
                  2000338c    00000004     icall_api_lite.o (.data.pfnBMFree)
                  20003390    00000004     OneLib.a : ll_slave_end_causes.o (.data)
                  20003394    00000004     StackWrapper.a : hal_assert.o (.data)
                  20003398    00000002     STM32MCP.o (.data.STM32MCP_regHeatSinkTemperatureVal)
                  2000339a    00000002     STM32MCP.o (.data.STM32MCP_regMotorPowerVal)
                  2000339c    00000002     STM32MCP.o (.data.STM32MCP_regSpeedKP)
                  2000339e    00000002     STM32MCP.o (.data.STM32MCP_regTorqueReferenceVal)
                  200033a0    00000002     drivers_cc26x2x7.a : ADCCC26XX.c.obj (.data.adcInstance)
                  200033a2    00000002     ble_user_config.o (.data.bleUserCfg_maxPduSize)
                  200033a4    00000002     periodic_communication.o (.data.xrpm)
                  200033a6    00000002     OneLib.a : ll.o (.data)
                  200033a8    00000002              : ll_config.o (.data)
                  200033aa    00000002     StackWrapper.a : osal_cbtimer.o (.data)
                  200033ac    00000001     battery_profile.o (.data.Battery_Battery_StatusProps)
                  200033ad    00000001     battery_profile.o (.data.Battery_Battery_TemperatureProps)
                  200033ae    00000001     battery_profile.o (.data.Battery_Battery_VoltageProps)
                  200033af    00000001     controller_profile.o (.data.Controller_CurrentProps)
                  200033b0    00000001     controller_profile.o (.data.Controller_Error_CodeProps)
                  200033b1    00000001     controller_profile.o (.data.Controller_Heat_Sink_TemperatureProps)
                  200033b2    00000001     controller_profile.o (.data.Controller_Instant_EconomyProps)
                  200033b3    00000001     controller_profile.o (.data.Controller_Motor_RPM_Props)
                  200033b4    00000001     controller_profile.o (.data.Controller_Motor_SpeedProps)
                  200033b5    00000001     controller_profile.o (.data.Controller_Motor_TemperatureProps)
                  200033b6    00000001     controller_profile.o (.data.Controller_Overall_EfficiencyProps)
                  200033b7    00000001     controller_profile.o (.data.Controller_RangeProps)
                  200033b8    00000001     controller_profile.o (.data.Controller_Total_Distance_TravelledProps)
                  200033b9    00000001     controller_profile.o (.data.Controller_Total_Energy_ConsumptionProps)
                  200033ba    00000001     controller_profile.o (.data.Controller_VoltageProps)
                  200033bb    00000001     controller_profile.o (.data.Controller_co2SavedProps)
                  200033bc    00000001     dashboard_profile.o (.data.Dashboard_ADCounterProps)
                  200033bd    00000001     dashboard_profile.o (.data.Dashboard_Error_CodeProps)
                  200033be    00000001     dashboard_profile.o (.data.Dashboard_Light_ModeProps)
                  200033bf    00000001     dashboard_profile.o (.data.Dashboard_Light_StatusProps)
                  200033c0    00000001     dashboard_profile.o (.data.Dashboard_Power_On_TimeProps)
                  200033c1    00000001     dashboard_profile.o (.data.Dashboard_Speed_ModeProps)
                  200033c2    00000001     nvocmp.o (.data.NVOCMP_failF)
                  200033c3    00000001     drivers_cc26x2x7.a : PKAResourceCC26XX.c.obj (.data.PKAResourceCC26XX_pollingFlag)
                  200033c4    00000001     STM32MCP.o (.data.STM32MCP_regControlModeVal)
                  200033c5    00000001     STM32MCP.o (.data.STM32MCP_regStatusVal)
                  200033c6    00000001     STM32MCP.o (.data.STM32MCP_regTargetMotorVal)
                  200033c7    00000001     UDHAL_ADC.o (.data.adc_brake_status)
                  200033c8    00000001     UDHAL_ADC.o (.data.adc_convert_status)
                  200033c9    00000001     UDHAL_ADC.o (.data.adc_throttle_status)
                  200033ca    00000001     rf_multiMode_cc26x2.a : rf_patch_cpe_bt5.c.cc26x2.ticlang.o (.data.bBt5PatchEntered)
                  200033cb    00000001     devinfoservice.o (.data.devInfoFirmwareRevProps)
                  200033cc    00000001     devinfoservice.o (.data.devInfoMfrNameProps)
                  200033cd    00000001     devinfoservice.o (.data.devInfoModelNumberProps)
                  200033ce    00000001     devinfoservice.o (.data.devInfoSerialNumberProps)
                  200033cf    00000001     UDHAL_Timer2.o (.data.heartbeat)
                  200033d0    00000001     drivers_cc26x2x7.a : GPIOCC26X2.c.obj (.data.initCalled)
                  200033d1    00000001                        : ADC.c.obj (.data.isInitialized)
                  200033d2    00000001                        : AESCCMCC26XX.c.obj (.data.isInitialized)
                  200033d3    00000001                        : AESCTRDRBGXX.c.obj (.data.isInitialized)
                  200033d4    00000001                        : AESECBCC26XX.c.obj (.data.isInitialized)
                  200033d5    00000001                        : CryptoResourceCC26XX.c.obj (.data.isInitialized)
                  200033d6    00000001                        : ECDHCC26X2.c.obj (.data.isInitialized)
                  200033d7    00000001                        : NVS.c.obj (.data.isInitialized)
                  200033d8    00000001                        : PKAResourceCC26XX.c.obj (.data.isInitialized)
                  200033d9    00000001                        : PWM.c.obj (.data.isInitialized)
                  200033da    00000001     STM32MCP.o (.data.retransmissionCount)
                  200033db    00000001     UDHAL_Timer3.o (.data.timer3_count)
                  200033dc    00000001     UDHAL_UART.o (.data.uartOpenStatus)
                  200033dd    00000001     OneLib.a : gapgattserver.o (.data)
                  200033de    00000001              : gapgattserver.o (.data)
                  200033df    00000001              : gapgattserver.o (.data)
                  200033e0    00000001              : gapgattserver.o (.data)
                  200033e1    00000001              : gapgattserver.o (.data)
                  200033e2    00000001              : gapgattserver.o (.data)
                  200033e3    00000001              : gattservapp.o (.data)
                  200033e4    00000001              : gattservapp.o (.data)
                  200033e5    00000001              : ll.o (.data)
                  200033e6    00000001              : ll_ae.o (.data)
                  200033e7    00000001              : ll_data.o (.data)
                  200033e8    00000001              : ll_scheduler.o (.data)
                  200033e9    00000001              : sm_task.o (.data)
                  200033ea    00000001     StackWrapper.a : gap.o (.data)
                  200033eb    00000001                    : gap.o (.data)
                  200033ec    00000001                    : hal_assert.o (.data)

.bss       0    200033f0    000025d6     UNINITIALIZED
                  200033f0    00000400     (.common:gptTaskStack)
                  200037f0    00000400     (.common:spTaskStack)
                  20003bf0    00000300     (.common:ti_sysbios_knl_Idle_taskStack)
                  20003ef0    000002c0     rf_multiMode_cc26x2.a : RFCC26X2_multiMode.c.cc26x2.ticlang.o (.bss.RF_cmdPool)
                  200041b0    000001a0     (.common:mpbTaskStack)
                  20004350    00000170     (.common:uart2CC26X2Objects)
                  200044c0    00000168     (.common:potTaskStack)
                  20004628    00000140     (.common:i2cCC26xxObjects)
                  20004768    00000100     OneLib.a : ll.o (.bss)
                  20004868    000000d8     (.common:ti_sysbios_family_arm_m3_Hwi_dispatchTable)
                  20004940    000000c8     (.common:SMFactor)
                  20004a08    000000a4     (.common:aesctrdrbgXXObjects)
                  20004aac    00000098     (.common:gptimerCC26XXObjects)
                  20004b44    00000084     (.common:trngCC26XXObjects)
                  20004bc8    0000007c     (.common:gpioCallbackFunctions)
                  20004c44    0000007c     (.common:gpioUserArgs)
                  20004cc0    00000078     StackWrapper.a : osal_cbtimer.o (.bss)
                  20004d38    00000068     rf_multiMode_cc26x2.a : RFCC26X2_multiMode.c.cc26x2.ticlang.o (.bss.RF_ratModule)
                  20004da0    00000064     (.common:IQ_applied_array)
                  20004e04    00000064     (.common:IQ_input_array)
                  20004e68    00000064     (.common:RPM_temp_array)
                  20004ecc    00000004     led_display.o (.bss.led_display_ledDisplayManager)
                  20004ed0    00000060     (.common:ti_sysbios_knl_ClockSupport_timerStruct)
                  20004f30    00000058     (.common:gptTask)
                  20004f88    00000058     (.common:mpbTask)
                  20004fe0    00000058     (.common:potTask)
                  20005038    00000058     (.common:spTask)
                  20005090    00000058     (.common:ti_sysbios_knl_Idle_taskStruct)
                  200050e8    00000050     drivers_cc26x2x7.a : ADCCC26XX.c.obj (.bss.adcSemaphore)
                  20005138    00000050     (.common:CryptoResourceCC26XX_accessSemaphore)
                  20005188    00000050     (.common:CryptoResourceCC26XX_operationSemaphore)
                  200051d8    00000050     (.common:PKAResourceCC26XX_accessSemaphore)
                  20005228    00000050     (.common:PKAResourceCC26XX_operationSemaphore)
                  20005278    00000048     icall.o (.bss.ICall_entities)
                  200052c0    00000044     rf_multiMode_cc26x2.a : RFCC26X2_multiMode.c.cc26x2.ticlang.o (.bss.RF_clkInactivityObj)
                  20005304    00000044                           : RFCC26X2_multiMode.c.cc26x2.ticlang.o (.bss.RF_clkPowerUpObj)
                  20005348    00000040     (.common:pwmTimerCC26XXObjects)
                  20005388    0000003c                           : RFCC26X2_multiMode.c.cc26x2.ticlang.o (.bss.RF_swiHwObj)
                  200053c4    0000003c     StackWrapper.a : osal_snv_wrapper.o (.bss)
                  20005400    00000034     (.common:CCVArray)
                  20005434    00000032     (.common:bat_count_array)
                  20005466    00000002     OneLib.a : gapgattserver.o (.bss)
                  20005468    00000030     (.common:ti_sysbios_knl_Swi_readyQs)
                  20005498    00000030     (.common:ti_sysbios_knl_Task_readyQs)
                  200054c8    0000002e     (.common:NVOCMP_nvHandle)
                  200054f6    00000002              : ll.o (.bss)
                  200054f8    00000028     (.common:aesecbCC26XXObjects)
                  20005520    00000024     simple_peripheral.o (.bss.clkRpaRead)
                  20005544    00000024     ti_sysbios_config.o (.bss.clockStruct)
                  20005568    00000024     OneLib.a : ll.o (.bss)
                  2000558c    00000020     ti_drivers_config.o (.bss.uart2RxRingBuffer0)
                  200055ac    00000020     ti_drivers_config.o (.bss.uart2TxRingBuffer0)
                  200055cc    00000020     OneLib.a : gattservapp.o (.bss)
                  200055ec    00000020     StackWrapper.a : gapbondmgr.o (.bss)
                  2000560c    00000020                    : gapbondmgr.o (.bss)
                  2000562c    00000020     (.common:ecdhCC26X2Objects)
                  2000564c    00000020     (.common:ti_sysbios_runtime_System_atexitHandlers)
                  2000566c    00000020     (.common:udmaCC26XXObject)
                  2000568c    0000001c     drivers_cc26x2x7.a : GPIOCC26X2.c.obj (.bss.gpioHwi)
                  200056a8    0000001c     (.common:BIOS_heapCallbackObject)
                  200056c4    0000001c     (.common:BIOS_rtsGate)
                  200056e0    0000001c     (.common:CryptoResourceCC26XX_hwi)
                  200056fc    0000001c     (.common:PKAResourceCC26XX_hwi)
                  20005718    00000018     OneLib.a : gapgattserver.o (.bss)
                  20005730    00000018     (.common:DCVArray)
                  20005748    00000018     (.common:aesccmCC26XXObjects)
                  20005760    00000018     (.common:params_buzzer)
                  20005778    00000018     (.common:params_headlight)
                  20005790    00000014     drivers_cc26x2x7.a : Random.c.obj (.bss.state)
                  200057a4    00000014     (.common:BCVArray)
                  200057b8    00000014     (.common:ti_sysbios_hal_Seconds_Module_state)
                  200057cc    00000010     (.common:i2cParams)
                  200057dc    0000000c     OneLib.a : ll.o (.bss)
                  200057e8    0000000c              : ll.o (.bss)
                  200057f4    0000000c              : ll_scheduler.o (.bss)
                  20005800    00000008              : ll.o (.bss)
                  20005808    00000008              : ll.o (.bss)
                  20005810    00000008              : ll_ae.o (.bss)
                  20005818    00000008     StackWrapper.a : gapbondmgr.o (.bss)
                  20005820    00000008     (.common:params_brake)
                  20005828    00000008     (.common:params_throttle)
                  20005830    00000006     (.common:RPM_array)
                  20005836    00000006     (.common:throttleADCSamples)
                  2000583c    00000005     (.common:UDHAL_sysFatalError)
                  20005841    00000003     (.common:writeBuffer)
                  20005844    00000004     snv_internal.o (.bss.ptrReadBuffer)
                  20005848    00000004     lights.o (.bss.ptr_charVal)
                  2000584c    00000004     drivers_cc26x2x7.a : ECDHCC26X2.c.obj (.bss.resultPKAMemAddr)
                  20005850    00000004     multi_purpose_button.o (.bss.timerPeriod)
                  20005854    00000004     veml6030.o (.bss.veml6030_ALSManager)
                  20005858    00000004     OneLib.a : gapgattserver.o (.bss)
                  2000585c    00000004              : gatt_client.o (.bss)
                  20005860    00000004              : gattservapp.o (.bss)
                  20005864    00000004              : linkdb.o (.bss)
                  20005868    00000004              : linkdb.o (.bss)
                  2000586c    00000004              : ll.o (.bss)
                  20005870    00000004              : ll.o (.bss)
                  20005874    00000004              : ll.o (.bss)
                  20005878    00000004              : ll.o (.bss)
                  2000587c    00000004              : ll.o (.bss)
                  20005880    00000004              : ll_ae.o (.bss)
                  20005884    00000004              : ll_common.o (.bss)
                  20005888    00000004              : ll_enc.o (.bss)
                  2000588c    00000004              : ll_privacy.o (.bss)
                  20005890    00000004              : ll_scheduler.o (.bss)
                  20005894    00000004     StackWrapper.a : gapbondmgr.o (.bss)
                  20005898    00000004                    : gapbondmgr.o (.bss)
                  2000589c    00000004                    : osal.o (.bss)
                  200058a0    00000004                    : osal.o (.bss)
                  200058a4    00000004                    : osal.o (.bss)
                  200058a8    00000004                    : osal.o (.bss)
                  200058ac    00000004                    : osal.o (.bss)
                  200058b0    00000004                    : osal.o (.bss)
                  200058b4    00000004                    : osal_bufmgr.o (.bss)
                  200058b8    00000004                    : osal_bufmgr.o (.bss)
                  200058bc    00000004                    : osal_clock.o (.bss)
                  200058c0    00000004                    : osal_clock.o (.bss)
                  200058c4    00000004                    : osal_timers.o (.bss)
                  200058c8    00000004                    : osal_timers.o (.bss)
                  200058cc    00000004                    : osal_timers.o (.bss)
                  200058d0    00000004     (.common:HEAPMGR_SIZE)
                  200058d4    00000004     (.common:PowerCC26XX_swiKey)
                  200058d8    00000004     (.common:PowerCC26XX_taskKey)
                  200058dc    00000004     (.common:adcCC26xxObjects)
                  200058e0    00000004     (.common:adcValues)
                  200058e4    00000004     (.common:adc_brake)
                  200058e8    00000004     (.common:adc_throttle)
                  200058ec    00000004     (.common:co2Saved_g)
                  200058f0    00000004     (.common:deltaMileage_dm)
                  200058f4    00000004     (.common:deltaPowerConsumption_mWh)
                  200058f8    00000004     (.common:mpb_timerManager)
                  200058fc    00000004     (.common:ptr_MCUDArray)
                  20005900    00000004     (.common:ptr_adcValues)
                  20005904    00000004     (.common:ptr_bat_MCUDArray)
                  20005908    00000004     (.common:ptr_bat_profileCharVal)
                  2000590c    00000004     (.common:ptr_da_profileCharVal)
                  20005910    00000004     (.common:ptr_gpt_advertiseFlag)
                  20005914    00000004     (.common:ptr_gpt_opcode)
                  20005918    00000004     (.common:ptr_led_advertiseFlag)
                  2000591c    00000004     (.common:ptr_led_gpt_counter)
                  20005920    00000004     (.common:ptr_led_opcode)
                  20005924    00000004     (.common:ptr_lights_profileCharVal)
                  20005928    00000004     (.common:ptr_pc_MCUDArray)
                  2000592c    00000004     (.common:ptr_pot_advertiseFlag)
                  20005930    00000004     (.common:ptr_pot_charVal)
                  20005934    00000004     (.common:ptr_pot_powerOn)
                  20005938    00000004     (.common:ptr_pot_profileCharVal)
                  2000593c    00000004     (.common:ptr_sp_profileCharVal)
                  20005940    00000004     (.common:pwmBUZduty)
                  20005944    00000004     (.common:pwmHLduty)
                  20005948    00000004     (.common:resolution)
                  2000594c    00000004     (.common:sumDeltaMileage_dm)
                  20005950    00000004     (.common:sumDeltaPowerConsumed_mWh)
                  20005954    00000004     (.common:tasksEvents)
                  20005958    00000004     (.common:ti_sysbios_family_arm_cc26xx_TimestampProvider_Module_state)
                  2000595c    00000004     (.common:ti_sysbios_knl_Task_defaultStackHeap)
                  20005960    00000004     (.common:totalMileage0_dm)
                  20005964    00000004     (.common:totalMileagePrev_dm)
                  20005968    00000004     (.common:totalPowerConsumed0_mWh)
                  2000596c    00000004     (.common:totalPowerConsumedPrev_mWh)
                  20005970    00000002     OneLib.a : ll_slave_end_causes.o (.bss)
                  20005972    00000002     StackWrapper.a : osal_pwrmgr.o (.bss)
                  20005974    00000002     (.common:Hightreshold)
                  20005976    00000002     (.common:IQ_applied)
                  20005978    00000002     (.common:IQ_input)
                  2000597a    00000002     (.common:Lowtreshold)
                  2000597c    00000002     (.common:RPM_temp)
                  2000597e    00000002     (.common:UDIndex)
                  20005980    00000002     (.common:UDIndexPrev)
                  20005982    00000002     (.common:brakePercent)
                  20005984    00000002     (.common:rawSpeed_100kph)
                  20005986    00000002     (.common:readBuffer)
                  20005988    00000002     (.common:throttlePercent)
                  2000598a    00000001     data_analytics.o (.bss.batteryStatus)
                  2000598b    00000001     OneLib.a : gap_scanner.o (.bss)
                  2000598c    00000001              : gapgattserver.o (.bss)
                  2000598d    00000001              : gattservapp.o (.bss)
                  2000598e    00000001              : hci_tl.o (.bss)
                  2000598f    00000001              : hci_tl.o (.bss)
                  20005990    00000001              : hci_tl.o (.bss)
                  20005991    00000001              : hci_tl.o (.bss)
                  20005992    00000001              : hci_tl.o (.bss)
                  20005993    00000001              : hci_tl.o (.bss)
                  20005994    00000001              : ll.o (.bss)
                  20005995    00000001              : ll.o (.bss)
                  20005996    00000001              : ll.o (.bss)
                  20005997    00000001              : ll.o (.bss)
                  20005998    00000001              : ll_ae.o (.bss)
                  20005999    00000001              : ll_config.o (.bss)
                  2000599a    00000001              : ll_config.o (.bss)
                  2000599b    00000001              : ll_enc.o (.bss)
                  2000599c    00000001              : ll_isr.o (.bss)
                  2000599d    00000001              : sm_task.o (.bss)
                  2000599e    00000001     StackWrapper.a : ble_dispatch_lite.o (.bss)
                  2000599f    00000001                    : gapbondmgr.o (.bss)
                  200059a0    00000001                    : gapbondmgr.o (.bss)
                  200059a1    00000001                    : hal_assert.o (.bss)
                  200059a2    00000001                    : osal.o (.bss)
                  200059a3    00000001                    : osal_pwrmgr.o (.bss)
                  200059a4    00000001     (.common:BLE_flash_status)
                  200059a5    00000001     (.common:NVOCMP_size)
                  200059a6    00000001     (.common:battery_bar1_status)
                  200059a7    00000001     (.common:check_enableStatus)
                  200059a8    00000001     (.common:dashSpeed)
                  200059a9    00000001     (.common:gAction)
                  200059aa    00000001     (.common:ledBLESelect_old)
                  200059ab    00000001     (.common:ledBLEStatus)
                  200059ac    00000001     (.common:ledBatteryStatus)
                  200059ad    00000001     (.common:ledBatteryStatus_old)
                  200059ae    00000001     (.common:ledBrightness)
                  200059af    00000001     (.common:ledBrightness_old)
                  200059b0    00000001     (.common:ledLightMode)
                  200059b1    00000001     (.common:ledLightMode_old)
                  200059b2    00000001     (.common:ledLightStatus)
                  200059b3    00000001     (.common:ledLightStatus_old)
                  200059b4    00000001     (.common:ledPower_old)
                  200059b5    00000001     (.common:ledSetpower)
                  200059b6    00000001     (.common:ledSpeed)
                  200059b7    00000001     (.common:ledSpeedMode)
                  200059b8    00000001     (.common:ledSpeedModeSelect_old)
                  200059b9    00000001     (.common:ledSpeed_old)
                  200059ba    00000001     (.common:ledUnitSelectDash)
                  200059bb    00000001     (.common:ledUnitSelect_old)
                  200059bc    00000001     (.common:led_display_i2cTransferStatus)
                  200059bd    00000001     (.common:led_error_code_old)
                  200059be    00000001     (.common:led_error_priority)
                  200059bf    00000001     (.common:light_mode)
                  200059c0    00000001     (.common:light_mode_Index)
                  200059c1    00000001     (.common:nvsCC26XXObjects)
                  200059c2    00000001     (.common:pwm_openStatus)
                  200059c3    00000001     (.common:sp_i2cOpenStatus)
                  200059c4    00000001     (.common:tempIndex)
                  200059c5    00000001     (.common:veml6030_i2cTransferStatus)

.vtable    0    200059c6    00000000     UNINITIALIZED

.vtable_ram 
*          0    200059c6    00000000     UNINITIALIZED

vtable_ram 
*          0    200059c6    00000000     UNINITIALIZED

.sysmem    0    200059c6    00000000     UNINITIALIZED

.nonretenvar 
*          0    200059c6    00000000     UNINITIALIZED

.ramVecs   0    20005a00    000000d8     UNINITIALIZED
                  20005a00    000000d8     ti_sysbios_config.o (.ramVecs)

.stack     0    20023c00    00000400     UNINITIALIZED
                  20023c00    00000004     sysbios.a : boot_cortex_m.c.obj (.stack)
                  20023c04    000003fc     --HOLE--

.TI.bound:flashBuf0 
*          0    00048000    00004000     UNINITIALIZED
                  00048000    00004000     ti_drivers_config.o (.TI.bound:flashBuf0)

.TI.bound:dmaUart0RxControlTableEntry 
*          0    20001810    00000010     UNINITIALIZED
                  20001810    00000010     ti_drivers_config.o (.TI.bound:dmaUart0RxControlTableEntry)

.TI.bound:dmaUart0TxControlTableEntry 
*          0    20001820    00000010     UNINITIALIZED
                  20001820    00000010     ti_drivers_config.o (.TI.bound:dmaUart0TxControlTableEntry)

.text      0    00000040    00022d24     
                  00000040    00000b40     StackWrapper.a : gapbondmgr.o (.text)
                  00000b80    00000a8c     libc.a : e_pow.c.obj (.text.pow)
                  0000160c    000009b8     simple_peripheral.o (.text.SimplePeripheral_taskFxn)
                  00001fc4    0000074c     OneLib.a : ll_adv_end_causes.o (.text)
                  00002710    00000724     libc.a : k_rem_pio2.c.obj (.text.__kernel_rem_pio2)
                  00002e34    000006f4     StackWrapper.a : gapbondmgr.o (.text)
                  00003528    00000528     libc.a : s_sin.c.obj (.text.sin)
                  00003a50    00000510     OneLib.a : ble.o (.text)
                  00003f60    000004ec              : ll_ae.o (.text)
                  0000444c    00000498              : ll_isr.o (.text)
                  000048e4    00000490     rf_multiMode_cc26x2.a : RFCC26X2_multiMode.c.cc26x2.ticlang.o (.text.RF_fsmActiveState)
                  00004d74    00000458     OneLib.a : ll.o (.text)
                  000051cc    00000458              : ll_slave_end_causes.o (.text)
                  00005624    00000424              : ll_scheduler.o (.text)
                  00005a48    00000408              : ll_slave_end_causes.o (.text)
                  00005e50    000003a4              : ll_scheduler.o (.text)
                  000061f4    00000342              : ll_ae.o (.text)
                  00006536    00000002     ti_sysbios_config.o (.text.BIOS_nullFunc)
                  00006538    00000338     OneLib.a : ll_ae.o (.text)
                  00006870    0000032c     brake_and_throttle.o (.text.brake_and_throttle_ADC_conversion)
                  00006b9c    000002b0     StackWrapper.a : gapbondmgr.o (.text)
                  00006e4c    000002ac     OneLib.a : ll.o (.text)
                  000070f8    000002a8     nvocmp.o (.text.NVOCMP_initNvApi)
                  000073a0    000002a8     rf_multiMode_cc26x2.a : RFCC26X2_multiMode.c.cc26x2.ticlang.o (.text.RF_open)
                  00007648    00000284     nvocmp.o (.text.NVOCMP_compactPage)
                  000078cc    00000284     OneLib.a : ll_common.o (.text)
                  00007b50    00000274              : ll_ae.o (.text)
                  00007dc4    00000268              : ll_isr.o (.text)
                  0000802c    0000025c     StackWrapper.a : gapbondmgr.o (.text)
                  00008288    00000250     OneLib.a : ll_isr.o (.text)
                  000084d8    0000024c     nvocmp.o (.text.NVOCMP_addItem)
                  00008724    00000234     OneLib.a : ll_data.o (.text)
                  00008958    00000220     drivers_cc26x2x7.a : ECDHCC26X2.c.obj (.text.ECDHCC26X2_hwiFxn)
                  00008b78    0000020c     data_analytics.o (.text.data_analytics_Main)
                  00008d84    00000204     icall.o (.text.ICall_waitMatch)
                  00008f88    00000204     OneLib.a : gattservapp.o (.text)
                  0000918c    000001f4              : ll.o (.text)
                  00009380    000001f0     drivers_cc26x2x7.a : UART2CC26X2.c.obj (.text.UART2CC26X2_hwiIntFxn)
                  00009570    000001ec     data_analytics.o (.text.data_analytics_init)
                  0000975c    000001e8     rf_multiMode_cc26x2.a : RFCC26X2_multiMode.c.cc26x2.ticlang.o (.text.RF_scheduleCmd)
                  00009944    000001e0     StackWrapper.a : osal.o (.text)
                  00009b24    000001dc     rf_multiMode_cc26x2.a : RFCC26X2_multiMode.c.cc26x2.ticlang.o (.text.RF_dispatchNextCmd)
                  00009d00    000001d4     drivers_cc26x2x7.a : UART2.c.obj (.text.UART2_readTimeout)
                  00009ed4    000001bc     ble_user_config_stack.o (.text.setBleUserConfig)
                  0000a090    000001bc     OneLib.a : ll_scheduler.o (.text)
                  0000a24c    000001b6     libclang_rt.builtins.a : adddf3.S.obj (.text.adddf3_subdf3)
                  0000a402    00000002     ti_drivers_config.o (.text.Board_initHook)
                  0000a404    000001a4     OneLib.a : ll_isr.o (.text)
                  0000a5a8    000001a0     drivers_cc26x2x7.a : AESECBCC26XX.c.obj (.text.AESECB_addDataInternal)
                  0000a748    00000198     OneLib.a : ll_common.o (.text)
                  0000a8e0    00000194     drivers_cc26x2x7.a : PowerCC26X2_calibrateRCOSC.c.obj (.text.PowerCC26X2_auxISR)
                  0000aa74    0000018c                        : UART2CC26X2.c.obj (.text.UART2_open)
                  0000ac00    0000018c     OneLib.a : gap_task.o (.text)
                  0000ad8c    00000188     drivers_cc26x2x7.a : AESCCMCC26XX.c.obj (.text.AESCCM_startOperation)
                  0000af14    00000188     OneLib.a : ll_ae.o (.text)
                  0000b09c    0000017c     drivers_cc26x2x7.a : ECDHCC26X2.c.obj (.text.ECDH_computeSharedSecret)
                  0000b218    00000178     OneLib.a : gattservapp.o (.text)
                  0000b390    00000174     drivers_cc26x2x7.a : UART2.c.obj (.text.UART2_writeTimeoutBlocking)
                  0000b504    00000004                        : AESCTRDRBGXX.c.obj (.text.AESCTRDRBG_getBytes)
                  0000b508    00000174     periodic_communication.o (.text.periodic_communication_MCUSampling)
                  0000b67c    00000174     OneLib.a : ll_scheduler.o (.text)
                  0000b7f0    00000170     libc.a : k_sin.c.obj (.text.__kernel_sin)
                  0000b960    0000016c     OneLib.a : ll_ae.o (.text)
                  0000bacc    00000004     drivers_cc26x2x7.a : AESCTRCC26XX.c.obj (.text.AESCTR_releaseLock)
                  0000bad0    00000168     libc.a : k_cos.c.obj (.text.__kernel_cos)
                  0000bc38    00000168            : e_sqrt.c.obj (.text.sqrt)
                  0000bda0    00000164     veml6030.o (.text.veml6030_calculateLux)
                  0000bf04    00000158     drivers_cc26x2x7.a : AESCTRCC26XX.c.obj (.text.AESCTR_processData)
                  0000c05c    00000158                        : PowerCC26X2.c.obj (.text.Power_sleep)
                  0000c1b4    00000150     OneLib.a : ll_ae.o (.text)
                  0000c304    00000150              : ll_isr.o (.text)
                  0000c454    0000014c     rf_multiMode_cc26x2.a : RFCC26X2_multiMode.c.cc26x2.ticlang.o (.text.RF_radioOpDoneCb)
                  0000c5a0    00000144     StackWrapper.a : osal.o (.text)
                  0000c6e4    00000140     OneLib.a : gattservapp.o (.text)
                  0000c824    00000140     StackWrapper.a : gap.o (.text)
                  0000c964    0000013c     drivers_cc26x2x7.a : I2CCC26XX.c.obj (.text.I2C_open)
                  0000caa0    00000138     rf_multiMode_cc26x2.a : RFCC26X2_multiMode.c.cc26x2.ticlang.o (.text.RF_abortCmd)
                  0000cbd8    00000136     libclang_rt.builtins.a : divdf3.S.obj (.text.__divdf3)
                  0000cd0e    00000002     ble_user_config.o (.text.DefaultAssertCback)
                  0000cd10    00000134     controller_profile.o (.text.Controller_SetParameter)
                  0000ce44    00000134     rf_multiMode_cc26x2.a : RFCC26X2_multiMode.c.cc26x2.ticlang.o (.text.RF_ratSetupChannel)
                  0000cf78    00000130     OneLib.a : l2cap_util.o (.text)
                  0000d0a8    0000012c     rf_multiMode_cc26x2.a : RFCC26X2_multiMode.c.cc26x2.ticlang.o (.text.RF_close)
                  0000d1d4    0000012c     drivers_cc26x2x7.a : TRNGCC26XX.c.obj (.text.TRNGCC26XX_hwiFxn)
                  0000d300    00000128     OneLib.a : ll_isr.o (.text)
                  0000d428    00000126     drivers_cc26x2x7.a : I2C.c.obj (.text.I2C_transferTimeout)
                  0000d54e    00000002                        : I2C.c.obj (.text.I2C_init)
                  0000d550    00000124     rf_multiMode_cc26x2.a : RFCC26X2_multiMode.c.cc26x2.ticlang.o (.text.RF_fsmSetupState)
                  0000d674    00000120     nvocmp.o (.text.NVOCMP_findItem)
                  0000d794    00000120     data_analytics.o (.text.data_analytics)
                  0000d8b4    00000004     ti_sysbios_config.o (.text.ClockP_destruct)
                  0000d8b8    00000120     libc.a : s_floor.c.obj (.text.floor)
                  0000d9d8    00000120     ti_sysbios_config.o (.text.ti_sysbios_family_arm_cc26xx_Timer_construct)
                  0000daf8    00000120     OneLib.a : ll_data.o (.text)
                  0000dc18    0000011c     sysbios.a : Hwi_asm_gcc.s.obj (.text.ti_sysbios_family_arm_m3_Hwi_dispatch)
                  0000dd34    00000118     drivers_cc26x2x7.a : PowerCC26X2.c.obj (.text.Power_init)
                  0000de4c    00000118     rf_multiMode_cc26x2.a : RFCC26X2_multiMode.c.cc26x2.ticlang.o (.text.RF_decodeOverridePointers)
                  0000df64    00000118     STM32MCP.o (.text.STM32MCP_flowControlHandler)
                  0000e07c    00000118     drivers_cc26x2x7.a : UART2.c.obj (.text.UART2_writeTimeoutNonblocking)
                  0000e194    0000010c                        : ECDHCC26X2.c.obj (.text.ECDH_generatePublicKey)
                  0000e2a0    0000010c                        : PowerCC26X2_calibrateRCOSC.c.obj (.text.PowerCC26X2_calibrate)
                  0000e3ac    00000004     ti_sysbios_config.o (.text.ClockP_getSystemTickPeriod)
                  0000e3b0    0000010c     libc.a : s_scalbn.c.obj (.text.scalbn)
                  0000e4bc    0000010a     OneLib.a : gatt_client.o (.text)
                  0000e5c6    00000002     rom_init.o (.text.MAP_HCI_CteRequestFailedEvent)
                  0000e5c8    00000108     drivers_cc26x2x7.a : NVSCC26XX.c.obj (.text.NVSCC26XX_write)
                  0000e6d0    00000108     rf_multiMode_cc26x2.a : RFCC26X2_multiMode.c.cc26x2.ticlang.o (.text.RF_fsmPowerUpState)
                  0000e7d8    00000104     drivers_cc26x2x7.a : GPIOCC26X2.c.obj (.text.GPIO_init)
                  0000e8dc    00000104                        : UART2CC26X2.c.obj (.text.UART2CC26X2_initHw)
                  0000e9e0    00000102                        : AESCTRDRBGXX.c.obj (.text.AESCTRDRBG_getRandomBytes)
                  0000eae2    00000002     rom_init.o (.text.MAP_LL_SDAA_HandleSDAALastCmdDone)
                  0000eae4    00000100     controller_profile.o (.text.Controller_ReadAttrCB)
                  0000ebe4    000000fe     OneLib.a : ll_scheduler.o (.text)
                  0000ece2    00000002     rom_init.o (.text.MAP_LL_SDAA_Init)
                  0000ece4    000000fc     rf_multiMode_cc26x2.a : RFCC26X2_multiMode.c.cc26x2.ticlang.o (.text.RF_hwiCpe0Active)
                  0000ede0    000000fc     libclang_rt.builtins.a : muldf3.S.obj (.text.__muldf3)
                  0000eedc    000000f8     drivers_cc26x2x7.a : ADCCC26XX.c.obj (.text.ADCCC26XX_convertChain)
                  0000efd4    000000f8     OneLib.a : ll_scheduler.o (.text)
                  0000f0cc    000000f8              : sm_rsppairing.o (.text)
                  0000f1c4    000000f4     drivers_cc26x2x7.a : TRNGCC26XX.c.obj (.text.TRNG_getRandom)
                  0000f2b8    000000f0     driverlib.lib : sys_ctrl.c.obj (.text.NOROM_SysCtrlStandby)
                  0000f3a8    000000f0     drivers_cc26x2x7.a : UART2CC26X2.c.obj (.text.UART2Support_dmaStartRx)
                  0000f498    000000f0     OneLib.a : ll_ae.o (.text)
                  0000f588    000000ec              : gap_advertiser.o (.text)
                  0000f674    000000ec              : ll_common.o (.text)
                  0000f760    000000ec              : ll_common.o (.text)
                  0000f84c    000000e8     drivers_cc26x2x7.a : AESCTRDRBGXX.c.obj (.text.AESCTRDRBG_construct)
                  0000f934    00000004     ti_sysbios_config.o (.text.ClockP_getTimeout)
                  0000f938    000000e8     data_analytics.o (.text.computeBatteryPercentage)
                  0000fa20    000000e6     led_display.o (.text.Brightness)
                  0000fb06    00000002     rom_init.o (.text.MAP_LL_SDAA_RecordTxUsage)
                  0000fb08    000000e4     drivers_cc26x2x7.a : ADCCC26XX.c.obj (.text.ADCCC26XX_convert)
                  0000fbec    000000e4                        : I2CCC26XX.c.obj (.text.I2CCC26XX_hwiFxn)
                  0000fcd0    000000e4     ti_sysbios_config.o (.text.ti_sysbios_knl_Semaphore_pend)
                  0000fdb4    000000e2     OneLib.a : gapgattserver.o (.text)
                  0000fe96    000000e2              : ll_ae.o (.text)
                  0000ff78    000000e0     ti_sysbios_config.o (.text.ti_sysbios_knl_Event_pend)
                  00010058    000000e0     OneLib.a : ll_scheduler.o (.text)
                  00010138    000000e0     StackWrapper.a : osal_timers.o (.text)
                  00010218    000000dc     rf_multiMode_cc26x2.a : RFCC26X2_multiMode.c.cc26x2.ticlang.o (.text.RF_control)
                  000102f4    000000dc     data_analytics.o (.text.data2UDArray)
                  000103d0    000000dc     OneLib.a : ll_ae.o (.text)
                  000104ac    000000d8     ti_ble_config.o (.text.setBondManagerParameters)
                  00010584    000000d8     ti_sysbios_config.o (.text.ti_sysbios_family_arm_m3_Hwi_excFillContext)
                  0001065c    000000d8     OneLib.a : ll_common.o (.text)
                  00010734    000000d6     drivers_cc26x2x7.a : AESCTRDRBGXX.c.obj (.text.AESCTRDRBG_reseed)
                  0001080a    00000002     rom_init.o (.text.MAP_LL_SDAA_SampleRXWindow)
                  0001080c    000000d4     controller_profile.o (.text.Controller_AddService)
                  000108e0    000000d0     driverlib.lib : aes.c.obj (.text.NOROM_AESWriteToKeyStore)
                  000109b0    000000d0                   : setup.c.obj (.text.NOROM_SetupTrimDevice)
                  00010a80    000000d0     drivers_cc26x2x7.a : PowerCC26X2.c.obj (.text.configureXOSCHF)
                  00010b50    000000d0     data_analytics.o (.text.data_analytics_LEDSpeed)
                  00010c20    000000cc     general_purpose_timer.o (.text.GeneralPurposeTimer_taskFxn)
                  00010cec    000000cc     ti_sysbios_config.o (.text.ti_sysbios_knl_Clock_workFuncDynamic)
                  00010db8    000000cc     OneLib.a : hci_event.o (.text)
                  00010e84    000000cc     StackWrapper.a : osal.o (.text)
                  00010f50    000000ca     rf_multiMode_cc26x2.a : RFCC26X2_multiMode.c.cc26x2.ticlang.o (.text.RF_updatePaConfiguration)
                  0001101a    00000002     rom_init.o (.text.MAP_llClearPeriodicAdvSets)
                  0001101c    000000c8     ti_sysbios_config.o (.text.clock_gettime)
                  000110e4    000000c8     OneLib.a : gap_scanner.o (.text)
                  000111ac    000000c8              : ll.o (.text)
                  00011274    000000c8              : ll_ae.o (.text)
                  0001133c    000000c8              : ll_isr.o (.text)
                  00011404    00000004     ti_sysbios_config.o (.text.ClockP_isActive)
                  00011408    000000c4     libc.a : s_round.c.obj (.text.round)
                  000114cc    000000c4     OneLib.a : gapgattserver.o (.text)
                  00011590    000000c4              : ll_ae.o (.text)
                  00011654    000000c0     icall.o (.text.ICall_enrollService)
                  00011714    000000c0     multi_purpose_button.o (.text.mpb_execute_event)
                  000117d4    000000c0     OneLib.a : ll.o (.text)
                  00011894    000000c0              : ll_scheduler.o (.text)
                  00011954    000000bc     rf_multiMode_cc26x2.a : RFCC26X2_multiMode.c.cc26x2.ticlang.o (.text.RF_swiHw)
                  00011a10    000000bc     drivers_cc26x2x7.a : UART2CC26X2.c.obj (.text.UART2Support_dmaStartTx)
                  00011acc    000000bc     OneLib.a : ble.o (.text)
                  00011b88    000000bc              : ll_ecc.o (.text)
                  00011c44    000000b8     drivers_cc26x2x7.a : GPTimerCC26XX.c.obj (.text.GPTimerCC26XX_open)
                  00011cfc    000000b8     led_display.o (.text.led_display_changeBatteryStatus)
                  00011db4    000000b8     ti_sysbios_config.o (.text.ti_sysbios_knl_Task_Instance_finalize)
                  00011e6c    000000b8     ti_sysbios_config.o (.text.ti_sysbios_knl_Task_setPri)
                  00011f24    000000b8     OneLib.a : gap_scanner.o (.text)
                  00011fdc    000000b8              : ll.o (.text)
                  00012094    000000b8              : ll_slave_end_causes.o (.text)
                  0001214c    000000b8     StackWrapper.a : gattservapp_util.o (.text)
                  00012204    000000b4     drivers_cc26x2x7.a : ECDHCC26X2.c.obj (.text.ECDHCC26X2_getKeyResult)
                  000122b8    000000b4     ti_sysbios_config.o (.text.PowerCC26XX_standbyPolicy)
                  0001236c    000000b4     led_display.o (.text.led_display_changeBLE)
                  00012420    000000b4     StackWrapper.a : gapbondmgr.o (.text)
                  000124d4    000000b0     drivers_cc26x2x7.a : PowerCC26X2.c.obj (.text.Power_setDependency)
                  00012584    000000b0     OneLib.a : ll_enc.o (.text)
                  00012634    000000b0     StackWrapper.a : gapbondmgr.o (.text)
                  000126e4    000000b0                    : gattservapp_util.o (.text)
                  00012794    000000b0     libclang_rt.builtins.a : udivmoddi4.S.obj (.text)
                  00012844    000000ac     dashboard_profile.o (.text.Dashboard_ReadAttrCB)
                  000128f0    000000ac     dashboard_profile.o (.text.Dashboard_SetParameter)
                  0001299c    000000ac     drivers_cc26x2x7.a : PowerCC26X2.c.obj (.text.Power_releaseDependency)
                  00012a48    000000ac     rf_multiMode_cc26x2.a : RFCC26X2_multiMode.c.cc26x2.ticlang.o (.text.RF_pendCmd)
                  00012af4    000000ac     driverlib.lib : setup.c.obj (.text.TrimAfterColdResetWakeupFromShutDown)
                  00012ba0    000000ac     StackWrapper.a : gapbondmgr.o (.text)
                  00012c4c    000000a8     drivers_cc26x2x7.a : PWMTimerCC26XX.c.obj (.text.PWMTimerCC26XX_open)
                  00012cf4    00000004     ti_sysbios_config.o (.text.ClockP_setTimeout)
                  00012cf8    000000a8     data_analytics.o (.text.data_analytics_sampling)
                  00012da0    000000a8     OneLib.a : gattservapp.o (.text)
                  00012e48    000000a8              : hci_data.o (.text)
                  00012ef0    000000a8              : ll.o (.text)
                  00012f98    000000a8              : ll_common.o (.text)
                  00013040    000000a8     StackWrapper.a : osal_cbtimer.o (.text)
                  000130e8    000000a4     drivers_cc26x2x7.a : AESCTRCC26XX.c.obj (.text.AESCTR_startOneStepOperation)
                  0001318c    000000a4     icall.o (.text.ICall_heapMalloc)
                  00013230    000000a4     icall.o (.text.ICall_wait)
                  000132d4    000000a4     drivers_cc26x2x7.a : PWMTimerCC26XX.c.obj (.text.PWMTimerCC26XX_setDutyAndPeriod)
                  00013378    000000a4     rf_multiMode_cc26x2.a : RFCC26X2_multiMode.c.cc26x2.ticlang.o (.text.RF_initRadioSetup)
                  0001341c    000000a4     ti_sysbios_config.o (.text.ti_sysbios_knl_Task_Instance_init)
                  000134c0    000000a4     OneLib.a : ll_ae.o (.text)
                  00013564    000000a0     drivers_cc26x2x7.a : I2CCC26XX.c.obj (.text.I2CCC26XX_swiFxn)
                  00013604    000000a0     rf_multiMode_cc26x2.a : RFCC26X2_multiMode.c.cc26x2.ticlang.o (.text.RF_calculateDispatchTime)
                  000136a4    000000a0     data_analytics.o (.text.computeAvgBatteryVoltage)
                  00013744    00000004     ti_sysbios_config.o (.text.ClockP_start)
                  00013748    000000a0     data_analytics.o (.text.computeCO2Saved)
                  000137e8    000000a0     motor_control.o (.text.motorcontrol_rxMsgCb)
                  00013888    000000a0     OneLib.a : ll_common.o (.text)
                  00013928    000000a0              : ll_scheduler.o (.text)
                  000139c8    000000a0              : ll_scheduler.o (.text)
                  00013a68    0000009c     battery_profile.o (.text.Battery_SetParameter)
                  00013b04    0000009c     devinfoservice.o (.text.devInfo_ReadAttrCB)
                  00013ba0    0000009c     libc.a : s_floorf.c.obj (.text.floorf)
                  00013c3c    0000009c     power_on_time.o (.text.power_on_time_taskFxn)
                  00013cd8    0000009c     OneLib.a : ll_common.o (.text)
                  00013d74    0000009c              : ll_ecc.o (.text)
                  00013e10    0000009c              : ll_isr.o (.text)
                  00013eac    0000009a     drivers_cc26x2x7.a : UART2.c.obj (.text.UART2_writeCancel)
                  00013f46    00000002     rom_init.o (.text.MAP_llClearPeriodicScanSets)
                  00013f48    00000098     drivers_cc26x2x7.a : GPTimerCC26XX.c.obj (.text.GPTimerCC26XX_close)
                  00013fe0    00000098     nvocmp.o (.text.NVOCMP_erase)
                  00014078    00000098     rf_multiMode_cc26x2.a : RFCC26X2_multiMode.c.cc26x2.ticlang.o (.text.RF_defaultSubmitPolicy)
                  00014110    00000098     drivers_cc26x2x7.a : UART2CC26X2.c.obj (.text.UART2_close)
                  000141a8    00000098     OneLib.a : gatt_server.o (.text)
                  00014240    00000098              : gattservapp.o (.text)
                  000142d8    00000098              : hci_event.o (.text)
                  00014370    00000096     rf_multiMode_cc26x2.a : RFCC26X2_multiMode.c.cc26x2.ticlang.o (.text.RF_verifyGap)
                  00014406    00000002     rom_init.o (.text.MAP_llCoexInit)
                  00014408    00000094     battery_profile.o (.text.Battery_ReadAttrCB)
                  0001449c    00000094     rf_multiMode_cc26x2.a : RFCC26X2_multiMode.c.cc26x2.ticlang.o (.text.RF_ratRestartChannels)
                  00014530    00000094     UDHAL_PWM.o (.text.UDHAL_PWM_paramInit)
                  000145c4    00000094     ti_sysbios_config.o (.text.ti_sysbios_knl_Clock_startI)
                  00014658    00000094     ti_sysbios_config.o (.text.ti_sysbios_knl_Task_sleep)
                  000146ec    00000094     OneLib.a : ll.o (.text)
                  00014780    00000092              : gap_task.o (.text)
                  00014812    00000002     rom_init.o (.text.MAP_llCoexSetParams)
                  00014814    00000090     drivers_cc26x2x7.a : GPIOCC26XX.c.obj (.text.GPIO_setConfigAndMux)
                  000148a4    00000090     osal_icall_ble.o (.text.osalInitTasks)
                  00014934    00000090     OneLib.a : ll.o (.text)
                  000149c4    00000090              : ll_common.o (.text)
                  00014a54    0000008c     drivers_cc26x2x7.a : TRNGCC26XX.c.obj (.text.TRNG_construct)
                  00014ae0    0000008c     ti_sysbios_config.o (.text.ti_sysbios_knl_Clock_init)
                  00014b6c    0000008c     OneLib.a : ll_ae.o (.text)
                  00014bf8    00000088     dashboard_profile.o (.text.Dashboard_WriteAttrCB)
                  00014c80    00000088     rf_multiMode_cc26x2.a : RFCC26X2_multiMode.c.cc26x2.ticlang.o (.text.RF_cmdDispatchTime)
                  00014d08    00000088                           : RFCC26X2_multiMode.c.cc26x2.ticlang.o (.text.RF_discardPendCmd)
                  00014d90    00000088     multi_purpose_button.o (.text.mpb_processButtonEvt)
                  00014e18    00000088     OneLib.a : ll_isr.o (.text)
                  00014ea0    00000088     StackWrapper.a : osal_cbtimer.o (.text)
                  00014f28    00000084     icall.o (.text.ICall_setTimer)
                  00014fac    00000084     rf_multiMode_cc26x2.a : RFCC26X2_multiMode.c.cc26x2.ticlang.o (.text.RF_getInfo)
                  00015030    00000084     ti_sysbios_config.o (.text._pthread_abstime2ticks)
                  000150b4    00000084     led_display.o (.text.led_display_changeDashSpeed)
                  00015138    00000084     veml6030.o (.text.veml6030_setIntThreshold)
                  000151bc    00000080     drivers_cc26x2x7.a : AESCTRCC26XX.c.obj (.text.AESCTR_hwiFxn)
                  0001523c    00000080                        : UART2CC26X2.c.obj (.text.UART2Support_dmaStopTx)
                  000152bc    00000080                        : NVSCC26XX.c.obj (.text.doErase)
                  0001533c    00000080     multi_purpose_button.o (.text.mpb_processTimerOv)
                  000153bc    00000080     ti_sysbios_config.o (.text.ti_sysbios_family_arm_m3_Hwi_initNVIC)
                  0001543c    00000080     ti_sysbios_config.o (.text.ti_sysbios_gates_GateMutexPri_enter)
                  000154bc    00000080     OneLib.a : ll_ae.o (.text)
                  0001553c    00000080              : ll_common.o (.text)
                  000155bc    00000080              : ll_enc.o (.text)
                  0001563c    0000007e     nvocmp.o (.text.NVOCMP_readHeader)
                  000156ba    0000007e     libc.a : s_roundf.c.obj (.text.roundf)
                  00015738    0000007e     OneLib.a : gap_task.o (.text)
                  000157b6    00000002     rom_init.o (.text.MAP_llCoexUpdateCounters)
                  000157b8    0000007c     rf_multiMode_cc26x2.a : RFCC26X2_multiMode.c.cc26x2.ticlang.o (.text.RF_ratDisableChannel)
                  00015834    0000007c     simple_peripheral.o (.text.SimplePeripheral_updatePHYStat)
                  000158b0    0000007c     data_analytics.o (.text.computePowerConsumption)
                  0001592c    0000007c     icall.o (.text.icall_directAPI)
                  000159a8    0000007c     ti_sysbios_config.o (.text.ti_sysbios_family_arm_m3_Hwi_postInit)
                  00015a24    0000007c     OneLib.a : ll.o (.text)
                  00015aa0    0000007c              : ll.o (.text)
                  00015b1c    0000007c     StackWrapper.a : gapbondmgr.o (.text)
                  00015b98    0000007a     drivers_cc26x2x7.a : AESCTRDRBGXX.c.obj (.text.AESCTRDRBGXX_updateState)
                  00015c12    00000002     rom_init.o (.text.MAP_llDmmDynamicFree)
                  00015c14    00000078     dashboard_profile.o (.text.Dashboard_AddService)
                  00015c8c    00000078     icall.o (.text.ICall_createRemoteTasksAtRuntime)
                  00015d04    00000078     drivers_cc26x2x7.a : NVSCC26XX.c.obj (.text.NVSCC26XX_open)
                  00015d7c    00000078     rf_multiMode_cc26x2.a : RFCC26X2_multiMode.c.cc26x2.ticlang.o (.text.RF_ratFreeChannel)
                  00015df4    00000078     brake_and_throttle.o (.text.brake_and_throttle_init)
                  00015e6c    00000078     led_display.o (.text.led_display_init)
                  00015ee4    00000078     ti_sysbios_config.o (.text.ti_sysbios_knl_Task_postInit)
                  00015f5c    00000078     OneLib.a : l2cap_task.o (.text)
                  00015fd4    00000078              : ll_common.o (.text)
                  0001604c    00000078     StackWrapper.a : osal_bufmgr.o (.text)
                  000160c4    00000076     OneLib.a : gattservapp.o (.text)
                  0001613a    00000076     StackWrapper.a : gap.o (.text)
                  000161b0    00000074     controller_profile.o (.text.Controller_GetParameter)
                  00016224    00000074     drivers_cc26x2x7.a : I2CCC26XX.c.obj (.text.I2C_close)
                  00016298    00000074     icall.o (.text.ICall_heapInit)
                  0001630c    00000074     icall.o (.text.ICall_sendServiceComplete)
                  00016380    00000074     nvocmp.o (.text.NVOCMP_readItemApi)
                  000163f4    00000074     drivers_cc26x2x7.a : PowerCC26X2_calibrateRCOSC_helpers.c.obj (.text.PowerCC26X2_updateSubSecInc)
                  00016468    00000074     rf_multiMode_cc26x2.a : RFCC26X2_multiMode.c.cc26x2.ticlang.o (.text.RF_hwiHw)
                  000164dc    00000074     UDHAL.o (.text.UDHAL_init)
                  00016550    00000074     led_display.o (.text.led_display_ErrorDisplay)
                  000165c4    00000074     ti_sysbios_config.o (.text.ti_sysbios_knl_Swi_restoreHwi)
                  00016638    00000074     ti_sysbios_config.o (.text.ti_sysbios_knl_Task_startup)
                  000166ac    00000074     OneLib.a : gap_linkmgr.o (.text)
                  00016720    00000074              : gatt_server.o (.text)
                  00016794    00000074              : ll.o (.text)
                  00016808    00000074              : ll_common.o (.text)
                  0001687c    00000074              : ll_common.o (.text)
                  000168f0    00000074              : ll_enc.o (.text)
                  00016964    00000074     StackWrapper.a : osal_cbtimer.o (.text)
                  000169d8    00000070     drivers_cc26x2x7.a : AESCCMCC26XX.c.obj (.text.AESCCM_cleanup)
                  00016a48    00000070                        : AESCTRCC26XX.c.obj (.text.AESCTR_construct)
                  00016ab8    00000070                        : AESECBCC26XX.c.obj (.text.AESECB_construct)
                  00016b28    00000070     ALS_control.o (.text.ALS_control_setLight)
                  00016b98    00000070     drivers_cc26x2x7.a : I2CCC26XX.c.obj (.text.I2CSupport_primeTransfer)
                  00016c08    00000070     icall_cc2650.o (.text.ICallPlatform_pwrUpdActivityCounter)
                  00016c78    00000070     data_analytics.o (.text.computeMotorTemperature)
                  00016ce8    00000070     ti_sysbios_config.o (.text.ti_sysbios_family_arm_m3_Hwi_Instance_init)
                  00016d58    00000070     veml6030.o (.text.veml6030_read)
                  00016dc8    00000070     OneLib.a : ll_ae.o (.text)
                  00016e38    00000070              : ll_enc.o (.text)
                  00016ea8    00000070     StackWrapper.a : osal.o (.text)
                  00016f18    00000070     libc.a : copy_decompress_lzss.c.obj (.text:decompress:lzss)
                  00016f88    0000006e     libclang_rt.builtins.a : comparedf2.c.obj (.text.__gedf2)
                  00016ff6    00000002     rom_init.o (.text.MAP_llDmmSetThreshold)
                  00016ff8    0000006e     libclang_rt.builtins.a : comparedf2.c.obj (.text.__ledf2)
                  00017066    00000002     rom_init.o (.text.MAP_llHealthUpdate)
                  00017068    0000006e     libclang_rt.builtins.a : truncdfsf2.S.obj (.text.__truncdfsf2)
                  000170d6    00000002     rom_init.o (.text.MAP_llMaster_TaskEnd)
                  000170d8    0000006c     drivers_cc26x2x7.a : AESECBCC26XX.c.obj (.text.AESECB_hwiFxn)
                  00017144    0000006c     nvocmp.o (.text.NVOCMP_eraseNvApi)
                  000171b0    0000006c     nvocmp.o (.text.NVOCMP_writeItemApi)
                  0001721c    0000006c     rf_multiMode_cc26x2.a : RFCC26X2_multiMode.c.cc26x2.ticlang.o (.text.RF_issueRadioFreeCb)
                  00017288    0000006c     drivers_cc26x2x7.a : Random.c.obj (.text.Random_seedAutomatic)
                  000172f4    0000006c     simple_peripheral.o (.text.SimplePeripheral_processParamUpdate)
                  00017360    0000006c     brake_and_throttle.o (.text.brake_and_throttle_toggleSpeedMode)
                  000173cc    0000006c     led_display.o (.text.led_display_changeLightMode)
                  00017438    0000006c     main.o (.text.main)
                  000174a4    0000006c     drivers_cc26x2x7.a : PowerCC26X2.c.obj (.text.oscillatorISR)
                  00017510    0000006c     ti_sysbios_config.o (.text.ti_sysbios_family_arm_m3_Hwi_dispatchC)
                  0001757c    0000006c     ti_sysbios_config.o (.text.ti_sysbios_hal_Seconds_getTime)
                  000175e8    0000006c     veml6030.o (.text.veml6030_resolution)
                  00017654    0000006c     OneLib.a : gap_linkmgr.o (.text)
                  000176c0    0000006c              : gatt_server.o (.text)
                  0001772c    0000006c              : ll_isr.o (.text)
                  00017798    0000006c              : ll_scheduler.o (.text)
                  00017804    0000006c     StackWrapper.a : osal_cbtimer.o (.text)
                  00017870    00000068     devinfoservice.o (.text.DevInfo_SetParameter)
                  000178d8    00000068     rf_multiMode_cc26x2.a : RFCC26X2_multiMode.c.cc26x2.ticlang.o (.text.RF_detachOverrides)
                  00017940    00000068     drivers_cc26x2x7.a : UART2CC26X2.c.obj (.text.UART2Support_dmaStopRx)
                  000179a8    00000068     periodic_communication.o (.text.periodic_communication_MCUSamplingRPM)
                  00017a10    00000068     ti_sysbios_config.o (.text.ti_sysbios_knl_Event_post)
                  00017a78    00000068     ti_sysbios_config.o (.text.ti_sysbios_knl_Swi_run)
                  00017ae0    00000068     OneLib.a : gap_task.o (.text)
                  00017b48    00000068              : gattservapp.o (.text)
                  00017bb0    00000068              : ll.o (.text)
                  00017c18    00000068              : ll_ae.o (.text)
                  00017c80    00000068              : ll_common.o (.text)
                  00017ce8    00000066     StackWrapper.a : icall_lite_translation.o (.text)
                  00017d4e    00000002     rom_init.o (.text.MAP_llPeriodicAdv_PostProcess)
                  00017d50    00000064     drivers_cc26x2x7.a : AESCCMCC26XX.c.obj (.text.AESCCM_hwiFxn)
                  00017db4    00000064     icall.o (.text.ICall_send)
                  00017e18    00000064     driverlib.lib : chipinfo.c.obj (.text.NOROM_ChipInfo_GetChipType)
                  00017e7c    00000064                   : osc.c.obj (.text.NOROM_OSCHF_AttemptToSwitchToXosc)
                  00017ee0    00000064     drivers_cc26x2x7.a : PowerCC26X2_calibrateRCOSC.c.obj (.text.PowerCC26X2_initiateCalibration)
                  00017f44    00000064     rf_multiMode_cc26x2.a : RFCC26X2_multiMode.c.cc26x2.ticlang.o (.text.RF_attachOverrides)
                  00017fa8    00000064                           : RFCC26X2_multiMode.c.cc26x2.ticlang.o (.text.RF_dispatchNextEvent)
                  0001800c    00000064                           : RFCC26X2_multiMode.c.cc26x2.ticlang.o (.text.RF_hwiCpe0PowerFsm)
                  00018070    00000064     drivers_cc26x2x7.a : UDMACC26XX.c.obj (.text.UDMACC26XX_open)
                  000180d4    00000064     data_analytics.o (.text.computeAvgHeatSinkTemperature)
                  00018138    00000064     ti_sysbios_config.o (.text.ti_sysbios_gates_GateMutexPri_leave)
                  0001819c    00000064     ti_sysbios_config.o (.text.ti_sysbios_knl_Idle_init)
                  00018200    00000064     ti_sysbios_config.o (.text.ti_sysbios_knl_TaskSupport_buildTaskStack)
                  00018264    00000064     veml6030.o (.text.veml6030_init)
                  000182c8    00000064     OneLib.a : gapgattserver.o (.text)
                  0001832c    00000064              : gattservapp.o (.text)
                  00018390    00000064              : gattservapp.o (.text)
                  000183f4    00000064              : ll_common.o (.text)
                  00018458    00000064              : ll_isr.o (.text)
                  000184bc    00000064              : ll_scheduler.o (.text)
                  00018520    00000062     rf_multiMode_cc26x2.a : RFCC26X2_multiMode.c.cc26x2.ticlang.o (.text.RF_syncCb)
                  00018582    00000002     rom_init.o (.text.MAP_llProcessPeriodicScanRxFIFO)
                  00018584    00000062     libclang_rt.builtins.a : aeabi_dcmp.S.obj (.text.__aeabi_dcmp)
                  000185e6    00000002     rom_init.o (.text.MAP_llSetPeriodicSyncInfo)
                  000185e8    00000060     ALS_control.o (.text.ALS_control_init)
                  00018648    00000060     battery_profile.o (.text.Battery_AddService)
                  000186a8    00000060     drivers_cc26x2x7.a : CryptoResourceCC26XX.c.obj (.text.CryptoResourceCC26XX_constructRTOSObjects)
                  00018708    00000060     nvocmp.o (.text.NVOCMP_checkItem)
                  00018768    00000060     nvocmp.o (.text.NVOCMP_verifyCRC)
                  000187c8    00000060     drivers_cc26x2x7.a : PKAResourceCC26XX.c.obj (.text.PKAResourceCC26XX_constructRTOSObjects)
                  00018828    00000060     data_analytics.o (.text.computeRange)
                  00018888    00000060     lights.o (.text.lights_lightModeChange)
                  000188e8    00000060     rf_multiMode_cc26x2.a : rf_patch_mce_bt5.c.cc26x2.ticlang.o (.text.rf_patch_mce_bt5)
                  00018948    00000060     osal_icall_ble.o (.text.stack_main)
                  000189a8    00000060     ti_sysbios_config.o (.text.ti_sysbios_knl_Clock_walkQueueDynamic)
                  00018a08    00000060     ti_sysbios_config.o (.text.ti_sysbios_knl_Semaphore_post)
                  00018a68    00000060     ti_sysbios_config.o (.text.ti_sysbios_knl_Swi_schedule)
                  00018ac8    00000060     OneLib.a : ll_common.o (.text)
                  00018b28    00000060              : sm_pairing.o (.text)
                  00018b88    00000060     StackWrapper.a : gapbondmgr.o (.text)
                  00018be8    00000060                    : osal_timers.o (.text)
                  00018c48    0000005e     rf_multiMode_cc26x2.a : rfc.c.cc26x2.ticlang.o (.text.NOROM_RFCAnaDivTxOverride)
                  00018ca6    0000005e     OneLib.a : ll_common.o (.text)
                  00018d04    0000005c     drivers_cc26x2x7.a : ADCCC26XX.c.obj (.text.ADCCC26XX_open)
                  00018d60    0000005c                        : PWMTimerCC26XX.c.obj (.text.PWMTimerCC26XX_setPeriod)
                  00018dbc    0000005c                        : TRNGCC26XX.c.obj (.text.TRNGCC26XX_startTrng)
[...]
20003330  periConnParameters                                              
20003338  clientCbs                                                       
20003346  pRandomAddress                                                  
20003352  xhf                                                             
20003354  xtt                                                             
20003358  ICall_dispatcher                                                
2000336c  __aeabi_errno                                                   
20003370  _lock                                                           
20003374  _unlock                                                         
20003378  appAssertCback                                                  
2000337c  icallServiceTblPtr                                              
20003384  pRfErrCb                                                        
20003388  pfnBMAlloc                                                      
2000338c  pfnBMFree                                                       
20003390  patchedSlaveCtrlPktList                                         
20003394  halAssertCback                                                  
200033a2  bleUserCfg_maxPduSize                                           
200033a4  xrpm                                                            
200033a6  disconnectImmedConnId                                           
200033a8  llUserConfig_maxPduSize                                         
200033aa  baseTaskID                                                      
200033c3  PKAResourceCC26XX_pollingFlag                                   
200033c7  adc_brake_status                                                
200033c8  adc_convert_status                                              
200033c9  adc_throttle_status                                             
200033cf  heartbeat                                                       
200033db  timer3_count                                                    
200033dc  uartOpenStatus                                                  
200033dd  deviceNameCharProps                                             
200033de  appearanceCharProps                                             
200033df  periConnParamCharProps                                          
200033e0  centAddrResCharProps                                            
200033e1  centAddrRes                                                     
200033e2  resolvablePrivateAddressOnlyCharProps                           
200033e3  GATTServApp_gatt_no_service_changed                             
200033e5  qosDefaultPriorityConnParameter                                 
200033e6  extScanChanMap                                                  
200033e7  sizeOfAllExtConnParam                                           
200033e8  rfRatHandle                                                     
200033e9  smAllowDebugKeysMode                                            
200033ea  gapEndAppTaskID                                                 
200033eb  gapAppTaskID                                                    
200033ec  legacyMode                                                      
200033f0  gptTaskStack                                                    
200037f0  spTaskStack                                                     
20003bf0  ti_sysbios_knl_Idle_taskStack                                   
200041b0  mpbTaskStack                                                    
20004350  uart2CC26X2Objects                                              
200044c0  potTaskStack                                                    
20004628  i2cCC26xxObjects                                                
20004768  rfObject                                                        
20004868  ti_sysbios_family_arm_m3_Hwi_dispatchTable                      
20004940  SMFactor                                                        
20004a08  aesctrdrbgXXObjects                                             
20004aac  gptimerCC26XXObjects                                            
20004b44  trngCC26XXObjects                                               
20004bc8  gpioCallbackFunctions                                           
20004c44  gpioUserArgs                                                    
20004cc0  cbTimers                                                        
20004da0  IQ_applied_array                                                
20004e04  IQ_input_array                                                  
20004e68  RPM_temp_array                                                  
20004ed0  ti_sysbios_knl_ClockSupport_timerStruct                         
20004f30  gptTask                                                         
20004f88  mpbTask                                                         
20004fe0  potTask                                                         
20005038  spTask                                                          
20005090  ti_sysbios_knl_Idle_taskStruct                                  
20005138  CryptoResourceCC26XX_accessSemaphore                            
20005188  CryptoResourceCC26XX_operationSemaphore                         
200051d8  PKAResourceCC26XX_accessSemaphore                               
20005228  PKAResourceCC26XX_operationSemaphore                            
20005348  pwmTimerCC26XXObjects                                           
200053c4  nvFptrs                                                         
20005400  CCVArray                                                        
20005434  bat_count_array                                                 
20005466  appearance                                                      
20005468  ti_sysbios_knl_Swi_readyQs                                      
20005498  ti_sysbios_knl_Task_readyQs                                     
200054c8  NVOCMP_nvHandle                                                 
200054f6  maximumPduSize                                                  
200054f8  aesecbCC26XXObjects                                             
20005568  llCteSamples                                                    
200055cc  req                                                             
200055ec  gapBond_remoteOobData                                           
2000560c  gapBond_localOobData                                            
2000562c  ecdhCC26X2Objects                                               
2000564c  ti_sysbios_runtime_System_atexitHandlers                        
2000566c  udmaCC26XXObject                                                
200056a8  BIOS_heapCallbackObject                                         
200056c4  BIOS_rtsGate                                                    
200056e0  CryptoResourceCC26XX_hwi                                        
200056fc  PKAResourceCC26XX_hwi                                           
20005718  deviceName                                                      
20005730  DCVArray                                                        
20005748  aesccmCC26XXObjects                                             
20005760  params_buzzer                                                   
20005778  params_headlight                                                
200057a4  BCVArray                                                        
200057b8  ti_sysbios_hal_Seconds_Module_state                             
200057cc  i2cParams                                                       
200057dc  llCteTest                                                       
200057e8  cteAntennaProp                                                  
200057f4  llTaskList                                                      
20005800  defaultChannelMap                                               
20005808  secondaryAdvChannelMap                                          
20005810  llRfCmdPreemption                                               
20005820  params_brake                                                    
20005828  params_throttle                                                 
20005830  RPM_array                                                       
20005836  throttleADCSamples                                              
2000583c  UDHAL_sysFatalError                                             
20005841  writeBuffer                                                     
20005858  ggs_AppCBs                                                      
2000585c  pClientSecCBs                                                   
20005864  linkDBExtra                                                     
20005868  BDAddrPerConnHandle                                             
2000586c  llCte                                                           
20005870  llConnExtParam                                                  
20005874  extStackSettings                                                
20005878  rfMode                                                          
2000587c  trngHandle                                                      
20005880  pNextAdvSet                                                     
20005884  llCurrentMappedChan                                             
20005888  drbgHandle                                                      
2000588c  pRpaCfg                                                         
20005890  pRXWindowTask                                                   
20005894  gapBond_lruBondList                                             
20005898  gapBondStateNodeHead                                            
2000589c  osal_syncHandle                                                 
200058a0  osal_icallMsg_hook                                              
200058a4  osal_qHead                                                      
200058a8  osal_max_msecs                                                  
200058ac  osal_tickperiod                                                 
200058b0  osal_eventloop_hook                                             
200058b4  bm_preReleaseBuffCB                                             
200058c0  OSAL_timeSeconds                                                
200058c4  timerHead                                                       
200058cc  osal_last_timestamp                                             
200058d0  HEAPMGR_SIZE                                                    
200058d4  PowerCC26XX_swiKey                                              
200058d8  PowerCC26XX_taskKey                                             
200058dc  adcCC26xxObjects                                                
200058e0  adcValues                                                       
200058e4  adc_brake                                                       
200058e8  adc_throttle                                                    
200058ec  co2Saved_g                                                      
200058f0  deltaMileage_dm                                                 
200058f4  deltaPowerConsumption_mWh                                       
200058f8  mpb_timerManager                                                
200058fc  ptr_MCUDArray                                                   
20005900  ptr_adcValues                                                   
20005904  ptr_bat_MCUDArray                                               
20005908  ptr_bat_profileCharVal                                          
2000590c  ptr_da_profileCharVal                                           
20005910  ptr_gpt_advertiseFlag                                           
20005914  ptr_gpt_opcode                                                  
20005918  ptr_led_advertiseFlag                                           
2000591c  ptr_led_gpt_counter                                             
20005920  ptr_led_opcode                                                  
20005924  ptr_lights_profileCharVal                                       
20005928  ptr_pc_MCUDArray                                                
2000592c  ptr_pot_advertiseFlag                                           
20005930  ptr_pot_charVal                                                 
20005934  ptr_pot_powerOn                                                 
20005938  ptr_pot_profileCharVal                                          
2000593c  ptr_sp_profileCharVal                                           
20005940  pwmBUZduty                                                      
20005944  pwmHLduty                                                       
20005948  resolution                                                      
2000594c  sumDeltaMileage_dm                                              
20005950  sumDeltaPowerConsumed_mWh                                       
20005954  tasksEvents                                                     
20005958  ti_sysbios_family_arm_cc26xx_TimestampProvider_Module_state     
2000595c  ti_sysbios_knl_Task_defaultStackHeap                            
20005960  totalMileage0_dm                                                
20005964  totalMileagePrev_dm                                             
20005968  totalPowerConsumed0_mWh                                         
2000596c  totalPowerConsumedPrev_mWh                                      
20005972  pwrmgr_attribute                                                
20005974  Hightreshold                                                    
20005976  IQ_applied                                                      
20005978  IQ_input                                                        
2000597a  Lowtreshold                                                     
2000597c  RPM_temp                                                        
2000597e  UDIndex                                                         
20005980  UDIndexPrev                                                     
20005982  brakePercent                                                    
20005984  rawSpeed_100kph                                                 
20005986  readBuffer                                                      
20005988  throttlePercent                                                 
2000598b  scanResToDiscard                                                
2000598c  resolvablePrivateAddressOnly                                    
2000598d  GATTServApp_att_delayed_req                                     
2000598e  hciTaskID                                                       
2000598f  hciL2capTaskID                                                  
20005990  hciGapTaskID                                                    
20005991  hciSmpTaskID                                                    
20005992  hciTestTaskID                                                   
20005993  hciVsEvtMask                                                    
20005994  scanReqRpt                                                      
20005995  secondaryAdvChannelMapPopCount                                  
20005996  qosDefaultPriorityAdvParameter                                  
20005997  maxNumCteDataBufs                                               
20005998  numActiveAdvSets                                                
20005999  wlSize                                                          
2000599a  rlSize                                                          
2000599b  decryptResult                                                   
2000599c  llUnhandleNextIntFlag                                           
2000599d  smAuthenPairingOnlyMode                                         
2000599e  icall_liteTaskId                                                
2000599f  gapBond_removeLRUBond                                           
200059a0  gapBond_syncRL                                                  
200059a1  assertSubcause                                                  
200059a2  osal_entity                                                     
200059a3  pwrmgr_initialized                                              
200059a4  BLE_flash_status                                                
200059a5  NVOCMP_size                                                     
200059a6  battery_bar1_status                                             
200059a7  check_enableStatus                                              
200059a8  dashSpeed                                                       
200059a9  gAction                                                         
200059aa  ledBLESelect_old                                                
200059ab  ledBLEStatus                                                    
200059ac  ledBatteryStatus                                                
200059ad  ledBatteryStatus_old                                            
200059ae  ledBrightness                                                   
200059af  ledBrightness_old                                               
200059b0  ledLightMode                                                    
200059b1  ledLightMode_old                                                
200059b2  ledLightStatus                                                  
200059b3  ledLightStatus_old                                              
200059b4  ledPower_old                                                    
200059b5  ledSetpower                                                     
200059b6  ledSpeed                                                        
200059b7  ledSpeedMode                                                    
200059b8  ledSpeedModeSelect_old                                          
200059b9  ledSpeed_old                                                    
200059ba  ledUnitSelectDash                                               
200059bb  ledUnitSelect_old                                               
200059bc  led_display_i2cTransferStatus                                   
200059bd  led_error_code_old                                              
200059be  led_error_priority                                              
200059bf  light_mode                                                      
200059c0  light_mode_Index                                                
200059c1  nvsCC26XXObjects                                                
200059c2  pwm_openStatus                                                  
200059c3  sp_i2cOpenStatus                                                
200059c4  tempIndex                                                       
200059c5  veml6030_i2cTransferStatus                                      
20005a00  ti_sysbios_family_arm_m3_Hwi_ramVectors                         
20005ad8  heapStart                                                       
20023c00  __stack                                                         
20023c00  heapEnd                                                         
20024000  __STACK_END                                                     
20024000  __STACK_TOP                                                     
20024000  __UNUSED_SRAM_end__                                             
ffffffff  __TI_pprof_out_hndl                                             
ffffffff  __TI_prof_data_size                                             
ffffffff  __TI_prof_data_start                                            
ffffffff  __binit__                                                       
ffffffff  binit                                                           
UNDEFED   ITM_flush                                                       
UNDEFED   ITM_restore                                                     
UNDEFED   __c_args__                                                      
UNDEFED   __mpu_init                                                      

[3167 symbols]
