******************************************************************************
            TI ARM Clang Linker PC v3.2.0                      
******************************************************************************
>> Linked Fri May 17 10:33:38 2024

OUTPUT FILE NAME:   <simple_peripheral_LP_CC2652R7_tirtos7_ticlang.out>
ENTRY POINT SYMBOL: "ResetISR"  address: 0001f60d


MEMORY CONFIGURATION

         name            origin    length      used     unused   attr    fill
----------------------  --------  ---------  --------  --------  ----  --------
  FLASH                 00000000   000ae000  000266fb  00087905  R  X
  FLASH_LAST_PAGE       000ae000   00002000  00000058  00001fa8  R  X
  RTOS_SRAM             20000000   0000012c  00000000  0000012c  RW X
  SRAM                  20000fdf   00023021  000039f8  0001f629  RW X


SEGMENT ALLOCATION MAP

run origin  load origin   length   init length attrs members
----------  ----------- ---------- ----------- ----- -------
00000000    00000000    00022700   00022700    r-x
  00000000    00000000    0000003c   0000003c    r-- .resetVecs
  00000040    00000040    0001fd98   0001fd98    r-x .text
  0001fdd8    0001fdd8    000022af   000022af    r-- .rodata
  00022088    00022088    00000678   00000678    r-- .cinit
00048000    00048000    00004000   00000000    rw-
  00048000    00048000    00004000   00000000    rw- .TI.bound:flashBuf0
000affa8    000affa8    00000058   00000058    r--
  000affa8    000affa8    00000058   00000058    r-- .ccfg
20001810    20001810    00000020   00000000    rw-
  20001810    20001810    00000010   00000000    rw- .TI.bound:dmaUart0RxControlTableEntry
  20001820    20001820    00000010   00000000    rw- .TI.bound:dmaUart0TxControlTableEntry
20001900    20001900    0000344a   00000000    rw-
  20001900    20001900    000011ce   00000000    rw- .data
  20002ad0    20002ad0    0000227a   00000000    rw- .bss
20004e00    20004e00    000000d8   00000000    rw-
  20004e00    20004e00    000000d8   00000000    rw- .ramVecs
20023c00    20023c00    00000400   00000000    rw-
  20023c00    20023c00    00000400   00000000    rw- .stack


SECTION ALLOCATION MAP

 output                                  attributes/
section   page    origin      length       input sections
--------  ----  ----------  ----------   ----------------
.resetVecs 
*          0    00000000    0000003c     
                  00000000    0000003c     ti_sysbios_config.o (.resetVecs)

.cinit     0    00022088    00000678     
                  00022088    00000623     (.cinit..data.load) [load image, compression = lzss]
                  000226ab    00000001     --HOLE-- [fill = 0]
                  000226ac    0000000c     (__TI_handler_table)
                  000226b8    00000008     (.cinit..TI.bound:dmaUart0RxControlTableEntry.load) [load image, compression = zero_init]
                  000226c0    00000008     (.cinit..TI.bound:dmaUart0TxControlTableEntry.load) [load image, compression = zero_init]
                  000226c8    00000008     (.cinit..bss.load) [load image, compression = zero_init]
                  000226d0    00000008     (.cinit..ramVecs.load) [load image, compression = zero_init]
                  000226d8    00000028     (__TI_cinit_table)

.init_array 
*          0    00000000    00000000     UNINITIALIZED

.ccfg      0    000affa8    00000058     
                  000affa8    00000058     ti_devices_config.o (.ccfg)

.data      0    20001900    000011ce     UNINITIALIZED
                  20001900    00000174     drivers_cc26x2x7.a : PowerCC26X2.c.obj (.data.PowerCC26X2_module)
                  20001a74    00000164     led_display.o (.data.functionTable)
                  20001bd8    00000110     simple_gatt_profile.o (.data.simpleProfileAttrTbl)
                  20001ce8    000000f4     StackWrapper.a : gapbondmgr.o (.data)
                  20001ddc    000000b0     OneLib.a : gapgattserver.o (.data)
                  20001e8c    00000090     devinfoservice.o (.data.devInfoAttrTbl)
                  20001f1c    00000080     simple_peripheral.o (.data.snv_read_80)
                  20001f9c    0000007c     ti_drivers_config.o (.data.gpioPinConfigs)
                  20002018    0000006c     OneLib.a : ll_config.o (.data)
                  20002084    00000068     rf_multiMode_cc26x2.a : RFCC26X2_multiMode.c.cc26x2.ticlang.o (.data..L_MergedGlobals.1)
                  200020ec    00000004     periodic_communication.o (.data..L_MergedGlobals)
                  200020f0    00000068     ti_sysbios_config.o (.data..L_MergedGlobals.71)
                  20002158    00000068     ti_sysbios_config.o (.data..L_MergedGlobals)
                  200021c0    00000068     ti_sysbios_config.o (.data.ti_sysbios_knl_Clock_Module_state)
                  20002228    00000066     data_analytics.o (.data..L_MergedGlobals.1)
                  2000228e    00000002     buzzer.o (.data..L_MergedGlobals)
                  20002290    00000064     simple_peripheral.o (.data..L_MergedGlobals.10)
                  200022f4    00000064     rf_multiMode_cc26x2.a : RFCC26X2_multiMode.c.cc26x2.ticlang.o (.data..L_MergedGlobals.3)
                  20002358    00000063     data_analytics.o (.data..L_MergedGlobals)
                  200023bb    00000001     drivers_cc26x2x7.a : AESCTRCC26XX.c.obj (.data.AESCTR_isInitialized)
                  200023bc    00000058     rf_multiMode_cc26x2.a : RFCC26X2_multiMode.c.cc26x2.ticlang.o (.data..L_MergedGlobals.2)
                  20002414    00000058     ti_radio_config.o (.data.pOverrides_bleCommon)
                  2000246c    00000054     devinfoservice.o (.data..L_MergedGlobals)
                  200024c0    00000050     ti_radio_config.o (.data.txPowerTable_2400_pa5)
                  20002510    00000040     UDHAL_I2C.o (.data..L_MergedGlobals)
                  20002550    00000040     OneLib.a : gattservapp.o (.data)
                  20002590    00000040              : sm_pairing.o (.data)
                  200025d0    0000003c     icall.o (.data..L_MergedGlobals.1)
                  2000260c    0000003c     icall_user_config.o (.data.nvintfFncStruct)
                  20002648    0000003c     ti_sysbios_config.o (.data.ti_sysbios_knl_Task_Module_state)
                  20002684    00000038     drivers_cc26x2x7.a : TRNGCC26XX.c.obj (.data..L_MergedGlobals.1)
                  200026bc    00000004     icall.o (.data.ICall_dispatcher)
                  200026c0    00000030     drivers_cc26x2x7.a : TRNGCC26XX.c.obj (.data..L_MergedGlobals)
                  200026f0    00000028     nvocmp.o (.data..L_MergedGlobals.1)
                  20002718    00000024     ble_user_config.o (.data.eccParams_NISTP256)
                  2000273c    00000024     ti_radio_config.o (.data.pOverrides_ble2Mbps)
                  20002760    00000022     data_analytics.o (.data.batteryVoltage_mV)
                  20002782    00000002     lights.o (.data..L_MergedGlobals)
                  20002784    00000020     veml6030.o (.data..L_MergedGlobals)
                  200027a4    0000001c     UDHAL_Timer3.o (.data..L_MergedGlobals.1)
                  200027c0    0000001c     simple_peripheral.o (.data..L_MergedGlobals)
                  200027dc    0000001c     ti_ble_config.o (.data.advParams1)
                  200027f8    0000001c     ti_ble_config.o (.data.advParams2)
                  20002814    00000018     ALS_control.o (.data..L_MergedGlobals)
                  2000282c    00000018     ti_radio_config.o (.data.pOverrides_ble1Mbps)
                  20002844    00000015     ti_ble_config.o (.data.attDeviceName)
                  20002859    00000003     UDHAL_GPIO.o (.data..L_MergedGlobals)
                  2000285c    00000014     brake_and_throttle.o (.data..L_MergedGlobals)
                  20002870    00000014     ti_ble_config.o (.data.scanResData1)
                  20002884    00000014     StackWrapper.a : osal.o (.data)
                  20002898    00000011     simple_gatt_profile.o (.data.simpleProfileChar1UserDesp)
                  200028a9    00000011     simple_gatt_profile.o (.data.simpleProfileChar2UserDesp)
                  200028ba    00000011     simple_gatt_profile.o (.data.simpleProfileChar3UserDesp)
                  200028cb    00000011     simple_gatt_profile.o (.data.simpleProfileChar4UserDesp)
                  200028dc    00000011     simple_gatt_profile.o (.data.simpleProfileChar5UserDesp)
                  200028ed    00000001     nvocmp.o (.data.NVOCMP_failF)
                  200028ee    00000002     drivers_cc26x2x7.a : ADCCC26XX.c.obj (.data.adcInstance)
                  200028f0    00000010     UDHAL_Timer3.o (.data..L_MergedGlobals)
                  20002900    00000010     driverlib.lib : osc.c.obj (.data..L_MergedGlobals)
                  20002910    00000010     general_purpose_timer.o (.data..L_MergedGlobals)
                  20002920    00000010     icall.o (.data..L_MergedGlobals)
                  20002930    00000010     ti_radio_config.o (.data.RF_modeBle)
                  20002940    00000010     driverlib.lib : osc.c.obj (.data._hposcCoeffs)
                  20002950    00000010     icall_user_config.o (.data.bleAppServiceInfoTable)
                  20002960    00000010     ti_radio_config.o (.data.pOverrides_bleCoded)
                  20002970    00000010     main.o (.data.user0Cfg)
                  20002980    00000010     OneLib.a : gattservapp.o (.data)
                  20002990    00000010              : ll_data.o (.data)
                  200029a0    0000000f     ti_ble_config.o (.data..L_MergedGlobals)
                  200029af    00000001     drivers_cc26x2x7.a : PKAResourceCC26XX.c.obj (.data.PKAResourceCC26XX_pollingFlag)
                  200029b0    0000000d     simple_gatt_profile.o (.data..L_MergedGlobals)
                  200029bd    00000001     UDHAL_ADC.o (.data.adc_brake_status)
                  200029be    00000002     ble_user_config.o (.data.bleUserCfg_maxPduSize)
                  200029c0    0000000c     UDHAL_PWM.o (.data..L_MergedGlobals)
                  200029cc    0000000c     drivers_cc26x2x7.a : NVSCC26XX.c.obj (.data..L_MergedGlobals)
                  200029d8    0000000c     power_on_time.o (.data..L_MergedGlobals)
                  200029e4    0000000b     ti_ble_config.o (.data.advData1)
                  200029ef    0000000b     ti_ble_config.o (.data.advData2)
                  200029fa    0000000a     motor_control.o (.data.MCUDArray)
                  20002a04    00000008     brake_and_throttle.o (.data..L_MergedGlobals.1)
                  20002a0c    00000008     icall_cc2650.o (.data..L_MergedGlobals)
                  20002a14    00000008     multi_purpose_button.o (.data..L_MergedGlobals)
                  20002a1c    00000008     rf_multiMode_cc26x2.a : RFCC26X2_multiMode.c.cc26x2.ticlang.o (.data..L_MergedGlobals)
                  20002a24    00000008                           : RFCC26X2_multiMode.c.cc26x2.ticlang.o (.data.RFCC26XX_schedulerPolicy)
                  20002a2c    00000008     ti_sysbios_config.o (.data.ti_sysbios_gates_GateMutexPri_Module_state)
                  20002a34    00000008     ti_sysbios_config.o (.data.ti_sysbios_heaps_HeapCallback_Module_state)
                  20002a3c    00000008     ti_sysbios_config.o (.data.ti_sysbios_knl_Event_state)
                  20002a44    00000008     ti_sysbios_config.o (.data.ti_sysbios_knl_Semaphore_Module_state)
                  20002a4c    00000008     OneLib.a : gapgattserver.o (.data)
                  20002a54    00000008     StackWrapper.a : gapbondmgr.o (.data)
                  20002a5c    00000006     ti_ble_config.o (.data.pRandomAddress)
                  20002a62    00000006     simple_peripheral.o (.data.rpa)
                  20002a68    00000004     drivers_cc26x2x7.a : PowerCC26X2.c.obj (.data.PowerCC26X2_rtcSubSecInc)
                  20002a6c    00000004     rf_multiMode_cc26x2.a : RFCC26X2_multiMode.c.cc26x2.ticlang.o (.data.RF_fsmActiveState.lfClockSourceLast)
                  20002a70    00000004     libc.a : aeabi_portable.c.obj (.data.__aeabi_errno)
                  20002a74    00000004            : _lock.c.obj (.data._lock)
                  20002a78    00000004            : _lock.c.obj (.data._unlock)
                  20002a7c    00000004     ble_user_config.o (.data.appAssertCback)
                  20002a80    00000004     ble_user_config_stack.o (.data.icallServiceTblPtr)
                  20002a84    00000004     libc.a : rand.c.obj (.data.next)
                  20002a88    00000004     icall_api_lite.o (.data.pRfErrCb)
                  20002a8c    00000004     icall_api_lite.o (.data.pfnBMAlloc)
                  20002a90    00000004     icall_api_lite.o (.data.pfnBMFree)
                  20002a94    00000004     motor_control.o (.data.ptrMCUDArray)
                  20002a98    00000004     OneLib.a : ll_slave_end_causes.o (.data)
                  20002a9c    00000004     StackWrapper.a : hal_assert.o (.data)
                  20002aa0    00000002     multi_purpose_button.o (.data.mpb_taskCounter)
                  20002aa2    00000002     OneLib.a : ll.o (.data)
                  20002aa4    00000002              : ll_config.o (.data)
                  20002aa6    00000002     StackWrapper.a : osal_cbtimer.o (.data)
                  20002aa8    00000001     UDHAL_ADC.o (.data.adc_convert_status)
                  20002aa9    00000001     UDHAL_ADC.o (.data.adc_throttle_status)
                  20002aaa    00000001     rf_multiMode_cc26x2.a : rf_patch_cpe_bt5.c.cc26x2.ticlang.o (.data.bBt5PatchEntered)
                  20002aab    00000001     devinfoservice.o (.data.devInfoFirmwareRevProps)
                  20002aac    00000001     devinfoservice.o (.data.devInfoMfrNameProps)
                  20002aad    00000001     devinfoservice.o (.data.devInfoModelNumberProps)
                  20002aae    00000001     devinfoservice.o (.data.devInfoSerialNumberProps)
                  20002aaf    00000001     drivers_cc26x2x7.a : GPIOCC26X2.c.obj (.data.initCalled)
                  20002ab0    00000001                        : ADC.c.obj (.data.isInitialized)
                  20002ab1    00000001                        : AESCCMCC26XX.c.obj (.data.isInitialized)
                  20002ab2    00000001                        : AESCTRDRBGXX.c.obj (.data.isInitialized)
                  20002ab3    00000001                        : AESECBCC26XX.c.obj (.data.isInitialized)
                  20002ab4    00000001                        : CryptoResourceCC26XX.c.obj (.data.isInitialized)
                  20002ab5    00000001                        : ECDHCC26X2.c.obj (.data.isInitialized)
                  20002ab6    00000001                        : NVS.c.obj (.data.isInitialized)
                  20002ab7    00000001                        : PKAResourceCC26XX.c.obj (.data.isInitialized)
                  20002ab8    00000001                        : PWM.c.obj (.data.isInitialized)
                  20002ab9    00000001     simple_gatt_profile.o (.data.simpleProfileChar1Props)
                  20002aba    00000001     simple_gatt_profile.o (.data.simpleProfileChar2Props)
                  20002abb    00000001     simple_gatt_profile.o (.data.simpleProfileChar3Props)
                  20002abc    00000001     simple_gatt_profile.o (.data.simpleProfileChar4Props)
                  20002abd    00000001     simple_gatt_profile.o (.data.simpleProfileChar5Props)
                  20002abe    00000001     OneLib.a : gapgattserver.o (.data)
                  20002abf    00000001              : gapgattserver.o (.data)
                  20002ac0    00000001              : gapgattserver.o (.data)
                  20002ac1    00000001              : gapgattserver.o (.data)
                  20002ac2    00000001              : gapgattserver.o (.data)
                  20002ac3    00000001              : gapgattserver.o (.data)
                  20002ac4    00000001              : gattservapp.o (.data)
                  20002ac5    00000001              : gattservapp.o (.data)
                  20002ac6    00000001              : ll.o (.data)
                  20002ac7    00000001              : ll_ae.o (.data)
                  20002ac8    00000001              : ll_data.o (.data)
                  20002ac9    00000001              : ll_scheduler.o (.data)
                  20002aca    00000001              : sm_task.o (.data)
                  20002acb    00000001     StackWrapper.a : gap.o (.data)
                  20002acc    00000001                    : gap.o (.data)
                  20002acd    00000001                    : hal_assert.o (.data)

.bss       0    20002ad0    0000227a     UNINITIALIZED
                  20002ad0    00000400     (.common:gptTaskStack)
                  20002ed0    00000400     (.common:spTaskStack)
                  200032d0    00000300     (.common:ti_sysbios_knl_Idle_taskStack)
                  200035d0    000002c0     rf_multiMode_cc26x2.a : RFCC26X2_multiMode.c.cc26x2.ticlang.o (.bss.RF_cmdPool)
                  20003890    000001a0     (.common:mpbTaskStack)
                  20003a30    00000168     (.common:potTaskStack)
                  20003b98    00000140     (.common:i2cCC26xxObjects)
                  20003cd8    00000100     OneLib.a : ll.o (.bss)
                  20003dd8    000000d8     (.common:ti_sysbios_family_arm_m3_Hwi_dispatchTable)
                  20003eb0    000000c0     simple_peripheral.o (.bss.connList)
                  20003f70    000000a4     (.common:aesctrdrbgXXObjects)
                  20004014    00000098     (.common:gptimerCC26XXObjects)
                  200040ac    00000084     (.common:trngCC26XXObjects)
                  20004130    00000080     snv_internal.o (.bss.UDBuffer)
                  200041b0    0000007c     (.common:gpioCallbackFunctions)
                  2000422c    0000007c     (.common:gpioUserArgs)
                  200042a8    00000078     StackWrapper.a : osal_cbtimer.o (.bss)
                  20004320    00000068     rf_multiMode_cc26x2.a : RFCC26X2_multiMode.c.cc26x2.ticlang.o (.bss.RF_ratModule)
                  20004388    00000060     (.common:ti_sysbios_knl_ClockSupport_timerStruct)
                  200043e8    00000058     (.common:gptTask)
                  20004440    00000058     (.common:mpbTask)
                  20004498    00000058     (.common:potTask)
                  200044f0    00000058     (.common:spTask)
                  20004548    00000058     (.common:ti_sysbios_knl_Idle_taskStruct)
                  200045a0    00000050     drivers_cc26x2x7.a : ADCCC26XX.c.obj (.bss.adcSemaphore)
                  200045f0    00000050     (.common:CryptoResourceCC26XX_accessSemaphore)
                  20004640    00000050     (.common:CryptoResourceCC26XX_operationSemaphore)
                  20004690    00000050     (.common:PKAResourceCC26XX_accessSemaphore)
                  200046e0    00000050     (.common:PKAResourceCC26XX_operationSemaphore)
                  20004730    00000048     icall.o (.bss.ICall_entities)
                  20004778    00000044     rf_multiMode_cc26x2.a : RFCC26X2_multiMode.c.cc26x2.ticlang.o (.bss.RF_clkInactivityObj)
                  200047bc    00000044                           : RFCC26X2_multiMode.c.cc26x2.ticlang.o (.bss.RF_clkPowerUpObj)
                  20004800    00000040     (.common:pwmTimerCC26XXObjects)
                  20004840    0000003c                           : RFCC26X2_multiMode.c.cc26x2.ticlang.o (.bss.RF_swiHwObj)
                  2000487c    0000003c     StackWrapper.a : osal_snv_wrapper.o (.bss)
                  200048b8    00000030     (.common:ti_sysbios_knl_Swi_readyQs)
                  200048e8    00000030     (.common:ti_sysbios_knl_Task_readyQs)
                  20004918    0000002e     (.common:NVOCMP_nvHandle)
                  20004946    00000002     data_analytics.o (.bss.UDIndex)
                  20004948    00000028     (.common:aesecbCC26XXObjects)
                  20004970    00000024     ti_sysbios_config.o (.bss.clockStruct)
                  20004994    00000024     OneLib.a : ll.o (.bss)
                  200049b8    00000020              : gattservapp.o (.bss)
                  200049d8    00000020     StackWrapper.a : gapbondmgr.o (.bss)
                  200049f8    00000020                    : gapbondmgr.o (.bss)
                  20004a18    00000020     (.common:ecdhCC26X2Objects)
                  20004a38    00000020     (.common:ti_sysbios_runtime_System_atexitHandlers)
                  20004a58    0000001c     drivers_cc26x2x7.a : GPIOCC26X2.c.obj (.bss.gpioHwi)
                  20004a74    0000001c     (.common:BIOS_heapCallbackObject)
                  20004a90    0000001c     (.common:BIOS_rtsGate)
                  20004aac    0000001c     (.common:CryptoResourceCC26XX_hwi)
                  20004ac8    0000001c     (.common:PKAResourceCC26XX_hwi)
                  20004ae4    00000018     OneLib.a : gapgattserver.o (.bss)
                  20004afc    00000018     (.common:aesccmCC26XXObjects)
                  20004b14    00000018     (.common:params_buzzer)
                  20004b2c    00000018     (.common:params_headlight)
                  20004b44    00000014     drivers_cc26x2x7.a : Random.c.obj (.bss.state)
                  20004b58    00000014     (.common:ti_sysbios_hal_Seconds_Module_state)
                  20004b6c    00000010     (.common:i2cParams)
                  20004b7c    0000000c     OneLib.a : ll.o (.bss)
                  20004b88    0000000c              : ll.o (.bss)
                  20004b94    0000000c              : ll_scheduler.o (.bss)
                  20004ba0    00000008     simple_peripheral.o (.bss.setPhyCommStatList)
                  20004ba8    00000008     OneLib.a : ll.o (.bss)
                  20004bb0    00000008              : ll.o (.bss)
                  20004bb8    00000008              : ll_ae.o (.bss)
                  20004bc0    00000008     StackWrapper.a : gapbondmgr.o (.bss)
                  20004bc8    00000008     (.common:params_brake)
                  20004bd0    00000008     (.common:params_throttle)
                  20004bd8    00000006     (.common:throttleADCValues)
                  20004bde    00000006     (.common:throttleADC_movingAvg)
                  20004be4    00000004     led_display.o (.bss.led_display_ledDisplayManager)
                  20004be8    00000004     data_analytics.o (.bss.lenConvFactorDash)
                  20004bec    00000004     drivers_cc26x2x7.a : ECDHCC26X2.c.obj (.bss.resultPKAMemAddr)
                  20004bf0    00000004     simple_gatt_profile.o (.bss.simpleProfileChar4Config)
                  20004bf4    00000004     veml6030.o (.bss.veml6030_ALSManager)
                  20004bf8    00000004     OneLib.a : gapgattserver.o (.bss)
                  20004bfc    00000004              : gatt_client.o (.bss)
                  20004c00    00000004              : gattservapp.o (.bss)
                  20004c04    00000004              : linkdb.o (.bss)
                  20004c08    00000004              : linkdb.o (.bss)
                  20004c0c    00000004              : ll.o (.bss)
                  20004c10    00000004              : ll.o (.bss)
                  20004c14    00000004              : ll.o (.bss)
                  20004c18    00000004              : ll.o (.bss)
                  20004c1c    00000004              : ll.o (.bss)
                  20004c20    00000004              : ll_ae.o (.bss)
                  20004c24    00000004              : ll_common.o (.bss)
                  20004c28    00000004              : ll_enc.o (.bss)
                  20004c2c    00000004              : ll_privacy.o (.bss)
                  20004c30    00000004              : ll_scheduler.o (.bss)
                  20004c34    00000004     StackWrapper.a : gapbondmgr.o (.bss)
                  20004c38    00000004                    : gapbondmgr.o (.bss)
                  20004c3c    00000004                    : osal.o (.bss)
                  20004c40    00000004                    : osal.o (.bss)
                  20004c44    00000004                    : osal.o (.bss)
                  20004c48    00000004                    : osal.o (.bss)
                  20004c4c    00000004                    : osal.o (.bss)
                  20004c50    00000004                    : osal.o (.bss)
                  20004c54    00000004                    : osal_bufmgr.o (.bss)
                  20004c58    00000004                    : osal_bufmgr.o (.bss)
                  20004c5c    00000004                    : osal_clock.o (.bss)
                  20004c60    00000004                    : osal_clock.o (.bss)
                  20004c64    00000004                    : osal_timers.o (.bss)
                  20004c68    00000004                    : osal_timers.o (.bss)
                  20004c6c    00000004                    : osal_timers.o (.bss)
                  20004c70    00000004     (.common:HEAPMGR_SIZE)
                  20004c74    00000004     (.common:PowerCC26XX_swiKey)
                  20004c78    00000004     (.common:PowerCC26XX_taskKey)
                  20004c7c    00000004     (.common:adcCC26xxObjects)
                  20004c80    00000004     (.common:adcValues)
                  20004c84    00000004     (.common:adc_brake)
                  20004c88    00000004     (.common:adc_throttle)
                  20004c8c    00000004     (.common:co2Saved_g)
                  20004c90    00000004     (.common:deltaMileage_dm)
                  20004c94    00000004     (.common:deltaPowerConsumption_mWh)
                  20004c98    00000004     (.common:logicLevel)
                  20004c9c    00000004     (.common:mpb_timerManager)
                  20004ca0    00000004     (.common:ptrReadBuffer)
                  20004ca4    00000004     (.common:ptr_MCUDArray)
                  20004ca8    00000004     (.common:ptr_adcValues)
                  20004cac    00000004     (.common:ptr_da_UDBuffer)
                  20004cb0    00000004     (.common:ptr_da_snvBuffer)
                  20004cb4    00000004     (.common:pwmBUZduty)
                  20004cb8    00000004     (.common:pwmHLduty)
                  20004cbc    00000004     (.common:resolution)
                  20004cc0    00000004     (.common:sumDeltaMileage_dm)
                  20004cc4    00000004     (.common:sumDeltaPowerConsumed_mWh)
                  20004cc8    00000004     (.common:tasksEvents)
                  20004ccc    00000004     (.common:ti_sysbios_family_arm_cc26xx_TimestampProvider_Module_state)
                  20004cd0    00000004     (.common:ti_sysbios_knl_Task_defaultStackHeap)
                  20004cd4    00000004     (.common:timerPeriod)
                  20004cd8    00000004     (.common:totalMileage0_dm)
                  20004cdc    00000004     (.common:totalMileagePrev_dm)
                  20004ce0    00000004     (.common:totalPowerConsumed0_mWh)
                  20004ce4    00000004     (.common:totalPowerConsumedPrev_mWh)
                  20004ce8    00000003     (.common:writeBuffer)
                  20004ceb    00000001     data_analytics.o (.bss.batteryStatus)
                  20004cec    00000002     OneLib.a : gapgattserver.o (.bss)
                  20004cee    00000002              : ll.o (.bss)
                  20004cf0    00000002              : ll_slave_end_causes.o (.bss)
                  20004cf2    00000002     StackWrapper.a : osal_pwrmgr.o (.bss)
                  20004cf4    00000002     (.common:Hightreshold)
                  20004cf6    00000002     (.common:IQValue)
                  20004cf8    00000002     (.common:Lowtreshold)
                  20004cfa    00000002     (.common:RPM_temp)
                  20004cfc    00000002     (.common:STM32MCP_batteryCurrent)
                  20004cfe    00000002     (.common:STM32MCP_batteryVoltage)
                  20004d00    00000002     (.common:STM32MCP_rpm)
                  20004d02    00000002     (.common:brakePercent)
                  20004d04    00000002     (.common:rawSpeed_100kph)
                  20004d06    00000002     (.common:readBuffer)
                  20004d08    00000002     (.common:throttlePercent)
                  20004d0a    00000001     OneLib.a : gap_scanner.o (.bss)
                  20004d0b    00000001              : gapgattserver.o (.bss)
                  20004d0c    00000001              : gattservapp.o (.bss)
                  20004d0d    00000001              : hci_tl.o (.bss)
                  20004d0e    00000001              : hci_tl.o (.bss)
                  20004d0f    00000001              : hci_tl.o (.bss)
                  20004d10    00000001              : hci_tl.o (.bss)
                  20004d11    00000001              : hci_tl.o (.bss)
                  20004d12    00000001              : hci_tl.o (.bss)
                  20004d13    00000001              : ll.o (.bss)
                  20004d14    00000001              : ll.o (.bss)
                  20004d15    00000001              : ll.o (.bss)
                  20004d16    00000001              : ll.o (.bss)
                  20004d17    00000001              : ll_ae.o (.bss)
                  20004d18    00000001              : ll_config.o (.bss)
                  20004d19    00000001              : ll_config.o (.bss)
                  20004d1a    00000001              : ll_enc.o (.bss)
                  20004d1b    00000001              : ll_isr.o (.bss)
                  20004d1c    00000001              : sm_task.o (.bss)
                  20004d1d    00000001     StackWrapper.a : ble_dispatch_lite.o (.bss)
                  20004d1e    00000001                    : gapbondmgr.o (.bss)
                  20004d1f    00000001                    : gapbondmgr.o (.bss)
                  20004d20    00000001                    : hal_assert.o (.bss)
                  20004d21    00000001                    : osal.o (.bss)
                  20004d22    00000001                    : osal_pwrmgr.o (.bss)
                  20004d23    00000001     (.common:BLE_flash_status)
                  20004d24    00000001     (.common:NVOCMP_size)
                  20004d25    00000001     (.common:STM32MCP_heatSinkTemp)
                  20004d26    00000001     (.common:STM32MCP_motorTemp)
                  20004d27    00000001     (.common:UDHAL_i2cOpenStatus)
                  20004d28    00000001     (.common:battery_bar1_status)
                  20004d29    00000001     (.common:dashSpeed)
                  20004d2a    00000001     (.common:data_analytics_mpbBuzzerCode)
                  20004d2b    00000001     (.common:gAction)
                  20004d2c    00000001     (.common:ledBLESelect_old)
                  20004d2d    00000001     (.common:ledBatteryStatus)
                  20004d2e    00000001     (.common:ledBatteryStatus_old)
                  20004d2f    00000001     (.common:ledBrightness)
                  20004d30    00000001     (.common:ledBrightness_old)
                  20004d31    00000001     (.common:ledLightMode)
                  20004d32    00000001     (.common:ledLightMode_old)
                  20004d33    00000001     (.common:ledLightStatus)
                  20004d34    00000001     (.common:ledLightStatus_old)
                  20004d35    00000001     (.common:ledPower_old)
                  20004d36    00000001     (.common:ledSetpower)
                  20004d37    00000001     (.common:ledSpeed)
                  20004d38    00000001     (.common:ledSpeedMode)
                  20004d39    00000001     (.common:ledSpeedModeSelect_old)
                  20004d3a    00000001     (.common:ledSpeed_old)
                  20004d3b    00000001     (.common:ledUnitSelectDash)
                  20004d3c    00000001     (.common:ledUnitSelect_old)
                  20004d3d    00000001     (.common:led_display_i2cTransferStatus)
                  20004d3e    00000001     (.common:led_error_code_old)
                  20004d3f    00000001     (.common:led_error_priority)
                  20004d40    00000001     (.common:light_mode)
                  20004d41    00000001     (.common:light_mode_Index)
                  20004d42    00000001     (.common:light_mode_init)
                  20004d43    00000001     (.common:mpb_dashunit)
                  20004d44    00000001     (.common:mpb_lightmode)
                  20004d45    00000001     (.common:mpb_speedmode)
                  20004d46    00000001     (.common:nvsCC26XXObjects)
                  20004d47    00000001     (.common:sp_i2cOpenStatus)
                  20004d48    00000001     (.common:speed_mode_init)
                  20004d49    00000001     (.common:veml6030_i2cTransferStatus)

.vtable    0    20004d4a    00000000     UNINITIALIZED

.vtable_ram 
*          0    20004d4a    00000000     UNINITIALIZED

vtable_ram 
*          0    20004d4a    00000000     UNINITIALIZED

.sysmem    0    20004d4a    00000000     UNINITIALIZED

.nonretenvar 
*          0    20004d4a    00000000     UNINITIALIZED

.ramVecs   0    20004e00    000000d8     UNINITIALIZED
                  20004e00    000000d8     ti_sysbios_config.o (.ramVecs)

.stack     0    20023c00    00000400     UNINITIALIZED
                  20023c00    00000004     sysbios.a : boot_cortex_m.c.obj (.stack)
                  20023c04    000003fc     --HOLE--

.TI.bound:flashBuf0 
*          0    00048000    00004000     UNINITIALIZED
                  00048000    00004000     ti_drivers_config.o (.TI.bound:flashBuf0)

.TI.bound:dmaUart0RxControlTableEntry 
*          0    20001810    00000010     UNINITIALIZED
                  20001810    00000010     ti_drivers_config.o (.TI.bound:dmaUart0RxControlTableEntry)

.TI.bound:dmaUart0TxControlTableEntry 
*          0    20001820    00000010     UNINITIALIZED
                  20001820    00000010     ti_drivers_config.o (.TI.bound:dmaUart0TxControlTableEntry)

.text      0    00000040    0001fd98     
                  00000040    00000b40     StackWrapper.a : gapbondmgr.o (.text)
                  00000b80    00000800     simple_peripheral.o (.text.SimplePeripheral_taskFxn)
                  00001380    0000074c     OneLib.a : ll_adv_end_causes.o (.text)
                  00001acc    00000004     drivers_cc26x2x7.a : AESCTRDRBGXX.c.obj (.text.AESCTRDRBG_getBytes)
                  00001ad0    00000724     libc.a : k_rem_pio2.c.obj (.text.__kernel_rem_pio2)
                  000021f4    000006f4     StackWrapper.a : gapbondmgr.o (.text)
                  000028e8    00000528     libc.a : s_sin.c.obj (.text.sin)
                  00002e10    00000510     OneLib.a : ble.o (.text)
                  00003320    000004ec              : ll_ae.o (.text)
                  0000380c    00000498              : ll_isr.o (.text)
                  00003ca4    00000490     rf_multiMode_cc26x2.a : RFCC26X2_multiMode.c.cc26x2.ticlang.o (.text.RF_fsmActiveState)
                  00004134    00000458     OneLib.a : ll.o (.text)
                  0000458c    00000458              : ll_slave_end_causes.o (.text)
                  000049e4    00000424              : ll_scheduler.o (.text)
                  00004e08    00000408              : ll_slave_end_causes.o (.text)
                  00005210    000003a4              : ll_scheduler.o (.text)
                  000055b4    00000342              : ll_ae.o (.text)
                  000058f6    00000002     ti_sysbios_config.o (.text.BIOS_nullFunc)
                  000058f8    00000338     OneLib.a : ll_ae.o (.text)
                  00005c30    000002b0     StackWrapper.a : gapbondmgr.o (.text)
                  00005ee0    000002ac     OneLib.a : ll.o (.text)
                  0000618c    000002a8     nvocmp.o (.text.NVOCMP_initNvApi)
                  00006434    000002a8     rf_multiMode_cc26x2.a : RFCC26X2_multiMode.c.cc26x2.ticlang.o (.text.RF_open)
                  000066dc    00000284     nvocmp.o (.text.NVOCMP_compactPage)
                  00006960    00000284     OneLib.a : ll_common.o (.text)
                  00006be4    00000274              : ll_ae.o (.text)
                  00006e58    00000268              : ll_isr.o (.text)
                  000070c0    0000025c     StackWrapper.a : gapbondmgr.o (.text)
                  0000731c    00000250     OneLib.a : ll_isr.o (.text)
                  0000756c    0000024c     nvocmp.o (.text.NVOCMP_addItem)
                  000077b8    00000234     OneLib.a : ll_data.o (.text)
                  000079ec    00000004     drivers_cc26x2x7.a : AESCTRCC26XX.c.obj (.text.AESCTR_releaseLock)
                  000079f0    00000228     brake_and_throttle.o (.text.brake_and_throttle_ADC_conversion)
                  00007c18    00000220     drivers_cc26x2x7.a : ECDHCC26X2.c.obj (.text.ECDHCC26X2_hwiFxn)
                  00007e38    00000204     icall.o (.text.ICall_waitMatch)
                  0000803c    00000204     OneLib.a : gattservapp.o (.text)
                  00008240    000001f8     data_analytics.o (.text.data_analytics_sampling)
                  00008438    000001f4     OneLib.a : ll.o (.text)
                  0000862c    000001e8     rf_multiMode_cc26x2.a : RFCC26X2_multiMode.c.cc26x2.ticlang.o (.text.RF_scheduleCmd)
                  00008814    000001e0     StackWrapper.a : osal.o (.text)
                  000089f4    000001dc     rf_multiMode_cc26x2.a : RFCC26X2_multiMode.c.cc26x2.ticlang.o (.text.RF_dispatchNextCmd)
                  00008bd0    000001bc     ble_user_config_stack.o (.text.setBleUserConfig)
                  00008d8c    000001bc     OneLib.a : ll_scheduler.o (.text)
                  00008f48    000001b6     libclang_rt.builtins.a : adddf3.S.obj (.text.adddf3_subdf3)
                  000090fe    00000002     ti_drivers_config.o (.text.Board_initHook)
                  00009100    000001b4     periodic_communication.o (.text.periodic_communication_mcuCommunication)
                  000092b4    000001a4     data_analytics.o (.text.data_analytics_init)
                  00009458    000001a4     OneLib.a : ll_isr.o (.text)
                  000095fc    000001a0     drivers_cc26x2x7.a : AESECBCC26XX.c.obj (.text.AESECB_addDataInternal)
                  0000979c    00000198     OneLib.a : ll_common.o (.text)
                  00009934    00000196              : ll_common.o (.text)
                  00009aca    00000002     ble_user_config.o (.text.DefaultAssertCback)
                  00009acc    00000194     drivers_cc26x2x7.a : PowerCC26X2_calibrateRCOSC.c.obj (.text.PowerCC26X2_auxISR)
                  00009c60    0000018c     OneLib.a : gap_task.o (.text)
                  00009dec    00000188     drivers_cc26x2x7.a : AESCCMCC26XX.c.obj (.text.AESCCM_startOperation)
                  00009f74    00000188     OneLib.a : ll_ae.o (.text)
                  0000a0fc    0000017c     drivers_cc26x2x7.a : ECDHCC26X2.c.obj (.text.ECDH_computeSharedSecret)
                  0000a278    00000178     OneLib.a : gattservapp.o (.text)
                  0000a3f0    00000174              : ll_scheduler.o (.text)
                  0000a564    00000004     ti_sysbios_config.o (.text.ClockP_destruct)
                  0000a568    00000170     libc.a : k_sin.c.obj (.text.__kernel_sin)
                  0000a6d8    0000016c     OneLib.a : ll_ae.o (.text)
                  0000a844    00000004     ti_sysbios_config.o (.text.ClockP_getSystemTickPeriod)
                  0000a848    00000168     libc.a : k_cos.c.obj (.text.__kernel_cos)
                  0000a9b0    00000164     veml6030.o (.text.veml6030_calculateLux)
                  0000ab14    00000158     drivers_cc26x2x7.a : AESCTRCC26XX.c.obj (.text.AESCTR_processData)
                  0000ac6c    00000158                        : PowerCC26X2.c.obj (.text.Power_sleep)
                  0000adc4    00000158     OneLib.a : ll_common.o (.text)
                  0000af1c    00000150              : ll_ae.o (.text)
                  0000b06c    00000150              : ll_isr.o (.text)
                  0000b1bc    0000014c     rf_multiMode_cc26x2.a : RFCC26X2_multiMode.c.cc26x2.ticlang.o (.text.RF_radioOpDoneCb)
                  0000b308    00000144     StackWrapper.a : osal.o (.text)
                  0000b44c    00000140     OneLib.a : gattservapp.o (.text)
                  0000b58c    00000140     StackWrapper.a : gap.o (.text)
                  0000b6cc    0000013c     drivers_cc26x2x7.a : I2CCC26XX.c.obj (.text.I2C_open)
                  0000b808    00000138     rf_multiMode_cc26x2.a : RFCC26X2_multiMode.c.cc26x2.ticlang.o (.text.RF_abortCmd)
                  0000b940    00000136     libclang_rt.builtins.a : divdf3.S.obj (.text.__divdf3)
                  0000ba76    00000002     drivers_cc26x2x7.a : I2C.c.obj (.text.I2C_init)
                  0000ba78    00000134     rf_multiMode_cc26x2.a : RFCC26X2_multiMode.c.cc26x2.ticlang.o (.text.RF_ratSetupChannel)
                  0000bbac    00000130     OneLib.a : l2cap_util.o (.text)
                  0000bcdc    0000012c     rf_multiMode_cc26x2.a : RFCC26X2_multiMode.c.cc26x2.ticlang.o (.text.RF_close)
                  0000be08    0000012c     drivers_cc26x2x7.a : TRNGCC26XX.c.obj (.text.TRNGCC26XX_hwiFxn)
                  0000bf34    00000128     OneLib.a : ll_isr.o (.text)
                  0000c05c    00000126     drivers_cc26x2x7.a : I2C.c.obj (.text.I2C_transferTimeout)
                  0000c182    00000002     rom_init.o (.text.MAP_HCI_CteRequestFailedEvent)
                  0000c184    00000124     rf_multiMode_cc26x2.a : RFCC26X2_multiMode.c.cc26x2.ticlang.o (.text.RF_fsmSetupState)
                  0000c2a8    00000120     nvocmp.o (.text.NVOCMP_findItem)
                  0000c3c8    00000120     libc.a : s_floor.c.obj (.text.floor)
                  0000c4e8    00000120     ti_sysbios_config.o (.text.ti_sysbios_family_arm_cc26xx_Timer_construct)
                  0000c608    00000120     OneLib.a : ll_data.o (.text)
                  0000c728    0000011c     sysbios.a : Hwi_asm_gcc.s.obj (.text.ti_sysbios_family_arm_m3_Hwi_dispatch)
                  0000c844    00000118     drivers_cc26x2x7.a : PowerCC26X2.c.obj (.text.Power_init)
                  0000c95c    00000118     rf_multiMode_cc26x2.a : RFCC26X2_multiMode.c.cc26x2.ticlang.o (.text.RF_decodeOverridePointers)
                  0000ca74    00000114     OneLib.a : ll_common.o (.text)
                  0000cb88    0000010c     drivers_cc26x2x7.a : ECDHCC26X2.c.obj (.text.ECDH_generatePublicKey)
                  0000cc94    0000010c                        : PowerCC26X2_calibrateRCOSC.c.obj (.text.PowerCC26X2_calibrate)
                  0000cda0    0000010c     libc.a : s_scalbn.c.obj (.text.scalbn)
                  0000ceac    0000010a     OneLib.a : gatt_client.o (.text)
                  0000cfb6    00000002     rom_init.o (.text.MAP_LL_SDAA_HandleSDAALastCmdDone)
                  0000cfb8    00000108     drivers_cc26x2x7.a : NVSCC26XX.c.obj (.text.NVSCC26XX_write)
                  0000d0c0    00000108     rf_multiMode_cc26x2.a : RFCC26X2_multiMode.c.cc26x2.ticlang.o (.text.RF_fsmPowerUpState)
                  0000d1c8    00000108     data_analytics.o (.text.computeBatteryPercentage)
                  0000d2d0    00000104     drivers_cc26x2x7.a : GPIOCC26X2.c.obj (.text.GPIO_init)
                  0000d3d4    00000102                        : AESCTRDRBGXX.c.obj (.text.AESCTRDRBG_getRandomBytes)
                  0000d4d6    000000fe     OneLib.a : ll_scheduler.o (.text)
                  0000d5d4    000000fc     rf_multiMode_cc26x2.a : RFCC26X2_multiMode.c.cc26x2.ticlang.o (.text.RF_hwiCpe0Active)
                  0000d6d0    000000fc     libclang_rt.builtins.a : muldf3.S.obj (.text.__muldf3)
                  0000d7cc    000000f8     drivers_cc26x2x7.a : ADCCC26XX.c.obj (.text.ADCCC26XX_convertChain)
                  0000d8c4    000000f8     OneLib.a : ll_scheduler.o (.text)
                  0000d9bc    000000f8              : sm_rsppairing.o (.text)
                  0000dab4    000000f4     drivers_cc26x2x7.a : TRNGCC26XX.c.obj (.text.TRNG_getRandom)
                  0000dba8    000000f0     driverlib.lib : sys_ctrl.c.obj (.text.NOROM_SysCtrlStandby)
                  0000dc98    000000f0     OneLib.a : ll_ae.o (.text)
                  0000dd88    000000ec              : gap_advertiser.o (.text)
                  0000de74    000000ec              : ll_common.o (.text)
                  0000df60    000000ec              : ll_common.o (.text)
                  0000e04c    000000e8     drivers_cc26x2x7.a : AESCTRDRBGXX.c.obj (.text.AESCTRDRBG_construct)
                  0000e134    000000e6     led_display.o (.text.Brightness)
                  0000e21a    00000002     rom_init.o (.text.MAP_LL_SDAA_Init)
                  0000e21c    000000e4     drivers_cc26x2x7.a : ADCCC26XX.c.obj (.text.ADCCC26XX_convert)
                  0000e300    000000e4                        : I2CCC26XX.c.obj (.text.I2CCC26XX_hwiFxn)
                  0000e3e4    000000e4     ti_sysbios_config.o (.text.ti_sysbios_knl_Semaphore_pend)
                  0000e4c8    000000e2     OneLib.a : gapgattserver.o (.text)
                  0000e5aa    000000e2              : ll_ae.o (.text)
                  0000e68c    000000e0     ti_sysbios_config.o (.text.ti_sysbios_knl_Event_pend)
                  0000e76c    000000e0     OneLib.a : ll_scheduler.o (.text)
                  0000e84c    000000e0     StackWrapper.a : osal_timers.o (.text)
                  0000e92c    000000dc     rf_multiMode_cc26x2.a : RFCC26X2_multiMode.c.cc26x2.ticlang.o (.text.RF_control)
                  0000ea08    000000dc     OneLib.a : ll_ae.o (.text)
                  0000eae4    000000d8     ti_ble_config.o (.text.setBondManagerParameters)
                  0000ebbc    000000d8     ti_sysbios_config.o (.text.ti_sysbios_family_arm_m3_Hwi_excFillContext)
                  0000ec94    000000d8     OneLib.a : ll_common.o (.text)
                  0000ed6c    000000d6     drivers_cc26x2x7.a : AESCTRDRBGXX.c.obj (.text.AESCTRDRBG_reseed)
                  0000ee42    00000002     rom_init.o (.text.MAP_LL_SDAA_RecordTxUsage)
                  0000ee44    000000d0     driverlib.lib : aes.c.obj (.text.NOROM_AESWriteToKeyStore)
                  0000ef14    000000d0                   : setup.c.obj (.text.NOROM_SetupTrimDevice)
                  0000efe4    000000d0     drivers_cc26x2x7.a : PowerCC26X2.c.obj (.text.configureXOSCHF)
                  0000f0b4    000000cc     ti_sysbios_config.o (.text.ti_sysbios_knl_Clock_workFuncDynamic)
                  0000f180    000000cc     OneLib.a : hci_event.o (.text)
                  0000f24c    000000cc     StackWrapper.a : osal.o (.text)
                  0000f318    000000ca     rf_multiMode_cc26x2.a : RFCC26X2_multiMode.c.cc26x2.ticlang.o (.text.RF_updatePaConfiguration)
                  0000f3e2    00000002     rom_init.o (.text.MAP_LL_SDAA_SampleRXWindow)
                  0000f3e4    000000c8     ti_sysbios_config.o (.text.clock_gettime)
                  0000f4ac    000000c8     OneLib.a : gap_scanner.o (.text)
                  0000f574    000000c8              : ll.o (.text)
                  0000f63c    000000c8              : ll_ae.o (.text)
                  0000f704    000000c8              : ll_isr.o (.text)
                  0000f7cc    00000004     ti_sysbios_config.o (.text.ClockP_getTimeout)
                  0000f7d0    000000c4     libc.a : s_round.c.obj (.text.round)
                  0000f894    000000c4     OneLib.a : gapgattserver.o (.text)
                  0000f958    000000c4              : ll_ae.o (.text)
                  0000fa1c    000000c0     icall.o (.text.ICall_enrollService)
                  0000fadc    000000c0     OneLib.a : ll.o (.text)
                  0000fb9c    000000c0              : ll_scheduler.o (.text)
                  0000fc5c    000000bc     rf_multiMode_cc26x2.a : RFCC26X2_multiMode.c.cc26x2.ticlang.o (.text.RF_swiHw)
                  0000fd18    000000bc     OneLib.a : ble.o (.text)
                  0000fdd4    000000bc              : ll_ecc.o (.text)
                  0000fe90    000000b8     drivers_cc26x2x7.a : GPTimerCC26XX.c.obj (.text.GPTimerCC26XX_open)
                  0000ff48    000000b8     led_display.o (.text.led_display_changeBatteryStatus)
                  00010000    000000b8     ti_sysbios_config.o (.text.ti_sysbios_knl_Task_Instance_finalize)
                  000100b8    000000b8     ti_sysbios_config.o (.text.ti_sysbios_knl_Task_setPri)
                  00010170    000000b8     OneLib.a : gap_scanner.o (.text)
                  00010228    000000b8              : ll.o (.text)
                  000102e0    000000b8              : ll_slave_end_causes.o (.text)
                  00010398    000000b8     StackWrapper.a : gattservapp_util.o (.text)
                  00010450    000000b4     drivers_cc26x2x7.a : ECDHCC26X2.c.obj (.text.ECDHCC26X2_getKeyResult)
                  00010504    000000b4     ti_sysbios_config.o (.text.PowerCC26XX_standbyPolicy)
                  000105b8    000000b4     StackWrapper.a : gapbondmgr.o (.text)
                  0001066c    000000b0     drivers_cc26x2x7.a : PowerCC26X2.c.obj (.text.Power_setDependency)
                  0001071c    000000b0     OneLib.a : ll_enc.o (.text)
                  000107cc    000000b0     StackWrapper.a : gapbondmgr.o (.text)
                  0001087c    000000b0                    : gattservapp_util.o (.text)
                  0001092c    000000b0     libclang_rt.builtins.a : udivmoddi4.S.obj (.text)
                  000109dc    000000ac     drivers_cc26x2x7.a : PowerCC26X2.c.obj (.text.Power_releaseDependency)
                  00010a88    000000ac     rf_multiMode_cc26x2.a : RFCC26X2_multiMode.c.cc26x2.ticlang.o (.text.RF_pendCmd)
                  00010b34    000000ac     driverlib.lib : setup.c.obj (.text.TrimAfterColdResetWakeupFromShutDown)
                  00010be0    000000ac     StackWrapper.a : gapbondmgr.o (.text)
                  00010c8c    000000a8     drivers_cc26x2x7.a : PWMTimerCC26XX.c.obj (.text.PWMTimerCC26XX_open)
                  00010d34    000000a8     OneLib.a : gattservapp.o (.text)
                  00010ddc    000000a8              : hci_data.o (.text)
                  00010e84    000000a8              : ll.o (.text)
                  00010f2c    000000a8              : ll_common.o (.text)
                  00010fd4    000000a8     StackWrapper.a : osal_cbtimer.o (.text)
                  0001107c    000000a4     drivers_cc26x2x7.a : AESCTRCC26XX.c.obj (.text.AESCTR_startOneStepOperation)
                  00011120    000000a4     icall.o (.text.ICall_heapMalloc)
                  000111c4    000000a4     icall.o (.text.ICall_wait)
                  00011268    000000a4     drivers_cc26x2x7.a : PWMTimerCC26XX.c.obj (.text.PWMTimerCC26XX_setDutyAndPeriod)
                  0001130c    000000a4     rf_multiMode_cc26x2.a : RFCC26X2_multiMode.c.cc26x2.ticlang.o (.text.RF_initRadioSetup)
                  000113b0    000000a4     ti_sysbios_config.o (.text.ti_sysbios_knl_Task_Instance_init)
                  00011454    000000a4     OneLib.a : ll_ae.o (.text)
                  000114f8    000000a0     drivers_cc26x2x7.a : I2CCC26XX.c.obj (.text.I2CCC26XX_swiFxn)
                  00011598    000000a0     rf_multiMode_cc26x2.a : RFCC26X2_multiMode.c.cc26x2.ticlang.o (.text.RF_calculateDispatchTime)
                  00011638    000000a0     data_analytics.o (.text.computeCO2Saved)
                  000116d8    000000a0     OneLib.a : ll_common.o (.text)
                  00011778    000000a0              : ll_scheduler.o (.text)
                  00011818    000000a0              : ll_scheduler.o (.text)
                  000118b8    0000009c     devinfoservice.o (.text.devInfo_ReadAttrCB)
                  00011954    0000009c     libc.a : s_floorf.c.obj (.text.floorf)
                  000119f0    0000009c     OneLib.a : ll_common.o (.text)
                  00011a8c    0000009c              : ll_ecc.o (.text)
                  00011b28    0000009c              : ll_isr.o (.text)
                  00011bc4    00000098     drivers_cc26x2x7.a : GPTimerCC26XX.c.obj (.text.GPTimerCC26XX_close)
                  00011c5c    00000098     nvocmp.o (.text.NVOCMP_erase)
                  00011cf4    00000098     rf_multiMode_cc26x2.a : RFCC26X2_multiMode.c.cc26x2.ticlang.o (.text.RF_defaultSubmitPolicy)
                  00011d8c    00000098     simple_peripheral.o (.text.SimplePeripheral_updatePHYStat)
                  00011e24    00000098     OneLib.a : gatt_server.o (.text)
                  00011ebc    00000098              : gattservapp.o (.text)
                  00011f54    00000098              : hci_event.o (.text)
                  00011fec    00000096     rf_multiMode_cc26x2.a : RFCC26X2_multiMode.c.cc26x2.ticlang.o (.text.RF_verifyGap)
                  00012082    00000002     rom_init.o (.text.MAP_llClearPeriodicAdvSets)
                  00012084    00000094     rf_multiMode_cc26x2.a : RFCC26X2_multiMode.c.cc26x2.ticlang.o (.text.RF_ratRestartChannels)
                  00012118    00000094     multi_purpose_button.o (.text.mpb_processButtonEvt)
                  000121ac    00000094     ti_sysbios_config.o (.text.ti_sysbios_knl_Clock_startI)
                  00012240    00000094     ti_sysbios_config.o (.text.ti_sysbios_knl_Task_sleep)
                  000122d4    00000094     OneLib.a : ll.o (.text)
                  00012368    00000094              : ll_common.o (.text)
                  000123fc    00000092              : gap_task.o (.text)
                  0001248e    00000002     rom_init.o (.text.MAP_llClearPeriodicScanSets)
                  00012490    00000090     drivers_cc26x2x7.a : GPIOCC26XX.c.obj (.text.GPIO_setConfigAndMux)
                  00012520    00000090     osal_icall_ble.o (.text.osalInitTasks)
                  000125b0    00000090     veml6030.o (.text.veml6030_setIntThreshold)
                  00012640    00000090     OneLib.a : ll.o (.text)
                  000126d0    0000008c     simple_gatt_profile.o (.text.SimpleProfile_SetParameter)
                  0001275c    0000008c     drivers_cc26x2x7.a : TRNGCC26XX.c.obj (.text.TRNG_construct)
                  000127e8    0000008c     multi_purpose_button.o (.text.mpb_execute_event)
                  00012874    0000008c     ti_sysbios_config.o (.text.ti_sysbios_knl_Clock_init)
                  00012900    0000008c     OneLib.a : ll_ae.o (.text)
                  0001298c    00000088     rf_multiMode_cc26x2.a : RFCC26X2_multiMode.c.cc26x2.ticlang.o (.text.RF_cmdDispatchTime)
                  00012a14    00000088                           : RFCC26X2_multiMode.c.cc26x2.ticlang.o (.text.RF_discardPendCmd)
                  00012a9c    00000088     simple_peripheral.o (.text.SimplePeripheral_processParamUpdate)
                  00012b24    00000088     OneLib.a : ll_isr.o (.text)
                  00012bac    00000088     StackWrapper.a : osal_cbtimer.o (.text)
                  00012c34    00000084     icall.o (.text.ICall_setTimer)
                  00012cb8    00000084     rf_multiMode_cc26x2.a : RFCC26X2_multiMode.c.cc26x2.ticlang.o (.text.RF_getInfo)
                  00012d3c    00000084     ti_sysbios_config.o (.text._pthread_abstime2ticks)
                  00012dc0    00000084     led_display.o (.text.led_display_changeDashSpeed)
                  00012e44    00000080     drivers_cc26x2x7.a : AESCTRCC26XX.c.obj (.text.AESCTR_hwiFxn)
                  00012ec4    00000004     ti_sysbios_config.o (.text.ClockP_isActive)
                  00012ec8    00000080     data_analytics.o (.text.data_analytics_LEDSpeed)
                  00012f48    00000080     drivers_cc26x2x7.a : NVSCC26XX.c.obj (.text.doErase)
                  00012fc8    00000080     ti_sysbios_config.o (.text.ti_sysbios_family_arm_m3_Hwi_initNVIC)
                  00013048    00000080     ti_sysbios_config.o (.text.ti_sysbios_gates_GateMutexPri_enter)
                  000130c8    00000080     OneLib.a : ll_ae.o (.text)
                  00013148    00000080              : ll_common.o (.text)
                  000131c8    00000080              : ll_enc.o (.text)
                  00013248    0000007e     nvocmp.o (.text.NVOCMP_readHeader)
                  000132c6    0000007e     libc.a : s_roundf.c.obj (.text.roundf)
                  00013344    0000007e     OneLib.a : gap_task.o (.text)
                  000133c2    00000002     rom_init.o (.text.MAP_llCoexInit)
                  000133c4    0000007c     rf_multiMode_cc26x2.a : RFCC26X2_multiMode.c.cc26x2.ticlang.o (.text.RF_ratDisableChannel)
                  00013440    0000007c     data_analytics.o (.text.computePowerConsumption)
                  000134bc    0000007c     icall.o (.text.icall_directAPI)
                  00013538    0000007c     multi_purpose_button.o (.text.mpb_processTimerOv)
                  000135b4    0000007c     ti_sysbios_config.o (.text.ti_sysbios_family_arm_m3_Hwi_postInit)
                  00013630    0000007c     OneLib.a : ll.o (.text)
                  000136ac    0000007c              : ll.o (.text)
                  00013728    0000007c     StackWrapper.a : gapbondmgr.o (.text)
                  000137a4    0000007a     drivers_cc26x2x7.a : AESCTRDRBGXX.c.obj (.text.AESCTRDRBGXX_updateState)
                  0001381e    00000002     rom_init.o (.text.MAP_llCoexSetParams)
                  00013820    00000078     icall.o (.text.ICall_createRemoteTasksAtRuntime)
                  00013898    00000078     drivers_cc26x2x7.a : NVSCC26XX.c.obj (.text.NVSCC26XX_open)
                  00013910    00000078     rf_multiMode_cc26x2.a : RFCC26X2_multiMode.c.cc26x2.ticlang.o (.text.RF_ratFreeChannel)
                  00013988    00000078     data_analytics.o (.text.computeAvgBatteryVoltage)
                  00013a00    00000078     led_display.o (.text.led_display_init)
                  00013a78    00000078     simple_gatt_profile.o (.text.simpleProfile_WriteAttrCB)
                  00013af0    00000078     ti_sysbios_config.o (.text.ti_sysbios_knl_Task_postInit)
                  00013b68    00000078     OneLib.a : l2cap_task.o (.text)
                  00013be0    00000078              : ll_common.o (.text)
                  00013c58    00000078     StackWrapper.a : osal_bufmgr.o (.text)
                  00013cd0    00000076     OneLib.a : gattservapp.o (.text)
                  00013d46    00000076              : ll_common.o (.text)
                  00013dbc    00000076     StackWrapper.a : gap.o (.text)
                  00013e32    00000002     rom_init.o (.text.MAP_llCoexUpdateCounters)
                  00013e34    00000074     general_purpose_timer.o (.text.GeneralPurposeTimer_taskFxn)
                  00013ea8    00000074     drivers_cc26x2x7.a : I2CCC26XX.c.obj (.text.I2C_close)
                  00013f1c    00000074     icall.o (.text.ICall_heapInit)
                  00013f90    00000074     icall.o (.text.ICall_sendServiceComplete)
                  00014004    00000074     nvocmp.o (.text.NVOCMP_readItemApi)
                  00014078    00000074     drivers_cc26x2x7.a : PowerCC26X2_calibrateRCOSC_helpers.c.obj (.text.PowerCC26X2_updateSubSecInc)
                  000140ec    00000074     rf_multiMode_cc26x2.a : RFCC26X2_multiMode.c.cc26x2.ticlang.o (.text.RF_hwiHw)
                  00014160    00000074     ti_sysbios_config.o (.text.ti_sysbios_knl_Swi_restoreHwi)
                  000141d4    00000074     ti_sysbios_config.o (.text.ti_sysbios_knl_Task_startup)
                  00014248    00000074     OneLib.a : gap_linkmgr.o (.text)
                  000142bc    00000074              : gatt_server.o (.text)
                  00014330    00000074              : ll.o (.text)
                  000143a4    00000074              : ll_common.o (.text)
                  00014418    00000074              : ll_common.o (.text)
                  0001448c    00000074              : ll_enc.o (.text)
                  00014500    00000074     StackWrapper.a : osal_cbtimer.o (.text)
                  00014574    00000070     drivers_cc26x2x7.a : AESCCMCC26XX.c.obj (.text.AESCCM_cleanup)
                  000145e4    00000070                        : AESCTRCC26XX.c.obj (.text.AESCTR_construct)
                  00014654    00000070                        : AESECBCC26XX.c.obj (.text.AESECB_construct)
                  000146c4    00000070     ALS_control.o (.text.ALS_control_setLight)
                  00014734    00000070     drivers_cc26x2x7.a : I2CCC26XX.c.obj (.text.I2CSupport_primeTransfer)
                  000147a4    00000070     icall_cc2650.o (.text.ICallPlatform_pwrUpdActivityCounter)
                  00014814    00000070     ti_sysbios_config.o (.text.ti_sysbios_family_arm_m3_Hwi_Instance_init)
                  00014884    00000070     veml6030.o (.text.veml6030_read)
                  000148f4    00000070     OneLib.a : ll_ae.o (.text)
                  00014964    00000070              : ll_enc.o (.text)
                  000149d4    00000070     StackWrapper.a : osal.o (.text)
                  00014a44    00000070     libc.a : copy_decompress_lzss.c.obj (.text:decompress:lzss)
                  00014ab4    0000006e     libclang_rt.builtins.a : comparedf2.c.obj (.text.__gedf2)
                  00014b22    00000002     rom_init.o (.text.MAP_llDmmDynamicFree)
                  00014b24    0000006e     libclang_rt.builtins.a : comparedf2.c.obj (.text.__ledf2)
                  00014b92    00000002     rom_init.o (.text.MAP_llDmmSetThreshold)
                  00014b94    0000006e     libclang_rt.builtins.a : truncdfsf2.S.obj (.text.__truncdfsf2)
                  00014c02    00000002     rom_init.o (.text.MAP_llHealthUpdate)
                  00014c04    0000006c     drivers_cc26x2x7.a : AESECBCC26XX.c.obj (.text.AESECB_hwiFxn)
                  00014c70    0000006c     nvocmp.o (.text.NVOCMP_eraseNvApi)
                  00014cdc    0000006c     nvocmp.o (.text.NVOCMP_writeItemApi)
                  00014d48    0000006c     rf_multiMode_cc26x2.a : RFCC26X2_multiMode.c.cc26x2.ticlang.o (.text.RF_issueRadioFreeCb)
                  00014db4    0000006c     drivers_cc26x2x7.a : Random.c.obj (.text.Random_seedAutomatic)
                  00014e20    0000006c     led_display.o (.text.led_display_changeLightMode)
                  00014e8c    0000006c     main.o (.text.main)
                  00014ef8    0000006c     drivers_cc26x2x7.a : PowerCC26X2.c.obj (.text.oscillatorISR)
                  00014f64    0000006c     ti_sysbios_config.o (.text.ti_sysbios_family_arm_m3_Hwi_dispatchC)
                  00014fd0    0000006c     ti_sysbios_config.o (.text.ti_sysbios_hal_Seconds_getTime)
                  0001503c    00000004     ti_sysbios_config.o (.text.ClockP_setTimeout)
                  00015040    0000006c     veml6030.o (.text.veml6030_resolution)
                  000150ac    0000006c     OneLib.a : gap_linkmgr.o (.text)
                  00015118    0000006c              : gatt_server.o (.text)
                  00015184    0000006c              : ll_isr.o (.text)
                  000151f0    0000006c              : ll_scheduler.o (.text)
                  0001525c    0000006c     StackWrapper.a : osal_cbtimer.o (.text)
                  000152c8    00000068     devinfoservice.o (.text.DevInfo_SetParameter)
                  00015330    00000068     rf_multiMode_cc26x2.a : RFCC26X2_multiMode.c.cc26x2.ticlang.o (.text.RF_detachOverrides)
                  00015398    00000068     ti_sysbios_config.o (.text.ti_sysbios_knl_Event_post)
                  00015400    00000068     ti_sysbios_config.o (.text.ti_sysbios_knl_Swi_run)
                  00015468    00000068     OneLib.a : gap_task.o (.text)
                  000154d0    00000068              : gattservapp.o (.text)
                  00015538    00000068              : ll.o (.text)
                  000155a0    00000068              : ll_ae.o (.text)
                  00015608    00000068              : ll_common.o (.text)
                  00015670    00000066              : ll_common.o (.text)
                  000156d6    00000066     StackWrapper.a : icall_lite_translation.o (.text)
                  0001573c    00000064     drivers_cc26x2x7.a : AESCCMCC26XX.c.obj (.text.AESCCM_hwiFxn)
                  000157a0    00000064     icall.o (.text.ICall_send)
                  00015804    00000064     driverlib.lib : chipinfo.c.obj (.text.NOROM_ChipInfo_GetChipType)
                  00015868    00000064                   : osc.c.obj (.text.NOROM_OSCHF_AttemptToSwitchToXosc)
                  000158cc    00000064     drivers_cc26x2x7.a : PowerCC26X2_calibrateRCOSC.c.obj (.text.PowerCC26X2_initiateCalibration)
                  00015930    00000064     rf_multiMode_cc26x2.a : RFCC26X2_multiMode.c.cc26x2.ticlang.o (.text.RF_attachOverrides)
                  00015994    00000064                           : RFCC26X2_multiMode.c.cc26x2.ticlang.o (.text.RF_dispatchNextEvent)
                  000159f8    00000064                           : RFCC26X2_multiMode.c.cc26x2.ticlang.o (.text.RF_hwiCpe0PowerFsm)
                  00015a5c    00000064     UDHAL_PWM.o (.text.UDHAL_PWM_paramInit)
                  00015ac0    00000064     brake_and_throttle.o (.text.brake_and_throttle_init)
                  00015b24    00000064     led_display.o (.text.led_display_ErrorDisplay)
                  00015b88    00000064     ti_sysbios_config.o (.text.ti_sysbios_gates_GateMutexPri_leave)
                  00015bec    00000064     ti_sysbios_config.o (.text.ti_sysbios_knl_Idle_init)
                  00015c50    00000064     ti_sysbios_config.o (.text.ti_sysbios_knl_TaskSupport_buildTaskStack)
                  00015cb4    00000064     veml6030.o (.text.veml6030_init)
                  00015d18    00000064     OneLib.a : gapgattserver.o (.text)
                  00015d7c    00000064              : gattservapp.o (.text)
                  00015de0    00000064              : gattservapp.o (.text)
                  00015e44    00000064              : ll_common.o (.text)
                  00015ea8    00000064              : ll_isr.o (.text)
                  00015f0c    00000064              : ll_scheduler.o (.text)
                  00015f70    00000062     rf_multiMode_cc26x2.a : RFCC26X2_multiMode.c.cc26x2.ticlang.o (.text.RF_syncCb)
                  00015fd2    00000002     rom_init.o (.text.MAP_llMaster_TaskEnd)
                  00015fd4    00000062     libclang_rt.builtins.a : aeabi_dcmp.S.obj (.text.__aeabi_dcmp)
                  00016036    00000002     rom_init.o (.text.MAP_llPeriodicAdv_PostProcess)
                  00016038    00000060     ALS_control.o (.text.ALS_control_init)
                  00016098    00000060     drivers_cc26x2x7.a : CryptoResourceCC26XX.c.obj (.text.CryptoResourceCC26XX_constructRTOSObjects)
                  000160f8    00000060     nvocmp.o (.text.NVOCMP_checkItem)
                  00016158    00000060     nvocmp.o (.text.NVOCMP_verifyCRC)
                  000161b8    00000060     drivers_cc26x2x7.a : PKAResourceCC26XX.c.obj (.text.PKAResourceCC26XX_constructRTOSObjects)
                  00016218    00000060     rf_multiMode_cc26x2.a : rf_patch_mce_bt5.c.cc26x2.ticlang.o (.text.rf_patch_mce_bt5)
                  00016278    00000060     osal_icall_ble.o (.text.stack_main)
                  000162d8    00000060     ti_sysbios_config.o (.text.ti_sysbios_knl_Clock_walkQueueDynamic)
                  00016338    00000060     ti_sysbios_config.o (.text.ti_sysbios_knl_Semaphore_post)
                  00016398    00000060     ti_sysbios_config.o (.text.ti_sysbios_knl_Swi_schedule)
                  000163f8    00000060     OneLib.a : ll_common.o (.text)
                  00016458    00000060              : sm_pairing.o (.text)
                  000164b8    00000060     StackWrapper.a : gapbondmgr.o (.text)
                  00016518    00000060                    : osal_timers.o (.text)
                  00016578    0000005e     rf_multiMode_cc26x2.a : rfc.c.cc26x2.ticlang.o (.text.NOROM_RFCAnaDivTxOverride)
                  000165d6    0000005e     OneLib.a : ll_common.o (.text)
                  00016634    0000005c     drivers_cc26x2x7.a : ADCCC26XX.c.obj (.text.ADCCC26XX_open)
                  00016690    0000005c                        : PWMTimerCC26XX.c.obj (.text.PWMTimerCC26XX_setPeriod)
                  000166ec    0000005c                        : TRNGCC26XX.c.obj (.text.TRNGCC26XX_startTrng)
                  00016748    0000005c     UDHAL_GPIO.o (.text.UDHAL_GPIO_params_init)
                  000167a4    0000005c     data_analytics.o (.text.computeEconomy)
                  00016800    0000005c     simple_gatt_profile.o (.text.simpleProfile_ReadAttrCB)
                  0001685c    0000005c     OneLib.a : gap_configmgr.o (.text)
                  000168b8    0000005c              : gap_perilinkmgr.o (.text)
                  00016914    0000005c              : sm_intpairing.o (.text)
                  00016970    0000005c              : sm_rsppairing.o (.text)
                  000169cc    0000005c     StackWrapper.a : gapbondmgr.o (.text)
                  00016a28    0000005a     OneLib.a : hci.o (.text)
                  00016a82    00000002     rom_init.o (.text.MAP_llProcessPeriodicScanRxFIFO)
                  00016a84    00000058     drivers_cc26x2x7.a : ADCCC26XX.c.obj (.text.ADCCC26XX_convertToMicroVolts)
                  00016adc    00000058                        : ECDHCC26X2.c.obj (.text.ECDH_construct)
                  00016b34    00000058     icall.o (.text.HEAPMGR_GETLARGESTFREEBUF)
                  00016b8c    00000058     icall.o (.text.ICall_fetchMsg)
                  00016be4    00000058     icall.o (.text.ICall_registerApp)
                  00016c3c    00000058     led_display.o (.text.IS31FL3236A_Attention)
                  00016c94    00000058     rf_multiMode_cc26x2.a : RFCC26X2_multiMode.c.cc26x2.ticlang.o (.text.RF_applyRfCorePatch)
                  00016cec    00000058     drivers_cc26x2x7.a : TRNGCC26XX.c.obj (.text.TRNG_init)
                  00016d44    00000058     data_analytics.o (.text.computeDistanceTravelled)
                  00016d9c    00000058     sysbios.a : Hwi_asm_switch_gcc.s.obj (.text.ti_sysbios_family_arm_m3_Hwi_initStacks)
                  00016df4    00000058     OneLib.a : gap_scanner.o (.text)
                  00016e4c    00000058              : ll_ae.o (.text)
                  00016ea4    00000058              : ll_common.o (.text)
                  00016efc    00000058              : ll_enc.o (.text)
                  00016f54    00000058              : ll_isr.o (.text)
                  00016fac    00000058     StackWrapper.a : sm_ecc.o (.text)
                  00017004    00000056     drivers_cc26x2x7.a : StructRingBuf.c.obj (.text.StructRingBuf_put)
                  0001705a    00000056     StackWrapper.a : gapbondmgr.o (.text)
                  000170b0    00000054     drivers_cc26x2x7.a : AESCCMCC26XX.c.obj (.text.AESCCM_construct)
                  00017104    00000054                        : GPTimerCC26XX.c.obj (.text.GPTimerCC26XX_stop)
                  00017158    00000054                        : I2CCC26XX.c.obj (.text.I2CCC26XX_initHw)
                  000171ac    00000054     led_display.o (.text.IS31FL3236A_Auto_Mode_pin)
                  00017200    00000054     led_display.o (.text.IS31FL3236A_Bluetooth_LED)
                  00017254    00000054     led_display.o (.text.IS31FL3236A_Digit_2_PIN_13)
                  000172a8    00000054     led_display.o (.text.IS31FL3236A_Light_On)
                  000172fc    00000054     nvocmp.o (.text.NVOCMP_compactNvApi)
                  00017350    00000054     nvocmp.o (.text.NVOCMP_getDstPage)
                  000173a4    00000054     rf_multiMode_cc26x2.a : RFCC26X2_multiMode.c.cc26x2.ticlang.o (.text.RF_getCurrentTime)
                  000173f8    00000054     UDHAL_ADC.o (.text.UDHAL_ADC_Convert)
                  0001744c    00000054     util.o (.text.Util_constructClock)
                  000174a0    00000054     OneLib.a : gattservapp.o (.text)
                  000174f4    00000054              : hci_event.o (.text)
                  00017548    00000054              : linkdb.o (.text)
                  0001759c    00000054              : ll.o (.text)
                  000175f0    00000054              : ll_ae.o (.text)
                  00017644    00000054              : ll_ae.o (.text)
                  00017698    00000054              : ll_ae.o (.text)
                  000176ec    00000054              : ll_common.o (.text)
                  00017740    00000050     ti_drivers_config.o (.text.Board_shutDownExtFlash)
                  00017790    00000050     drivers_cc26x2x7.a : GPTimerCC26XX.c.obj (.text.GPTimerCC26XX_start)
                  000177e0    00000050     icall.o (.text.ICall_newTask)
                  00017830    00000050     led_display.o (.text.IS31FL3236A_1_Bar)
                  00017880    00000050     led_display.o (.text.IS31FL3236A_2_Bar)
                  000178d0    00000050     led_display.o (.text.IS31FL3236A_3_Bar)
                  00017920    00000050     led_display.o (.text.IS31FL3236A_4_Bar)
                  00017970    00000050     led_display.o (.text.IS31FL3236A_5_Bar)
                  000179c0    00000050     led_display.o (.text.IS31FL3236A_Amble_Mode_pin)
                  00017a10    00000050     led_display.o (.text.IS31FL3236A_Digit_1_PIN_30)
                  00017a60    00000050     led_display.o (.text.IS31FL3236A_Digit_1_PIN_31)
                  00017ab0    00000050     led_display.o (.text.IS31FL3236A_Digit_1_PIN_32)
                  00017b00    00000050     led_display.o (.text.IS31FL3236A_Digit_1_PIN_33)
                  00017b50    00000050     led_display.o (.text.IS31FL3236A_Digit_1_PIN_3)
                  00017ba0    00000050     led_display.o (.text.IS31FL3236A_Digit_1_PIN_44)
                  00017bf0    00000050     led_display.o (.text.IS31FL3236A_Digit_1_PIN_5)
                  00017c40    00000050     led_display.o (.text.IS31FL3236A_Digit_2_PIN_12)
                  00017c90    00000050     led_display.o (.text.IS31FL3236A_Digit_2_PIN_27)
                  00017ce0    00000050     led_display.o (.text.IS31FL3236A_Digit_2_PIN_28)
                  00017d30    00000050     led_display.o (.text.IS31FL3236A_Digit_2_PIN_29)
                  00017d80    00000050     led_display.o (.text.IS31FL3236A_Digit_2_PIN_8)
                  00017dd0    00000050     led_display.o (.text.IS31FL3236A_Digit_2_PIN_9)
                  00017e20    00000050     led_display.o (.text.IS31FL3236A_Leisure_Mode_pin)
                  00017e70    00000050     led_display.o (.text.IS31FL3236A_Sports_Mode_pin)
                  00017ec0    00000050     led_display.o (.text.IS31FL3236A_kmph_pin)
                  00017f10    00000050     led_display.o (.text.IS31FL3236A_mph_pin)
                  00017f60    00000050     nvocmp.o (.text.NVOCMP_loadApiPtrsMin)
                  00017fb0    00000050     rf_multiMode_cc26x2.a : RFCC26X2_multiMode.c.cc26x2.ticlang.o (.text.RF_wakeupNotification)
                  00018000    00000050     simple_gatt_profile.o (.text.SimpleProfile_AddService)
                  00018050    00000050     brake_and_throttle.o (.text.brake_and_throttle_toggleSpeedMode)
                  000180a0    00000050     led_display.o (.text.led_display_changeLightStatus)
                  000180f0    00000050     led_display.o (.text.led_display_changeSpeedMode)
                  00018140    00000050     ti_sysbios_config.o (.text.ti_sysbios_knl_Swi_post)
                  00018190    00000050     ti_sysbios_config.o (.text.ti_sysbios_knl_Swi_runLoop)
                  000181e0    00000050     ti_sysbios_config.o (.text.ti_sysbios_knl_Task_schedule)
                  00018230    00000050     OneLib.a : hci_tl.o (.text)
                  00018280    00000050              : ll_common.o (.text)
                  000182d0    00000050              : ll_enc.o (.text)
                  00018320    00000050              : ll_scheduler.o (.text)
                  00018370    00000050     StackWrapper.a : osal.o (.text)
                  000183c0    00000050                    : osal_clock.o (.text)
                  00018410    0000004e     drivers_cc26x2x7.a : AESECBCC26XX.c.obj (.text.AESECB_startOperation)
                  0001845e    0000004e     ti_drivers_config.o (.text.Board_sendExtFlashByte)
                  000184ac    0000004e     nvocmp.o (.text.NVOCMP_readItem)
                  000184fa    0000004e     StackWrapper.a : gap.o (.text)
                  00018548    0000004c     ti_sysbios_config.o (.text.BIOS_startFunc)
                  00018594    0000004c     nvocmp.o (.text.NVOCMP_setItemInactive)
                  000185e0    0000004c     drivers_cc26x2x7.a : NVSCC26XX.c.obj (.text.NVSCC26XX_init)
                  0001862c    0000004c                        : NVSCC26XX.c.obj (.text.NVSCC26XX_read)
                  00018678    0000004c                        : PWMTimerCC26XX.c.obj (.text.PWMTimerCC26XX_getdutyCounts)
                  000186c4    0000004c     rf_multiMode_cc26x2.a : RFCC26X2_multiMode.c.cc26x2.ticlang.o (.text.RF_fsmXOSCState)
                  00018710    0000004c     drivers_cc26x2x7.a : StructRingBuf.c.obj (.text.StructRingBuf_get)
                  0001875c    0000004c     UDHAL_I2C.o (.text.UDHAL_I2C_transfer)
                  000187a8    0000004c     UDHAL_Timer3.o (.text.UDHAL_TIMER3_init)
                  000187f4    0000004c     rf_multiMode_cc26x2.a : rf_patch_cpe_bt5.c.cc26x2.ticlang.o (.text.configureBt5Patch)
                  00018840    0000004c     led_display.o (.text.led_display_changeUnit)
                  0001888c    0000004c     lights.o (.text.lights_init)
                  000188d8    0000004c     drivers_cc26x2x7.a : PowerCC26X2.c.obj (.text.switchXOSCHF)
                  00018924    0000004c     ti_sysbios_config.o (.text.ti_sysbios_knl_Swi_Instance_init)
                  00018970    0000004c     ti_sysbios_config.o (.text.ti_sysbios_runtime_Startup_exec)
                  000189bc    0000004c     OneLib.a : ble.o (.text)
                  00018a08    0000004c              : ll_common.o (.text)
                  00018a54    0000004c              : ll_scheduler.o (.text)
                  00018aa0    0000004c     StackWrapper.a : gattservapp_util.o (.text)
                  00018aec    00000048     drivers_cc26x2x7.a : CryptoUtils.c.obj (.text.CryptoUtils_reverseCopyPad)
                  00018b34    00000048     rom_init.o (.text.MAP_llInitFeatureSet)
                  00018b7c    00000048     rf_multiMode_cc26x2.a : rfc.c.cc26x2.ticlang.o (.text.NOROM_RFCSynthPowerDown)
                  00018bc4    00000048     drivers_cc26x2x7.a : NVS.c.obj (.text.NVS_open)
                  00018c0c    00000048                        : PWMTimerCC26XX.c.obj (.text.PWMTimerCC26XX_setDuty)
                  00018c54    00000048                        : PowerCC26X2.c.obj (.text.PowerCC26XX_switchXOSC_HF)
                  00018c9c    00000048     simple_peripheral.o (.text.SimplePeripheral_clearConnListEntry)
                  00018ce4    00000048     libclang_rt.builtins.a : fixdfsi.S.obj (.text.__fixdfsi)
                  00018d2c    00000048     ti_sysbios_config.o (.text.ti_sysbios_family_arm_cc26xx_Timer_start)
                  00018d74    00000048     OneLib.a : att_util.o (.text)
[...]
200029af  PKAResourceCC26XX_pollingFlag                                   
200029bd  adc_brake_status                                                
200029be  bleUserCfg_maxPduSize                                           
200029c0  pwmHLPeriod                                                     
200029c4  pwm_headlight                                                   
200029c8  pwm_buzzer                                                      
200029d8  powerOnTimeMinute_t                                             
200029dc  pot_count                                                       
200029e0  powerOnTimeMS                                                   
200029e4  advData1                                                        
200029ef  advData2                                                        
200029fa  MCUDArray                                                       
20002a14  risingEdgeCount                                                 
20002a15  fallingEdgeCount                                                
20002a16  mpb_buzzerStatus                                                
20002a18  buttonEvent                                                     
20002a19  powerOn                                                         
20002a1a  messageid                                                       
20002a1b  switch_check                                                    
20002a24  RFCC26XX_schedulerPolicy                                        
20002a2c  ti_sysbios_gates_GateMutexPri_Module_state                      
20002a34  ti_sysbios_heaps_HeapCallback_Module_state                      
20002a3c  ti_sysbios_knl_Event_state                                      
20002a44  ti_sysbios_knl_Semaphore_Module_state                           
20002a4c  periConnParameters                                              
20002a54  clientCbs                                                       
20002a5c  pRandomAddress                                                  
20002a70  __aeabi_errno                                                   
20002a74  _lock                                                           
20002a78  _unlock                                                         
20002a7c  appAssertCback                                                  
20002a80  icallServiceTblPtr                                              
20002a88  pRfErrCb                                                        
20002a8c  pfnBMAlloc                                                      
20002a90  pfnBMFree                                                       
20002a94  ptrMCUDArray                                                    
20002a98  patchedSlaveCtrlPktList                                         
20002a9c  halAssertCback                                                  
20002aa0  mpb_taskCounter                                                 
20002aa2  disconnectImmedConnId                                           
20002aa4  llUserConfig_maxPduSize                                         
20002aa6  baseTaskID                                                      
20002aa8  adc_convert_status                                              
20002aa9  adc_throttle_status                                             
20002abe  deviceNameCharProps                                             
20002abf  appearanceCharProps                                             
20002ac0  periConnParamCharProps                                          
20002ac1  centAddrResCharProps                                            
20002ac2  centAddrRes                                                     
20002ac3  resolvablePrivateAddressOnlyCharProps                           
20002ac4  GATTServApp_gatt_no_service_changed                             
20002ac6  qosDefaultPriorityConnParameter                                 
20002ac7  extScanChanMap                                                  
20002ac8  sizeOfAllExtConnParam                                           
20002ac9  rfRatHandle                                                     
20002aca  smAllowDebugKeysMode                                            
20002acb  gapEndAppTaskID                                                 
20002acc  gapAppTaskID                                                    
20002acd  legacyMode                                                      
20002ad0  gptTaskStack                                                    
20002ed0  spTaskStack                                                     
200032d0  ti_sysbios_knl_Idle_taskStack                                   
20003890  mpbTaskStack                                                    
20003a30  potTaskStack                                                    
20003b98  i2cCC26xxObjects                                                
20003cd8  rfObject                                                        
20003dd8  ti_sysbios_family_arm_m3_Hwi_dispatchTable                      
20003f70  aesctrdrbgXXObjects                                             
20004014  gptimerCC26XXObjects                                            
200040ac  trngCC26XXObjects                                               
200041b0  gpioCallbackFunctions                                           
2000422c  gpioUserArgs                                                    
200042a8  cbTimers                                                        
20004388  ti_sysbios_knl_ClockSupport_timerStruct                         
200043e8  gptTask                                                         
20004440  mpbTask                                                         
20004498  potTask                                                         
200044f0  spTask                                                          
20004548  ti_sysbios_knl_Idle_taskStruct                                  
200045f0  CryptoResourceCC26XX_accessSemaphore                            
20004640  CryptoResourceCC26XX_operationSemaphore                         
20004690  PKAResourceCC26XX_accessSemaphore                               
200046e0  PKAResourceCC26XX_operationSemaphore                            
20004800  pwmTimerCC26XXObjects                                           
2000487c  nvFptrs                                                         
200048b8  ti_sysbios_knl_Swi_readyQs                                      
200048e8  ti_sysbios_knl_Task_readyQs                                     
20004918  NVOCMP_nvHandle                                                 
20004948  aesecbCC26XXObjects                                             
20004994  llCteSamples                                                    
200049b8  req                                                             
200049d8  gapBond_remoteOobData                                           
200049f8  gapBond_localOobData                                            
20004a18  ecdhCC26X2Objects                                               
20004a38  ti_sysbios_runtime_System_atexitHandlers                        
20004a74  BIOS_heapCallbackObject                                         
20004a90  BIOS_rtsGate                                                    
20004aac  CryptoResourceCC26XX_hwi                                        
20004ac8  PKAResourceCC26XX_hwi                                           
20004ae4  deviceName                                                      
20004afc  aesccmCC26XXObjects                                             
20004b14  params_buzzer                                                   
20004b2c  params_headlight                                                
20004b58  ti_sysbios_hal_Seconds_Module_state                             
20004b6c  i2cParams                                                       
20004b7c  llCteTest                                                       
20004b88  cteAntennaProp                                                  
20004b94  llTaskList                                                      
20004ba8  defaultChannelMap                                               
20004bb0  secondaryAdvChannelMap                                          
20004bb8  llRfCmdPreemption                                               
20004bc8  params_brake                                                    
20004bd0  params_throttle                                                 
20004bd8  throttleADCValues                                               
20004bde  throttleADC_movingAvg                                           
20004bf8  ggs_AppCBs                                                      
20004bfc  pClientSecCBs                                                   
20004c04  linkDBExtra                                                     
20004c08  BDAddrPerConnHandle                                             
20004c0c  llCte                                                           
20004c10  llConnExtParam                                                  
20004c14  extStackSettings                                                
20004c18  rfMode                                                          
20004c1c  trngHandle                                                      
20004c20  pNextAdvSet                                                     
20004c24  llCurrentMappedChan                                             
20004c28  drbgHandle                                                      
20004c2c  pRpaCfg                                                         
20004c30  pRXWindowTask                                                   
20004c34  gapBond_lruBondList                                             
20004c38  gapBondStateNodeHead                                            
20004c3c  osal_syncHandle                                                 
20004c40  osal_icallMsg_hook                                              
20004c44  osal_qHead                                                      
20004c48  osal_max_msecs                                                  
20004c4c  osal_tickperiod                                                 
20004c50  osal_eventloop_hook                                             
20004c54  bm_preReleaseBuffCB                                             
20004c60  OSAL_timeSeconds                                                
20004c64  timerHead                                                       
20004c6c  osal_last_timestamp                                             
20004c70  HEAPMGR_SIZE                                                    
20004c74  PowerCC26XX_swiKey                                              
20004c78  PowerCC26XX_taskKey                                             
20004c7c  adcCC26xxObjects                                                
20004c80  adcValues                                                       
20004c84  adc_brake                                                       
20004c88  adc_throttle                                                    
20004c8c  co2Saved_g                                                      
20004c90  deltaMileage_dm                                                 
20004c94  deltaPowerConsumption_mWh                                       
20004c98  logicLevel                                                      
20004c9c  mpb_timerManager                                                
20004ca0  ptrReadBuffer                                                   
20004ca4  ptr_MCUDArray                                                   
20004ca8  ptr_adcValues                                                   
20004cac  ptr_da_UDBuffer                                                 
20004cb0  ptr_da_snvBuffer                                                
20004cb4  pwmBUZduty                                                      
20004cb8  pwmHLduty                                                       
20004cbc  resolution                                                      
20004cc0  sumDeltaMileage_dm                                              
20004cc4  sumDeltaPowerConsumed_mWh                                       
20004cc8  tasksEvents                                                     
20004ccc  ti_sysbios_family_arm_cc26xx_TimestampProvider_Module_state     
20004cd0  ti_sysbios_knl_Task_defaultStackHeap                            
20004cd4  timerPeriod                                                     
20004cd8  totalMileage0_dm                                                
20004cdc  totalMileagePrev_dm                                             
20004ce0  totalPowerConsumed0_mWh                                         
20004ce4  totalPowerConsumedPrev_mWh                                      
20004ce8  writeBuffer                                                     
20004cec  appearance                                                      
20004cee  maximumPduSize                                                  
20004cf2  pwrmgr_attribute                                                
20004cf4  Hightreshold                                                    
20004cf6  IQValue                                                         
20004cf8  Lowtreshold                                                     
20004cfa  RPM_temp                                                        
20004cfc  STM32MCP_batteryCurrent                                         
20004cfe  STM32MCP_batteryVoltage                                         
20004d00  STM32MCP_rpm                                                    
20004d02  brakePercent                                                    
20004d04  rawSpeed_100kph                                                 
20004d06  readBuffer                                                      
20004d08  throttlePercent                                                 
20004d0a  scanResToDiscard                                                
20004d0b  resolvablePrivateAddressOnly                                    
20004d0c  GATTServApp_att_delayed_req                                     
20004d0d  hciTaskID                                                       
20004d0e  hciL2capTaskID                                                  
20004d0f  hciGapTaskID                                                    
20004d10  hciSmpTaskID                                                    
20004d11  hciTestTaskID                                                   
20004d12  hciVsEvtMask                                                    
20004d13  scanReqRpt                                                      
20004d14  secondaryAdvChannelMapPopCount                                  
20004d15  qosDefaultPriorityAdvParameter                                  
20004d16  maxNumCteDataBufs                                               
20004d17  numActiveAdvSets                                                
20004d18  wlSize                                                          
20004d19  rlSize                                                          
20004d1a  decryptResult                                                   
20004d1b  llUnhandleNextIntFlag                                           
20004d1c  smAuthenPairingOnlyMode                                         
20004d1d  icall_liteTaskId                                                
20004d1e  gapBond_removeLRUBond                                           
20004d1f  gapBond_syncRL                                                  
20004d20  assertSubcause                                                  
20004d21  osal_entity                                                     
20004d22  pwrmgr_initialized                                              
20004d23  BLE_flash_status                                                
20004d24  NVOCMP_size                                                     
20004d25  STM32MCP_heatSinkTemp                                           
20004d26  STM32MCP_motorTemp                                              
20004d27  UDHAL_i2cOpenStatus                                             
20004d28  battery_bar1_status                                             
20004d29  dashSpeed                                                       
20004d2a  data_analytics_mpbBuzzerCode                                    
20004d2b  gAction                                                         
20004d2c  ledBLESelect_old                                                
20004d2d  ledBatteryStatus                                                
20004d2e  ledBatteryStatus_old                                            
20004d2f  ledBrightness                                                   
20004d30  ledBrightness_old                                               
20004d31  ledLightMode                                                    
20004d32  ledLightMode_old                                                
20004d33  ledLightStatus                                                  
20004d34  ledLightStatus_old                                              
20004d35  ledPower_old                                                    
20004d36  ledSetpower                                                     
20004d37  ledSpeed                                                        
20004d38  ledSpeedMode                                                    
20004d39  ledSpeedModeSelect_old                                          
20004d3a  ledSpeed_old                                                    
20004d3b  ledUnitSelectDash                                               
20004d3c  ledUnitSelect_old                                               
20004d3d  led_display_i2cTransferStatus                                   
20004d3e  led_error_code_old                                              
20004d3f  led_error_priority                                              
20004d40  light_mode                                                      
20004d41  light_mode_Index                                                
20004d42  light_mode_init                                                 
20004d43  mpb_dashunit                                                    
20004d44  mpb_lightmode                                                   
20004d45  mpb_speedmode                                                   
20004d46  nvsCC26XXObjects                                                
20004d47  sp_i2cOpenStatus                                                
20004d48  speed_mode_init                                                 
20004d49  veml6030_i2cTransferStatus                                      
20004e00  ti_sysbios_family_arm_m3_Hwi_ramVectors                         
20004ed8  heapStart                                                       
20023c00  __stack                                                         
20023c00  heapEnd                                                         
20024000  __STACK_END                                                     
20024000  __STACK_TOP                                                     
20024000  __UNUSED_SRAM_end__                                             
ffffffff  __TI_pprof_out_hndl                                             
ffffffff  __TI_prof_data_size                                             
ffffffff  __TI_prof_data_start                                            
ffffffff  __binit__                                                       
ffffffff  binit                                                           
UNDEFED   ITM_flush                                                       
UNDEFED   ITM_restore                                                     
UNDEFED   __c_args__                                                      
UNDEFED   __mpu_init                                                      

[3025 symbols]
